[2026-07-27T09:32:24.973+0000] {taskinstance.py:1159} INFO - Dependencies all met for dep_context=non-requeueable deps ti=<TaskInstance: pipeline_ingestion_suivi.execution_pipeline_etl scheduled__2026-07-27T08:00:00+00:00 [queued]>
[2026-07-27T09:32:24.985+0000] {taskinstance.py:1159} INFO - Dependencies all met for dep_context=requeueable deps ti=<TaskInstance: pipeline_ingestion_suivi.execution_pipeline_etl scheduled__2026-07-27T08:00:00+00:00 [queued]>
[2026-07-27T09:32:24.986+0000] {taskinstance.py:1361} INFO - Starting attempt 1 of 2
[2026-07-27T09:32:25.006+0000] {taskinstance.py:1382} INFO - Executing <Task(DockerOperator): execution_pipeline_etl> on 2026-07-27 08:00:00+00:00
[2026-07-27T09:32:25.012+0000] {standard_task_runner.py:57} INFO - Started process 175 to run task
[2026-07-27T09:32:25.025+0000] {standard_task_runner.py:84} INFO - Running: ['airflow', 'tasks', 'run', 'pipeline_ingestion_suivi', 'execution_pipeline_etl', 'scheduled__2026-07-27T08:00:00+00:00', '--job-id', '261', '--raw', '--subdir', 'DAGS_FOLDER/dag_suivi.py', '--cfg-path', '/tmp/tmp81c4v9ua']
[2026-07-27T09:32:25.040+0000] {standard_task_runner.py:85} INFO - Job 261: Subtask execution_pipeline_etl
[2026-07-27T09:32:25.143+0000] {task_command.py:416} INFO - Running <TaskInstance: pipeline_ingestion_suivi.execution_pipeline_etl scheduled__2026-07-27T08:00:00+00:00 [running]> on host 9fd56afc1099
[2026-07-27T09:32:25.324+0000] {taskinstance.py:1662} INFO - Exporting env vars: AIRFLOW_CTX_DAG_OWNER='falilou_mfd' AIRFLOW_CTX_DAG_ID='pipeline_ingestion_suivi' AIRFLOW_CTX_TASK_ID='execution_pipeline_etl' AIRFLOW_CTX_EXECUTION_DATE='2026-07-27T08:00:00+00:00' AIRFLOW_CTX_TRY_NUMBER='1' AIRFLOW_CTX_DAG_RUN_ID='scheduled__2026-07-27T08:00:00+00:00'
[2026-07-27T09:32:25.416+0000] {docker.py:337} INFO - Starting docker container from image suivi_data_processor:v1
[2026-07-27T09:32:28.313+0000] {docker.py:406} INFO - 🌍 Début de l'extraction pour le site : Dakar Plateau (dkp)
  📥 Extraction de Cadastre depuis [cadastre_dkp_db]...
[2026-07-27T09:32:31.232+0000] {docker.py:406} INFO - 🔎 DEBUG [cadastre_dkp_db] Entrées liées à une sortie (output_id) après dedup : 0
  📥 Extraction de Domaines depuis [domaines_dkp_db]...
[2026-07-27T09:32:32.219+0000] {docker.py:406} INFO - 🔎 DEBUG [domaines_dkp_db] Entrées liées à une sortie (output_id) après dedup : 0
  📥 Extraction de Conservation depuis [conservation_dkp_db]...
[2026-07-27T09:32:36.328+0000] {docker.py:406} INFO - 🔎 DEBUG [conservation_dkp_db] Entrées liées à une sortie (output_id) après dedup : 0

🌍 Début de l'extraction pour le site : Ngor-Almadies (nga)
  📥 Extraction de Cadastre depuis [cadastre_nga_db]...
[2026-07-27T09:32:39.372+0000] {docker.py:406} INFO - 🔎 DEBUG [cadastre_nga_db] Entrées liées à une sortie (output_id) après dedup : 0
  📥 Extraction de Domaines depuis [domaines_nga_db]...
[2026-07-27T09:32:41.193+0000] {docker.py:406} INFO - 🔎 DEBUG [domaines_nga_db] Entrées liées à une sortie (output_id) après dedup : 0
  📥 Extraction de Conservation depuis [conservation_nga_db]...
[2026-07-27T09:32:42.683+0000] {docker.py:406} INFO - 🔎 DEBUG [conservation_nga_db] Entrées liées à une sortie (output_id) après dedup : 0

🌍 Début de l'extraction pour le site : Mbour (mb)
  📥 Extraction de Cadastre depuis [cadastre_mb_db]...
[2026-07-27T09:32:43.935+0000] {docker.py:406} INFO - 🔎 DEBUG [cadastre_mb_db] Entrées liées à une sortie (output_id) après dedup : 0
  📥 Extraction de Domaines depuis [domaines_mb_db]...
[2026-07-27T09:32:43.989+0000] {docker.py:406} INFO - 🔎 DEBUG [domaines_mb_db] Entrées liées à une sortie (output_id) après dedup : 0
  📥 Extraction de Conservation depuis [conservation_mb_db]...
[2026-07-27T09:32:44.713+0000] {docker.py:406} INFO - 🔎 DEBUG [conservation_mb_db] Entrées liées à une sortie (output_id) après dedup : 0
[2026-07-27T09:32:44.721+0000] {docker.py:406} INFO - /app/main.py:1777: FutureWarning: The behavior of DataFrame concatenation with empty or all-NA entries is deprecated. In a future version, this will no longer exclude empty or all-NA columns when determining the result dtypes. To retain the old behavior, exclude the relevant entries before the concat operation.
  df_total = pd.concat(all_dataframes, ignore_index=True)
[2026-07-27T09:32:44.738+0000] {docker.py:406} INFO - /app/main.py:1777: FutureWarning: The behavior of DataFrame concatenation with empty or all-NA entries is deprecated. In a future version, this will no longer exclude empty or all-NA columns when determining the result dtypes. To retain the old behavior, exclude the relevant entries before the concat operation.
  df_total = pd.concat(all_dataframes, ignore_index=True)
[2026-07-27T09:32:44.740+0000] {docker.py:406} INFO - /app/main.py:1777: FutureWarning: The behavior of DataFrame concatenation with empty or all-NA entries is deprecated. In a future version, this will no longer exclude empty or all-NA columns when determining the result dtypes. To retain the old behavior, exclude the relevant entries before the concat operation.
  df_total = pd.concat(all_dataframes, ignore_index=True)
[2026-07-27T09:32:44.742+0000] {docker.py:406} INFO - /app/main.py:1777: FutureWarning: The behavior of DataFrame concatenation with empty or all-NA entries is deprecated. In a future version, this will no longer exclude empty or all-NA columns when determining the result dtypes. To retain the old behavior, exclude the relevant entries before the concat operation.
  df_total = pd.concat(all_dataframes, ignore_index=True)
[2026-07-27T09:32:44.766+0000] {docker.py:406} INFO - 🔎 DEBUG df_total juste après concat : 0 Entrées avec output_id
[2026-07-27T09:32:44.840+0000] {docker.py:406} INFO - 🔎 DEBUG après to_datetime : sortie_record_date non-null=25072, registration_date non-null=70128
[2026-07-27T09:32:49.593+0000] {docker.py:406} INFO - 🔎 DEBUG duree_numerisation_h non-null au final : 0
[2026-07-27T09:32:49.620+0000] {docker.py:406} INFO - 🚀 Initialisation de la base DuckDB à l'emplacement : /app/duckdb_store/analytics.duckdb
[2026-07-27T09:32:51.167+0000] {docker.py:406} INFO - 🔓 Permissions ajustées (666) sur /app/duckdb_store/analytics.duckdb pour Reflex.
✅ Data Warehouse DuckDB mis à jour avec succès !
📊 Total des dossiers consolidés : 70128

📍 Répartition par site :
[2026-07-27T09:32:51.174+0000] {docker.py:406} INFO - csf_geographique  count_star()
0            Mbour          8405
1    Dakar Plateau         33404
2    Ngor-Almadies         28319

📍 Répartition par type (Entrée/Sortie) :
[2026-07-27T09:32:51.179+0000] {docker.py:406} INFO - vrai_type  count_star()
0    Sortie         28572
1    Entrèe         41556

📍 Anomalies chronologiques :
[2026-07-27T09:32:51.185+0000] {docker.py:406} INFO - anomalie_chronologie  count_star()
0                 False         70128
[2026-07-27T09:32:52.165+0000] {taskinstance.py:1400} INFO - Marking task as SUCCESS. dag_id=pipeline_ingestion_suivi, task_id=execution_pipeline_etl, execution_date=20260727T080000, start_date=20260727T093224, end_date=20260727T093252
[2026-07-27T09:32:52.228+0000] {local_task_job_runner.py:228} INFO - Task exited with return code 0
[2026-07-27T09:32:52.275+0000] {taskinstance.py:2778} INFO - 0 downstream tasks scheduled from follow-on schedule check
