[2026-07-22T01:46:00.081+0000] {taskinstance.py:1159} INFO - Dependencies all met for dep_context=non-requeueable deps ti=<TaskInstance: pipeline_ingestion_suivi.execution_pipeline_etl scheduled__2026-07-22T00:00:00+00:00 [queued]>
[2026-07-22T01:46:00.139+0000] {taskinstance.py:1159} INFO - Dependencies all met for dep_context=requeueable deps ti=<TaskInstance: pipeline_ingestion_suivi.execution_pipeline_etl scheduled__2026-07-22T00:00:00+00:00 [queued]>
[2026-07-22T01:46:00.150+0000] {taskinstance.py:1361} INFO - Starting attempt 1 of 2
[2026-07-22T01:46:00.242+0000] {taskinstance.py:1382} INFO - Executing <Task(DockerOperator): execution_pipeline_etl> on 2026-07-22 00:00:00+00:00
[2026-07-22T01:46:00.287+0000] {standard_task_runner.py:57} INFO - Started process 4216 to run task
[2026-07-22T01:46:00.339+0000] {standard_task_runner.py:84} INFO - Running: ['airflow', 'tasks', 'run', 'pipeline_ingestion_suivi', 'execution_pipeline_etl', 'scheduled__2026-07-22T00:00:00+00:00', '--job-id', '230', '--raw', '--subdir', 'DAGS_FOLDER/dag_suivi.py', '--cfg-path', '/tmp/tmpy2yu9sow']
[2026-07-22T01:46:00.367+0000] {standard_task_runner.py:85} INFO - Job 230: Subtask execution_pipeline_etl
[2026-07-22T01:46:00.809+0000] {task_command.py:416} INFO - Running <TaskInstance: pipeline_ingestion_suivi.execution_pipeline_etl scheduled__2026-07-22T00:00:00+00:00 [running]> on host 3b96be62307d
[2026-07-22T01:46:01.404+0000] {taskinstance.py:1662} INFO - Exporting env vars: AIRFLOW_CTX_DAG_OWNER='falilou_mfd' AIRFLOW_CTX_DAG_ID='pipeline_ingestion_suivi' AIRFLOW_CTX_TASK_ID='execution_pipeline_etl' AIRFLOW_CTX_EXECUTION_DATE='2026-07-22T00:00:00+00:00' AIRFLOW_CTX_TRY_NUMBER='1' AIRFLOW_CTX_DAG_RUN_ID='scheduled__2026-07-22T00:00:00+00:00'
[2026-07-22T01:46:01.812+0000] {docker.py:337} INFO - Starting docker container from image suivi_data_processor:v1
[2026-07-22T08:50:28.417+0000] {docker.py:406} INFO - 🌍 Début de l'extraction pour le site : Dakar Plateau (dkp)
  📥 Extraction de Cadastre depuis [cadastre_dkp_db]...
[2026-07-22T08:50:34.246+0000] {local_task_job_runner.py:294} WARNING - State of this instance has been externally set to up_for_retry. Terminating instance.
[2026-07-22T08:50:34.334+0000] {process_utils.py:131} INFO - Sending 15 to group 4216. PIDs of all processes in the group: [4216]
[2026-07-22T08:50:34.355+0000] {process_utils.py:86} INFO - Sending the signal 15 to group 4216
[2026-07-22T08:50:34.384+0000] {taskinstance.py:1632} ERROR - Received SIGTERM. Terminating subprocesses.
[2026-07-22T08:50:34.397+0000] {docker.py:498} INFO - Stopping docker container
[2026-07-22T08:50:37.776+0000] {taskinstance.py:1937} ERROR - Task failed with exception
Traceback (most recent call last):
  File "/home/airflow/.local/lib/python3.10/site-packages/airflow/providers/docker/operators/docker.py", line 479, in execute
    return self._run_image()
  File "/home/airflow/.local/lib/python3.10/site-packages/airflow/providers/docker/operators/docker.py", line 354, in _run_image
    return self._run_image_with_mounts(self.mounts, add_tmp_variable=False)
  File "/home/airflow/.local/lib/python3.10/site-packages/airflow/providers/docker/operators/docker.py", line 403, in _run_image_with_mounts
    for log_chunk in logstream:
  File "/home/airflow/.local/lib/python3.10/site-packages/docker/types/daemon.py", line 29, in __next__
    return next(self._stream)
  File "/home/airflow/.local/lib/python3.10/site-packages/docker/api/client.py", line 422, in <genexpr>
    gen = (data for (_, data) in gen)
  File "/home/airflow/.local/lib/python3.10/site-packages/docker/utils/socket.py", line 112, in frames_iter_no_tty
    (stream, n) = next_frame_header(socket)
  File "/home/airflow/.local/lib/python3.10/site-packages/docker/utils/socket.py", line 84, in next_frame_header
    data = read_exactly(socket, 8)
  File "/home/airflow/.local/lib/python3.10/site-packages/docker/utils/socket.py", line 69, in read_exactly
    next_data = read(socket, n - len(data))
  File "/home/airflow/.local/lib/python3.10/site-packages/docker/utils/socket.py", line 40, in read
    poll.poll()
  File "/home/airflow/.local/lib/python3.10/site-packages/airflow/models/taskinstance.py", line 1634, in signal_handler
    raise AirflowException("Task received SIGTERM signal")
airflow.exceptions.AirflowException: Task received SIGTERM signal
[2026-07-22T08:50:37.795+0000] {taskinstance.py:1400} INFO - Marking task as FAILED. dag_id=pipeline_ingestion_suivi, task_id=execution_pipeline_etl, execution_date=20260722T000000, start_date=20260722T014600, end_date=20260722T085037
[2026-07-22T08:50:37.851+0000] {standard_task_runner.py:104} ERROR - Failed to execute job 230 for task execution_pipeline_etl (Task received SIGTERM signal; 4216)
[2026-07-22T08:50:37.926+0000] {process_utils.py:79} INFO - Process psutil.Process(pid=4216, status='terminated', exitcode=1, started='01:46:00') (4216) terminated with exit code 1
