[2026-07-06T09:16:14.977+0000] {taskinstance.py:1159} INFO - Dependencies all met for dep_context=non-requeueable deps ti=<TaskInstance: pipeline_ingestion_suivi.execution_pipeline_etl manual__2026-07-06T09:16:13.950455+00:00 [queued]>
[2026-07-06T09:16:14.984+0000] {taskinstance.py:1159} INFO - Dependencies all met for dep_context=requeueable deps ti=<TaskInstance: pipeline_ingestion_suivi.execution_pipeline_etl manual__2026-07-06T09:16:13.950455+00:00 [queued]>
[2026-07-06T09:16:14.984+0000] {taskinstance.py:1361} INFO - Starting attempt 1 of 2
[2026-07-06T09:16:14.996+0000] {taskinstance.py:1382} INFO - Executing <Task(DockerOperator): execution_pipeline_etl> on 2026-07-06 09:16:13.950455+00:00
[2026-07-06T09:16:15.003+0000] {standard_task_runner.py:57} INFO - Started process 1207 to run task
[2026-07-06T09:16:15.006+0000] {standard_task_runner.py:84} INFO - Running: ['airflow', 'tasks', 'run', 'pipeline_ingestion_suivi', 'execution_pipeline_etl', 'manual__2026-07-06T09:16:13.950455+00:00', '--job-id', '18', '--raw', '--subdir', 'DAGS_FOLDER/dag_suivi.py', '--cfg-path', '/tmp/tmp3m4lls4e']
[2026-07-06T09:16:15.010+0000] {standard_task_runner.py:85} INFO - Job 18: Subtask execution_pipeline_etl
[2026-07-06T09:16:15.071+0000] {task_command.py:416} INFO - Running <TaskInstance: pipeline_ingestion_suivi.execution_pipeline_etl manual__2026-07-06T09:16:13.950455+00:00 [running]> on host 6e0a98784e3f
[2026-07-06T09:16:15.160+0000] {taskinstance.py:1662} INFO - Exporting env vars: AIRFLOW_CTX_DAG_OWNER='falilou_mfd' AIRFLOW_CTX_DAG_ID='pipeline_ingestion_suivi' AIRFLOW_CTX_TASK_ID='execution_pipeline_etl' AIRFLOW_CTX_EXECUTION_DATE='2026-07-06T09:16:13.950455+00:00' AIRFLOW_CTX_TRY_NUMBER='1' AIRFLOW_CTX_DAG_RUN_ID='manual__2026-07-06T09:16:13.950455+00:00'
[2026-07-06T09:16:15.207+0000] {docker.py:337} INFO - Starting docker container from image suivi_data_processor:v1
[2026-07-06T09:16:16.126+0000] {docker.py:406} INFO - 🌍 Début de l'extraction pour le site : Dakar Plateau (dkp)
  📥 Extraction de Cadastre depuis [cadastre_dkp_db]...
[2026-07-06T09:16:16.919+0000] {docker.py:406} INFO - 📥 Extraction de Domaines depuis [domaines_dkp_db]...
[2026-07-06T09:16:17.159+0000] {docker.py:406} INFO - 📥 Extraction de Conservation depuis [conservation_dkp_db]...
[2026-07-06T09:16:18.090+0000] {docker.py:406} INFO - 🌍 Début de l'extraction pour le site : Ngor-Almadies (nga)
  📥 Extraction de Cadastre depuis [cadastre_nga_db]...
[2026-07-06T09:16:18.716+0000] {docker.py:406} INFO - 📥 Extraction de Domaines depuis [domaines_nga_db]...
[2026-07-06T09:16:19.069+0000] {docker.py:406} INFO - 📥 Extraction de Conservation depuis [conservation_nga_db]...
[2026-07-06T09:16:19.370+0000] {docker.py:406} INFO - 🌍 Début de l'extraction pour le site : Mbour (mb)
  📥 Extraction de Cadastre depuis [cadastre_mb_db]...
[2026-07-06T09:16:19.611+0000] {docker.py:406} INFO - 📥 Extraction de Domaines depuis [domaines_mb_db]...
[2026-07-06T09:16:19.637+0000] {docker.py:406} INFO - 📥 Extraction de Conservation depuis [conservation_mb_db]...
[2026-07-06T09:16:19.810+0000] {docker.py:406} INFO - /app/main.py:116: FutureWarning: The behavior of DataFrame concatenation with empty or all-NA entries is deprecated. In a future version, this will no longer exclude empty or all-NA columns when determining the result dtypes. To retain the old behavior, exclude the relevant entries before the concat operation.
  df_total = pd.concat(all_dataframes, ignore_index=True)
[2026-07-06T09:16:19.813+0000] {docker.py:406} INFO - /app/main.py:116: FutureWarning: The behavior of DataFrame concatenation with empty or all-NA entries is deprecated. In a future version, this will no longer exclude empty or all-NA columns when determining the result dtypes. To retain the old behavior, exclude the relevant entries before the concat operation.
  df_total = pd.concat(all_dataframes, ignore_index=True)
[2026-07-06T09:16:19.813+0000] {docker.py:406} INFO - /app/main.py:116: FutureWarning: The behavior of DataFrame concatenation with empty or all-NA entries is deprecated. In a future version, this will no longer exclude empty or all-NA columns when determining the result dtypes. To retain the old behavior, exclude the relevant entries before the concat operation.
  df_total = pd.concat(all_dataframes, ignore_index=True)
[2026-07-06T09:16:19.843+0000] {docker.py:406} INFO - 🚀 Initialisation de la base DuckDB à l'emplacement : /app/duckdb_store/analytics.duckdb
[2026-07-06T09:16:20.016+0000] {docker.py:406} INFO - ✅ Data Warehouse DuckDB mis à jour avec succès !
📊 Total des dossiers consolidés : 26249
[2026-07-06T09:16:20.019+0000] {docker.py:406} INFO - csf_geographique  count_star()
0    Dakar Plateau         10959
1    Ngor-Almadies         11206
2            Mbour          4084
[2026-07-06T09:16:20.403+0000] {taskinstance.py:1400} INFO - Marking task as SUCCESS. dag_id=pipeline_ingestion_suivi, task_id=execution_pipeline_etl, execution_date=20260706T091613, start_date=20260706T091614, end_date=20260706T091620
[2026-07-06T09:16:20.450+0000] {local_task_job_runner.py:228} INFO - Task exited with return code 0
[2026-07-06T09:16:20.473+0000] {taskinstance.py:2778} INFO - 0 downstream tasks scheduled from follow-on schedule check
