[2026-07-22T17:00:01.505+0000] {taskinstance.py:1159} INFO - Dependencies all met for dep_context=non-requeueable deps ti=<TaskInstance: pipeline_ingestion_suivi.execution_pipeline_etl scheduled__2026-07-22T16:00:00+00:00 [queued]>
[2026-07-22T17:00:01.516+0000] {taskinstance.py:1159} INFO - Dependencies all met for dep_context=requeueable deps ti=<TaskInstance: pipeline_ingestion_suivi.execution_pipeline_etl scheduled__2026-07-22T16:00:00+00:00 [queued]>
[2026-07-22T17:00:01.516+0000] {taskinstance.py:1361} INFO - Starting attempt 1 of 2
[2026-07-22T17:00:01.535+0000] {taskinstance.py:1382} INFO - Executing <Task(DockerOperator): execution_pipeline_etl> on 2026-07-22 16:00:00+00:00
[2026-07-22T17:00:01.543+0000] {standard_task_runner.py:57} INFO - Started process 274 to run task
[2026-07-22T17:00:01.550+0000] {standard_task_runner.py:84} INFO - Running: ['airflow', 'tasks', 'run', 'pipeline_ingestion_suivi', 'execution_pipeline_etl', 'scheduled__2026-07-22T16:00:00+00:00', '--job-id', '247', '--raw', '--subdir', 'DAGS_FOLDER/dag_suivi.py', '--cfg-path', '/tmp/tmplkyrdiz5']
[2026-07-22T17:00:01.555+0000] {standard_task_runner.py:85} INFO - Job 247: Subtask execution_pipeline_etl
[2026-07-22T17:00:01.653+0000] {task_command.py:416} INFO - Running <TaskInstance: pipeline_ingestion_suivi.execution_pipeline_etl scheduled__2026-07-22T16:00:00+00:00 [running]> on host 25ea58b9651c
[2026-07-22T17:00:01.806+0000] {taskinstance.py:1662} INFO - Exporting env vars: AIRFLOW_CTX_DAG_OWNER='falilou_mfd' AIRFLOW_CTX_DAG_ID='pipeline_ingestion_suivi' AIRFLOW_CTX_TASK_ID='execution_pipeline_etl' AIRFLOW_CTX_EXECUTION_DATE='2026-07-22T16:00:00+00:00' AIRFLOW_CTX_TRY_NUMBER='1' AIRFLOW_CTX_DAG_RUN_ID='scheduled__2026-07-22T16:00:00+00:00'
[2026-07-22T17:00:01.915+0000] {docker.py:337} INFO - Starting docker container from image suivi_data_processor:v1
[2026-07-22T17:00:03.534+0000] {docker.py:406} INFO - 🌍 Début de l'extraction pour le site : Dakar Plateau (dkp)
  📥 Extraction de Cadastre depuis [cadastre_dkp_db]...
[2026-07-22T17:00:09.053+0000] {docker.py:406} INFO - 📥 Extraction de Domaines depuis [domaines_dkp_db]...
[2026-07-22T17:00:10.498+0000] {docker.py:406} INFO - 📥 Extraction de Conservation depuis [conservation_dkp_db]...
[2026-07-22T17:00:13.555+0000] {docker.py:406} INFO - 🌍 Début de l'extraction pour le site : Ngor-Almadies (nga)
  📥 Extraction de Cadastre depuis [cadastre_nga_db]...
[2026-07-22T17:00:15.514+0000] {docker.py:406} INFO - 📥 Extraction de Domaines depuis [domaines_nga_db]...
[2026-07-22T17:00:16.727+0000] {docker.py:406} INFO - 📥 Extraction de Conservation depuis [conservation_nga_db]...
[2026-07-22T17:00:17.857+0000] {docker.py:406} INFO - 🌍 Début de l'extraction pour le site : Mbour (mb)
  📥 Extraction de Cadastre depuis [cadastre_mb_db]...
[2026-07-22T17:00:18.808+0000] {docker.py:406} INFO - 📥 Extraction de Domaines depuis [domaines_mb_db]...
[2026-07-22T17:00:18.858+0000] {docker.py:406} INFO - 📥 Extraction de Conservation depuis [conservation_mb_db]...
[2026-07-22T17:00:19.386+0000] {docker.py:406} INFO - /app/main.py:334: FutureWarning: The behavior of DataFrame concatenation with empty or all-NA entries is deprecated. In a future version, this will no longer exclude empty or all-NA columns when determining the result dtypes. To retain the old behavior, exclude the relevant entries before the concat operation.
  df_total = pd.concat(all_dataframes, ignore_index=True)
[2026-07-22T17:00:19.393+0000] {docker.py:406} INFO - /app/main.py:334: FutureWarning: The behavior of DataFrame concatenation with empty or all-NA entries is deprecated. In a future version, this will no longer exclude empty or all-NA columns when determining the result dtypes. To retain the old behavior, exclude the relevant entries before the concat operation.
  df_total = pd.concat(all_dataframes, ignore_index=True)
[2026-07-22T17:00:19.395+0000] {docker.py:406} INFO - /app/main.py:334: FutureWarning: The behavior of DataFrame concatenation with empty or all-NA entries is deprecated. In a future version, this will no longer exclude empty or all-NA columns when determining the result dtypes. To retain the old behavior, exclude the relevant entries before the concat operation.
  df_total = pd.concat(all_dataframes, ignore_index=True)
[2026-07-22T17:00:19.396+0000] {docker.py:406} INFO - /app/main.py:334: FutureWarning: The behavior of DataFrame concatenation with empty or all-NA entries is deprecated. In a future version, this will no longer exclude empty or all-NA columns when determining the result dtypes. To retain the old behavior, exclude the relevant entries before the concat operation.
  df_total = pd.concat(all_dataframes, ignore_index=True)
[2026-07-22T17:00:20.168+0000] {docker.py:406} INFO - 🚀 Initialisation de la base DuckDB à l'emplacement : /app/duckdb_store/analytics.duckdb
[2026-07-22T17:00:20.791+0000] {docker.py:406} INFO - 🔓 Permissions ajustées (666) sur /app/duckdb_store/analytics.duckdb pour Reflex.
✅ Data Warehouse DuckDB mis à jour avec succès !
📊 Total des dossiers consolidés : 26249

📍 Répartition par site :
[2026-07-22T17:00:20.797+0000] {docker.py:406} INFO - csf_geographique  count_star()
0            Mbour          4084
1    Dakar Plateau         10959
2    Ngor-Almadies         11206

📍 Répartition par type (Entrée/Sortie) :
[2026-07-22T17:00:20.800+0000] {docker.py:406} INFO - vrai_type  count_star()
0    Entrèe         22781
1    Sortie          3468

📍 Anomalies chronologiques :
[2026-07-22T17:00:20.806+0000] {docker.py:406} INFO - anomalie_chronologie  count_star()
0                 False         26249
[2026-07-22T17:00:21.425+0000] {taskinstance.py:1400} INFO - Marking task as SUCCESS. dag_id=pipeline_ingestion_suivi, task_id=execution_pipeline_etl, execution_date=20260722T160000, start_date=20260722T170001, end_date=20260722T170021
[2026-07-22T17:00:21.485+0000] {local_task_job_runner.py:228} INFO - Task exited with return code 0
[2026-07-22T17:00:21.541+0000] {taskinstance.py:2778} INFO - 0 downstream tasks scheduled from follow-on schedule check
