[2026-06-29T08:35:22.480+0000] {taskinstance.py:1159} INFO - Dependencies all met for dep_context=non-requeueable deps ti=<TaskInstance: pipeline_ingestion_suivi.execution_pipeline_etl scheduled__2026-06-25T21:00:00+00:00 [queued]>
[2026-06-29T08:35:22.599+0000] {taskinstance.py:1159} INFO - Dependencies all met for dep_context=requeueable deps ti=<TaskInstance: pipeline_ingestion_suivi.execution_pipeline_etl scheduled__2026-06-25T21:00:00+00:00 [queued]>
[2026-06-29T08:35:22.621+0000] {taskinstance.py:1361} INFO - Starting attempt 1 of 2
[2026-06-29T08:35:23.003+0000] {taskinstance.py:1382} INFO - Executing <Task(DockerOperator): execution_pipeline_etl> on 2026-06-25 21:00:00+00:00
[2026-06-29T08:35:23.066+0000] {standard_task_runner.py:57} INFO - Started process 2371 to run task
[2026-06-29T08:35:23.133+0000] {standard_task_runner.py:84} INFO - Running: ['airflow', 'tasks', 'run', 'pipeline_ingestion_suivi', 'execution_pipeline_etl', 'scheduled__2026-06-25T21:00:00+00:00', '--job-id', '51', '--raw', '--subdir', 'DAGS_FOLDER/dag_suivi.py', '--cfg-path', '/tmp/tmpff517xpg']
[2026-06-29T08:35:23.235+0000] {standard_task_runner.py:85} INFO - Job 51: Subtask execution_pipeline_etl
[2026-06-29T08:35:24.213+0000] {task_command.py:416} INFO - Running <TaskInstance: pipeline_ingestion_suivi.execution_pipeline_etl scheduled__2026-06-25T21:00:00+00:00 [running]> on host ae54cf6d4e2f
[2026-06-29T08:35:25.172+0000] {taskinstance.py:1662} INFO - Exporting env vars: AIRFLOW_CTX_DAG_OWNER='falilou_mfd' AIRFLOW_CTX_DAG_ID='pipeline_ingestion_suivi' AIRFLOW_CTX_TASK_ID='execution_pipeline_etl' AIRFLOW_CTX_EXECUTION_DATE='2026-06-25T21:00:00+00:00' AIRFLOW_CTX_TRY_NUMBER='1' AIRFLOW_CTX_DAG_RUN_ID='scheduled__2026-06-25T21:00:00+00:00'
[2026-06-29T08:35:26.128+0000] {docker.py:337} INFO - Starting docker container from image suivi_data_processor:v1
[2026-06-29T08:35:56.083+0000] {docker.py:406} INFO - 📥 Extraction de Cadastre pour Dakar Plateau...
[2026-06-29T08:35:56.139+0000] {docker.py:406} INFO - 
[2026-06-29T08:36:15.183+0000] {docker.py:406} INFO - 📥 Extraction de Domaines pour Dakar Plateau...
[2026-06-29T08:36:15.193+0000] {docker.py:406} INFO - 
[2026-06-29T08:36:18.076+0000] {docker.py:406} INFO - 📥 Extraction de Conservation pour Dakar Plateau...
[2026-06-29T08:36:28.575+0000] {docker.py:406} INFO - 🚀 Initialisation de la base DuckDB à l'emplacement : /app/duckdb_store/analytics.duckdb
⚡ Chargement des données uniques et nettoyées dans DuckDB...
[2026-06-29T08:36:28.672+0000] {docker.py:406} INFO - Traceback (most recent call last):
  File "/app/main.py", line 188, in <module>
[2026-06-29T08:36:28.674+0000] {docker.py:406} INFO - extract_and_transform()
  File "/app/main.py", line 138, in extract_and_transform
[2026-06-29T08:36:28.676+0000] {docker.py:406} INFO - con = duckdb.connect(duckdb_path)
_duckdb.IOException: IO Error: Could not set lock on file "/app/duckdb_store/analytics.duckdb": Conflicting lock is held in PID 0. See also https://duckdb.org/docs/stable/connect/concurrency
[2026-06-29T08:36:30.707+0000] {taskinstance.py:1937} ERROR - Task failed with exception
Traceback (most recent call last):
  File "/home/airflow/.local/lib/python3.10/site-packages/airflow/providers/docker/operators/docker.py", line 479, in execute
    return self._run_image()
  File "/home/airflow/.local/lib/python3.10/site-packages/airflow/providers/docker/operators/docker.py", line 354, in _run_image
    return self._run_image_with_mounts(self.mounts, add_tmp_variable=False)
  File "/home/airflow/.local/lib/python3.10/site-packages/airflow/providers/docker/operators/docker.py", line 414, in _run_image_with_mounts
    raise DockerContainerFailedException(f"Docker container failed: {result!r}", logs=log_lines)
airflow.providers.docker.exceptions.DockerContainerFailedException: Docker container failed: {'StatusCode': 1}
[2026-06-29T08:36:30.740+0000] {taskinstance.py:1400} INFO - Marking task as UP_FOR_RETRY. dag_id=pipeline_ingestion_suivi, task_id=execution_pipeline_etl, execution_date=20260625T210000, start_date=20260629T083522, end_date=20260629T083630
[2026-06-29T08:36:30.826+0000] {standard_task_runner.py:104} ERROR - Failed to execute job 51 for task execution_pipeline_etl (Docker container failed: {'StatusCode': 1}; 2371)
[2026-06-29T08:36:30.918+0000] {local_task_job_runner.py:228} INFO - Task exited with return code 1
[2026-06-29T08:36:31.060+0000] {taskinstance.py:2778} INFO - 0 downstream tasks scheduled from follow-on schedule check
