[2026-08-14T15:35:48.125+0000] {taskinstance.py:1159} INFO - Dependencies all met for dep_context=non-requeueable deps ti=<TaskInstance: pipeline_ingestion_suivi.execution_pipeline_etl scheduled__2026-08-14T14:00:00+00:00 [queued]>
[2026-08-14T15:35:48.166+0000] {taskinstance.py:1159} INFO - Dependencies all met for dep_context=requeueable deps ti=<TaskInstance: pipeline_ingestion_suivi.execution_pipeline_etl scheduled__2026-08-14T14:00:00+00:00 [queued]>
[2026-08-14T15:35:48.169+0000] {taskinstance.py:1361} INFO - Starting attempt 1 of 2
[2026-08-14T15:35:48.302+0000] {taskinstance.py:1382} INFO - Executing <Task(DockerOperator): execution_pipeline_etl> on 2026-08-14 14:00:00+00:00
[2026-08-14T15:35:48.317+0000] {standard_task_runner.py:57} INFO - Started process 1907 to run task
[2026-08-14T15:35:48.322+0000] {standard_task_runner.py:84} INFO - Running: ['airflow', 'tasks', 'run', 'pipeline_ingestion_suivi', 'execution_pipeline_etl', 'scheduled__2026-08-14T14:00:00+00:00', '--job-id', '139', '--raw', '--subdir', 'DAGS_FOLDER/dag_suivi.py', '--cfg-path', '/tmp/tmpyvx__8l0']
[2026-08-14T15:35:48.332+0000] {standard_task_runner.py:85} INFO - Job 139: Subtask execution_pipeline_etl
[2026-08-14T15:35:48.734+0000] {task_command.py:416} INFO - Running <TaskInstance: pipeline_ingestion_suivi.execution_pipeline_etl scheduled__2026-08-14T14:00:00+00:00 [running]> on host 15b17b1b6d9d
[2026-08-14T15:35:49.045+0000] {taskinstance.py:1662} INFO - Exporting env vars: AIRFLOW_CTX_DAG_OWNER='falilou_mfd' AIRFLOW_CTX_DAG_ID='pipeline_ingestion_suivi' AIRFLOW_CTX_TASK_ID='execution_pipeline_etl' AIRFLOW_CTX_EXECUTION_DATE='2026-08-14T14:00:00+00:00' AIRFLOW_CTX_TRY_NUMBER='1' AIRFLOW_CTX_DAG_RUN_ID='scheduled__2026-08-14T14:00:00+00:00'
[2026-08-14T15:35:49.189+0000] {docker.py:337} INFO - Starting docker container from image suivi_data_processor:v1
[2026-08-14T15:35:51.780+0000] {docker.py:406} INFO - 🌍 Début de l'extraction pour le site : Dakar Plateau (dkp)
  📥 Extraction de Cadastre depuis [cadastre_dkp_db]...
[2026-08-14T16:42:54.238+0000] {docker.py:406} INFO - 🔎 DEBUG [cadastre_dkp_db] Entrées liées à une sortie (output_id) après dedup : 0
[2026-08-14T16:42:54.281+0000] {docker.py:406} INFO - 
[2026-08-14T16:42:54.297+0000] {docker.py:406} INFO - 📥 Extraction de Domaines depuis [domaines_dkp_db]...
[2026-08-14T16:42:54.302+0000] {docker.py:406} INFO - 
[2026-08-14T16:42:57.443+0000] {docker.py:406} INFO - 🔎 DEBUG [domaines_dkp_db] Entrées liées à une sortie (output_id) après dedup : 0
  📥 Extraction de Conservation depuis [conservation_dkp_db]...
[2026-08-14T16:43:10.165+0000] {docker.py:406} INFO - 🔎 DEBUG [conservation_dkp_db] Entrées liées à une sortie (output_id) après dedup : 0

🌍 Début de l'extraction pour le site : Ngor-Almadies (nga)
  📥 Extraction de Cadastre depuis [cadastre_nga_db]...
[2026-08-14T16:43:16.876+0000] {docker.py:406} INFO - 🔎 DEBUG [cadastre_nga_db] Entrées liées à une sortie (output_id) après dedup : 0
  📥 Extraction de Domaines depuis [domaines_nga_db]...
[2026-08-14T16:43:19.629+0000] {local_task_job_runner.py:115} ERROR - Received SIGTERM. Terminating subprocesses
[2026-08-14T16:43:19.909+0000] {process_utils.py:131} INFO - Sending 15 to group 1907. PIDs of all processes in the group: [1907]
[2026-08-14T16:43:20.192+0000] {process_utils.py:86} INFO - Sending the signal 15 to group 1907
[2026-08-14T16:43:20.344+0000] {taskinstance.py:1632} ERROR - Received SIGTERM. Terminating subprocesses.
[2026-08-14T16:43:20.387+0000] {docker.py:498} INFO - Stopping docker container
