[2026-07-21T09:23:30.601+0000] {taskinstance.py:1159} INFO - Dependencies all met for dep_context=non-requeueable deps ti=<TaskInstance: pipeline_ingestion_suivi.execution_pipeline_etl scheduled__2026-07-21T08:00:00+00:00 [queued]>
[2026-07-21T09:23:30.652+0000] {taskinstance.py:1159} INFO - Dependencies all met for dep_context=requeueable deps ti=<TaskInstance: pipeline_ingestion_suivi.execution_pipeline_etl scheduled__2026-07-21T08:00:00+00:00 [queued]>
[2026-07-21T09:23:30.716+0000] {taskinstance.py:1361} INFO - Starting attempt 1 of 2
[2026-07-21T09:23:30.928+0000] {taskinstance.py:1382} INFO - Executing <Task(DockerOperator): execution_pipeline_etl> on 2026-07-21 08:00:00+00:00
[2026-07-21T09:23:31.083+0000] {standard_task_runner.py:57} INFO - Started process 197 to run task
[2026-07-21T09:23:31.097+0000] {standard_task_runner.py:84} INFO - Running: ['airflow', 'tasks', 'run', 'pipeline_ingestion_suivi', 'execution_pipeline_etl', 'scheduled__2026-07-21T08:00:00+00:00', '--job-id', '215', '--raw', '--subdir', 'DAGS_FOLDER/dag_suivi.py', '--cfg-path', '/tmp/tmp4dq52a64']
[2026-07-21T09:23:31.189+0000] {standard_task_runner.py:85} INFO - Job 215: Subtask execution_pipeline_etl
[2026-07-21T09:23:31.861+0000] {task_command.py:416} INFO - Running <TaskInstance: pipeline_ingestion_suivi.execution_pipeline_etl scheduled__2026-07-21T08:00:00+00:00 [running]> on host 3b96be62307d
[2026-07-21T09:23:32.696+0000] {taskinstance.py:1662} INFO - Exporting env vars: AIRFLOW_CTX_DAG_OWNER='falilou_mfd' AIRFLOW_CTX_DAG_ID='pipeline_ingestion_suivi' AIRFLOW_CTX_TASK_ID='execution_pipeline_etl' AIRFLOW_CTX_EXECUTION_DATE='2026-07-21T08:00:00+00:00' AIRFLOW_CTX_TRY_NUMBER='1' AIRFLOW_CTX_DAG_RUN_ID='scheduled__2026-07-21T08:00:00+00:00'
[2026-07-21T09:23:34.143+0000] {docker.py:337} INFO - Starting docker container from image suivi_data_processor:v1
[2026-07-21T09:23:48.174+0000] {docker.py:406} INFO - 🌍 Début de l'extraction pour le site : Dakar Plateau (dkp)
  📥 Extraction de Cadastre depuis [cadastre_dkp_db]...
[2026-07-21T09:23:56.420+0000] {docker.py:406} INFO - 📥 Extraction de Domaines depuis [domaines_dkp_db]...
[2026-07-21T09:23:59.579+0000] {docker.py:406} INFO - 📥 Extraction de Conservation depuis [conservation_dkp_db]...
[2026-07-21T09:24:04.161+0000] {docker.py:406} INFO - 🌍 Début de l'extraction pour le site : Ngor-Almadies (nga)
  📥 Extraction de Cadastre depuis [cadastre_nga_db]...
[2026-07-21T09:24:08.094+0000] {docker.py:406} INFO - 📥 Extraction de Domaines depuis [domaines_nga_db]...
[2026-07-21T09:24:09.606+0000] {docker.py:406} INFO - 📥 Extraction de Conservation depuis [conservation_nga_db]...
[2026-07-21T09:24:10.591+0000] {docker.py:406} INFO - 🌍 Début de l'extraction pour le site : Mbour (mb)
  📥 Extraction de Cadastre depuis [cadastre_mb_db]...
[2026-07-21T09:24:11.333+0000] {docker.py:406} INFO - 📥 Extraction de Domaines depuis [domaines_mb_db]...
[2026-07-21T09:24:11.395+0000] {docker.py:406} INFO - 📥 Extraction de Conservation depuis [conservation_mb_db]...
[2026-07-21T09:24:12.102+0000] {docker.py:406} INFO - /app/main.py:116: FutureWarning: The behavior of DataFrame concatenation with empty or all-NA entries is deprecated. In a future version, this will no longer exclude empty or all-NA columns when determining the result dtypes. To retain the old behavior, exclude the relevant entries before the concat operation.
  df_total = pd.concat(all_dataframes, ignore_index=True)
[2026-07-21T09:24:12.113+0000] {docker.py:406} INFO - /app/main.py:116: FutureWarning: The behavior of DataFrame concatenation with empty or all-NA entries is deprecated. In a future version, this will no longer exclude empty or all-NA columns when determining the result dtypes. To retain the old behavior, exclude the relevant entries before the concat operation.
  df_total = pd.concat(all_dataframes, ignore_index=True)
[2026-07-21T09:24:12.115+0000] {docker.py:406} INFO - /app/main.py:116: FutureWarning: The behavior of DataFrame concatenation with empty or all-NA entries is deprecated. In a future version, this will no longer exclude empty or all-NA columns when determining the result dtypes. To retain the old behavior, exclude the relevant entries before the concat operation.
  df_total = pd.concat(all_dataframes, ignore_index=True)
[2026-07-21T09:24:12.217+0000] {docker.py:406} INFO - 🚀 Initialisation de la base DuckDB à l'emplacement : /app/duckdb_store/analytics.duckdb
[2026-07-21T09:24:12.682+0000] {docker.py:406} INFO - 🔓 Permissions ajustées (666) sur /app/duckdb_store/analytics.duckdb pour Reflex.
✅ Data Warehouse DuckDB mis à jour avec succès !
📊 Total des dossiers consolidés : 26249
[2026-07-21T09:24:12.699+0000] {docker.py:406} INFO - csf_geographique  count_star()
0    Dakar Plateau         10959
1    Ngor-Almadies         11206
2            Mbour          4084
[2026-07-21T09:24:13.580+0000] {taskinstance.py:1400} INFO - Marking task as SUCCESS. dag_id=pipeline_ingestion_suivi, task_id=execution_pipeline_etl, execution_date=20260721T080000, start_date=20260721T092330, end_date=20260721T092413
[2026-07-21T09:24:13.649+0000] {local_task_job_runner.py:228} INFO - Task exited with return code 0
[2026-07-21T09:24:13.705+0000] {taskinstance.py:2778} INFO - 0 downstream tasks scheduled from follow-on schedule check
