[2026-06-25T10:14:55.405+0000] {taskinstance.py:1159} INFO - Dependencies all met for dep_context=non-requeueable deps ti=<TaskInstance: pipeline_ingestion_suivi.execution_pipeline_etl manual__2026-06-25T10:14:54.322733+00:00 [queued]>
[2026-06-25T10:14:55.411+0000] {taskinstance.py:1159} INFO - Dependencies all met for dep_context=requeueable deps ti=<TaskInstance: pipeline_ingestion_suivi.execution_pipeline_etl manual__2026-06-25T10:14:54.322733+00:00 [queued]>
[2026-06-25T10:14:55.412+0000] {taskinstance.py:1361} INFO - Starting attempt 1 of 2
[2026-06-25T10:14:55.425+0000] {taskinstance.py:1382} INFO - Executing <Task(DockerOperator): execution_pipeline_etl> on 2026-06-25 10:14:54.322733+00:00
[2026-06-25T10:14:55.430+0000] {standard_task_runner.py:57} INFO - Started process 230 to run task
[2026-06-25T10:14:55.433+0000] {standard_task_runner.py:84} INFO - Running: ['airflow', 'tasks', 'run', 'pipeline_ingestion_suivi', 'execution_pipeline_etl', 'manual__2026-06-25T10:14:54.322733+00:00', '--job-id', '36', '--raw', '--subdir', 'DAGS_FOLDER/dag_suivi.py', '--cfg-path', '/tmp/tmpuuv69gfe']
[2026-06-25T10:14:55.435+0000] {standard_task_runner.py:85} INFO - Job 36: Subtask execution_pipeline_etl
[2026-06-25T10:14:55.484+0000] {task_command.py:416} INFO - Running <TaskInstance: pipeline_ingestion_suivi.execution_pipeline_etl manual__2026-06-25T10:14:54.322733+00:00 [running]> on host 7ad516dbfeee
[2026-06-25T10:14:55.562+0000] {taskinstance.py:1662} INFO - Exporting env vars: AIRFLOW_CTX_DAG_OWNER='falilou_mfd' AIRFLOW_CTX_DAG_ID='pipeline_ingestion_suivi' AIRFLOW_CTX_TASK_ID='execution_pipeline_etl' AIRFLOW_CTX_EXECUTION_DATE='2026-06-25T10:14:54.322733+00:00' AIRFLOW_CTX_TRY_NUMBER='1' AIRFLOW_CTX_DAG_RUN_ID='manual__2026-06-25T10:14:54.322733+00:00'
[2026-06-25T10:14:55.606+0000] {docker.py:337} INFO - Starting docker container from image suivi_data_processor:v1
[2026-06-25T10:14:56.397+0000] {docker.py:406} INFO - 📥 Extraction de Cadastre pour Dakar Plateau...
[2026-06-25T10:14:57.213+0000] {docker.py:406} INFO - 📥 Extraction de Domaines pour Dakar Plateau...
[2026-06-25T10:14:57.492+0000] {docker.py:406} INFO - 📥 Extraction de Conservation pour Dakar Plateau...
[2026-06-25T10:14:58.461+0000] {docker.py:406} INFO - 🚀 Initialisation de la base DuckDB à l'emplacement : /app/duckdb_store/analytics.duckdb
⚡ Chargement des données uniques et nettoyées dans DuckDB...
[2026-06-25T10:14:58.467+0000] {docker.py:406} INFO - Traceback (most recent call last):
  File "/app/main.py", line 188, in <module>
[2026-06-25T10:14:58.468+0000] {docker.py:406} INFO - extract_and_transform()
  File "/app/main.py", line 138, in extract_and_transform
    con = duckdb.connect(duckdb_path)
_duckdb.IOException
[2026-06-25T10:14:58.468+0000] {docker.py:406} INFO - : IO Error: Could not set lock on file "/app/duckdb_store/analytics.duckdb": Conflicting lock is held in PID 0. However, you would be able to open this database in read-only mode, e.g. by using the -readonly parameter in the CLI. See also https://duckdb.org/docs/stable/connect/concurrency
[2026-06-25T10:14:58.866+0000] {taskinstance.py:1937} ERROR - Task failed with exception
Traceback (most recent call last):
  File "/home/airflow/.local/lib/python3.10/site-packages/airflow/providers/docker/operators/docker.py", line 479, in execute
    return self._run_image()
  File "/home/airflow/.local/lib/python3.10/site-packages/airflow/providers/docker/operators/docker.py", line 354, in _run_image
    return self._run_image_with_mounts(self.mounts, add_tmp_variable=False)
  File "/home/airflow/.local/lib/python3.10/site-packages/airflow/providers/docker/operators/docker.py", line 414, in _run_image_with_mounts
    raise DockerContainerFailedException(f"Docker container failed: {result!r}", logs=log_lines)
airflow.providers.docker.exceptions.DockerContainerFailedException: Docker container failed: {'StatusCode': 1}
[2026-06-25T10:14:58.870+0000] {taskinstance.py:1400} INFO - Marking task as UP_FOR_RETRY. dag_id=pipeline_ingestion_suivi, task_id=execution_pipeline_etl, execution_date=20260625T101454, start_date=20260625T101455, end_date=20260625T101458
[2026-06-25T10:14:58.888+0000] {standard_task_runner.py:104} ERROR - Failed to execute job 36 for task execution_pipeline_etl (Docker container failed: {'StatusCode': 1}; 230)
[2026-06-25T10:14:58.906+0000] {local_task_job_runner.py:228} INFO - Task exited with return code 1
[2026-06-25T10:14:58.969+0000] {taskinstance.py:2778} INFO - 0 downstream tasks scheduled from follow-on schedule check
