[2026-06-25T08:33:52.599+0000] {taskinstance.py:1159} INFO - Dependencies all met for dep_context=non-requeueable deps ti=<TaskInstance: pipeline_ingestion_suivi.execution_pipeline_etl scheduled__2026-06-25T07:00:00+00:00 [queued]>
[2026-06-25T08:33:52.644+0000] {taskinstance.py:1159} INFO - Dependencies all met for dep_context=requeueable deps ti=<TaskInstance: pipeline_ingestion_suivi.execution_pipeline_etl scheduled__2026-06-25T07:00:00+00:00 [queued]>
[2026-06-25T08:33:52.645+0000] {taskinstance.py:1361} INFO - Starting attempt 1 of 2
[2026-06-25T08:33:52.727+0000] {taskinstance.py:1382} INFO - Executing <Task(DockerOperator): execution_pipeline_etl> on 2026-06-25 07:00:00+00:00
[2026-06-25T08:33:52.761+0000] {standard_task_runner.py:57} INFO - Started process 312 to run task
[2026-06-25T08:33:52.775+0000] {standard_task_runner.py:84} INFO - Running: ['airflow', 'tasks', 'run', 'pipeline_ingestion_suivi', 'execution_pipeline_etl', 'scheduled__2026-06-25T07:00:00+00:00', '--job-id', '10', '--raw', '--subdir', 'DAGS_FOLDER/dag_suivi.py', '--cfg-path', '/tmp/tmpr0chu610']
[2026-06-25T08:33:52.793+0000] {standard_task_runner.py:85} INFO - Job 10: Subtask execution_pipeline_etl
[2026-06-25T08:33:53.030+0000] {task_command.py:416} INFO - Running <TaskInstance: pipeline_ingestion_suivi.execution_pipeline_etl scheduled__2026-06-25T07:00:00+00:00 [running]> on host a12615e1ee0f
[2026-06-25T08:33:53.513+0000] {taskinstance.py:1662} INFO - Exporting env vars: AIRFLOW_CTX_DAG_OWNER='falilou_mfd' AIRFLOW_CTX_DAG_ID='pipeline_ingestion_suivi' AIRFLOW_CTX_TASK_ID='execution_pipeline_etl' AIRFLOW_CTX_EXECUTION_DATE='2026-06-25T07:00:00+00:00' AIRFLOW_CTX_TRY_NUMBER='1' AIRFLOW_CTX_DAG_RUN_ID='scheduled__2026-06-25T07:00:00+00:00'
[2026-06-25T08:33:53.993+0000] {docker.py:337} INFO - Starting docker container from image suivi_data_processor:v1
[2026-06-25T08:33:54.222+0000] {taskinstance.py:1937} ERROR - Task failed with exception
Traceback (most recent call last):
  File "/home/airflow/.local/lib/python3.10/site-packages/docker/api/client.py", line 268, in _raise_for_status
    response.raise_for_status()
  File "/home/airflow/.local/lib/python3.10/site-packages/requests/models.py", line 1021, in raise_for_status
    raise HTTPError(http_error_msg, response=self)
requests.exceptions.HTTPError: 409 Client Error: Conflict for url: http+docker://localhost/v1.54/containers/create?name=airflow_worker_etl_run

The above exception was the direct cause of the following exception:

Traceback (most recent call last):
  File "/home/airflow/.local/lib/python3.10/site-packages/airflow/providers/docker/operators/docker.py", line 479, in execute
    return self._run_image()
  File "/home/airflow/.local/lib/python3.10/site-packages/airflow/providers/docker/operators/docker.py", line 354, in _run_image
    return self._run_image_with_mounts(self.mounts, add_tmp_variable=False)
  File "/home/airflow/.local/lib/python3.10/site-packages/airflow/providers/docker/operators/docker.py", line 369, in _run_image_with_mounts
    self.container = self.cli.create_container(
  File "/home/airflow/.local/lib/python3.10/site-packages/docker/api/container.py", line 431, in create_container
    return self.create_container_from_config(config, name, platform)
  File "/home/airflow/.local/lib/python3.10/site-packages/docker/api/container.py", line 448, in create_container_from_config
    return self._result(res, True)
  File "/home/airflow/.local/lib/python3.10/site-packages/docker/api/client.py", line 274, in _result
    self._raise_for_status(response)
  File "/home/airflow/.local/lib/python3.10/site-packages/docker/api/client.py", line 270, in _raise_for_status
    raise create_api_error_from_http_exception(e) from e
  File "/home/airflow/.local/lib/python3.10/site-packages/docker/errors.py", line 39, in create_api_error_from_http_exception
    raise cls(e, response=response, explanation=explanation) from e
docker.errors.APIError: 409 Client Error for http+docker://localhost/v1.54/containers/create?name=airflow_worker_etl_run: Conflict ("Conflict. The container name "/airflow_worker_etl_run" is already in use by container "6bfe1a89e5c0c9acb6ce316ad08af2c8ff57d81a7033ed0d879503fd12bd7568". You have to remove (or rename) that container to be able to reuse that name.")
[2026-06-25T08:33:54.258+0000] {taskinstance.py:1400} INFO - Marking task as UP_FOR_RETRY. dag_id=pipeline_ingestion_suivi, task_id=execution_pipeline_etl, execution_date=20260625T070000, start_date=20260625T083352, end_date=20260625T083354
[2026-06-25T08:33:54.314+0000] {standard_task_runner.py:104} ERROR - Failed to execute job 10 for task execution_pipeline_etl (409 Client Error for http+docker://localhost/v1.54/containers/create?name=airflow_worker_etl_run: Conflict ("Conflict. The container name "/airflow_worker_etl_run" is already in use by container "6bfe1a89e5c0c9acb6ce316ad08af2c8ff57d81a7033ed0d879503fd12bd7568". You have to remove (or rename) that container to be able to reuse that name."); 312)
[2026-06-25T08:33:54.424+0000] {local_task_job_runner.py:228} INFO - Task exited with return code 1
[2026-06-25T08:33:54.494+0000] {taskinstance.py:2778} INFO - 0 downstream tasks scheduled from follow-on schedule check
