[2026-08-10T11:33:04.591+0000] {taskinstance.py:1159} INFO - Dependencies all met for dep_context=non-requeueable deps ti=<TaskInstance: pipeline_ingestion_suivi.execution_pipeline_etl scheduled__2026-08-10T10:00:00+00:00 [queued]>
[2026-08-10T11:33:04.630+0000] {taskinstance.py:1159} INFO - Dependencies all met for dep_context=requeueable deps ti=<TaskInstance: pipeline_ingestion_suivi.execution_pipeline_etl scheduled__2026-08-10T10:00:00+00:00 [queued]>
[2026-08-10T11:33:04.635+0000] {taskinstance.py:1361} INFO - Starting attempt 1 of 2
[2026-08-10T11:33:05.009+0000] {taskinstance.py:1382} INFO - Executing <Task(DockerOperator): execution_pipeline_etl> on 2026-08-10 10:00:00+00:00
[2026-08-10T11:33:05.041+0000] {standard_task_runner.py:57} INFO - Started process 484 to run task
[2026-08-10T11:33:05.059+0000] {standard_task_runner.py:84} INFO - Running: ['airflow', 'tasks', 'run', 'pipeline_ingestion_suivi', 'execution_pipeline_etl', 'scheduled__2026-08-10T10:00:00+00:00', '--job-id', '89', '--raw', '--subdir', 'DAGS_FOLDER/dag_suivi.py', '--cfg-path', '/tmp/tmp2iotoge7']
[2026-08-10T11:33:05.570+0000] {standard_task_runner.py:85} INFO - Job 89: Subtask execution_pipeline_etl
[2026-08-10T11:33:06.039+0000] {task_command.py:416} INFO - Running <TaskInstance: pipeline_ingestion_suivi.execution_pipeline_etl scheduled__2026-08-10T10:00:00+00:00 [running]> on host 44846ccbf539
[2026-08-10T11:33:06.719+0000] {taskinstance.py:1662} INFO - Exporting env vars: AIRFLOW_CTX_DAG_OWNER='falilou_mfd' AIRFLOW_CTX_DAG_ID='pipeline_ingestion_suivi' AIRFLOW_CTX_TASK_ID='execution_pipeline_etl' AIRFLOW_CTX_EXECUTION_DATE='2026-08-10T10:00:00+00:00' AIRFLOW_CTX_TRY_NUMBER='1' AIRFLOW_CTX_DAG_RUN_ID='scheduled__2026-08-10T10:00:00+00:00'
[2026-08-10T11:33:08.370+0000] {docker.py:337} INFO - Starting docker container from image suivi_data_processor:v1
[2026-08-10T11:33:16.907+0000] {docker.py:406} INFO - 🌍 Début de l'extraction pour le site : Dakar Plateau (dkp)
  📥 Extraction de Cadastre depuis [cadastre_dkp_db]...
[2026-08-10T11:33:27.585+0000] {docker.py:406} INFO - 🔎 DEBUG [cadastre_dkp_db] Entrées liées à une sortie (output_id) après dedup : 0
  📥 Extraction de Domaines depuis [domaines_dkp_db]...
[2026-08-10T11:33:29.716+0000] {docker.py:406} INFO - 🔎 DEBUG [domaines_dkp_db] Entrées liées à une sortie (output_id) après dedup : 0
  📥 Extraction de Conservation depuis [conservation_dkp_db]...
[2026-08-10T11:33:37.144+0000] {docker.py:406} INFO - 🔎 DEBUG [conservation_dkp_db] Entrées liées à une sortie (output_id) après dedup : 0

🌍 Début de l'extraction pour le site : Ngor-Almadies (nga)
  📥 Extraction de Cadastre depuis [cadastre_nga_db]...
[2026-08-10T11:33:42.348+0000] {docker.py:406} INFO - 🔎 DEBUG [cadastre_nga_db] Entrées liées à une sortie (output_id) après dedup : 0
  📥 Extraction de Domaines depuis [domaines_nga_db]...
[2026-08-10T11:33:44.466+0000] {docker.py:406} INFO - 🔎 DEBUG [domaines_nga_db] Entrées liées à une sortie (output_id) après dedup : 0
  📥 Extraction de Conservation depuis [conservation_nga_db]...
[2026-08-10T11:33:46.507+0000] {docker.py:406} INFO - 🔎 DEBUG [conservation_nga_db] Entrées liées à une sortie (output_id) après dedup : 0

🌍 Début de l'extraction pour le site : Mbour (mb)
  📥 Extraction de Cadastre depuis [cadastre_mb_db]...
[2026-08-10T11:33:48.285+0000] {docker.py:406} INFO - 🔎 DEBUG [cadastre_mb_db] Entrées liées à une sortie (output_id) après dedup : 0
  📥 Extraction de Domaines depuis [domaines_mb_db]...
[2026-08-10T11:33:48.345+0000] {docker.py:406} INFO - 🔎 DEBUG [domaines_mb_db] Entrées liées à une sortie (output_id) après dedup : 0
  📥 Extraction de Conservation depuis [conservation_mb_db]...
[2026-08-10T11:33:49.203+0000] {docker.py:406} INFO - 🔎 DEBUG [conservation_mb_db] Entrées liées à une sortie (output_id) après dedup : 0
[2026-08-10T11:33:49.208+0000] {docker.py:406} INFO - /app/main.py:148: FutureWarning: The behavior of DataFrame concatenation with empty or all-NA entries is deprecated. In a future version, this will no longer exclude empty or all-NA columns when determining the result dtypes. To retain the old behavior, exclude the relevant entries before the concat operation.
  df_total = pd.concat(all_dataframes, ignore_index=True)
[2026-08-10T11:33:49.222+0000] {docker.py:406} INFO - /app/main.py:148: FutureWarning: The behavior of DataFrame concatenation with empty or all-NA entries is deprecated. In a future version, this will no longer exclude empty or all-NA columns when determining the result dtypes. To retain the old behavior, exclude the relevant entries before the concat operation.
  df_total = pd.concat(all_dataframes, ignore_index=True)
[2026-08-10T11:33:49.226+0000] {docker.py:406} INFO - /app/main.py:148: FutureWarning: The behavior of DataFrame concatenation with empty or all-NA entries is deprecated. In a future version, this will no longer exclude empty or all-NA columns when determining the result dtypes. To retain the old behavior, exclude the relevant entries before the concat operation.
  df_total = pd.concat(all_dataframes, ignore_index=True)
[2026-08-10T11:33:49.228+0000] {docker.py:406} INFO - /app/main.py:148: FutureWarning: The behavior of DataFrame concatenation with empty or all-NA entries is deprecated. In a future version, this will no longer exclude empty or all-NA columns when determining the result dtypes. To retain the old behavior, exclude the relevant entries before the concat operation.
  df_total = pd.concat(all_dataframes, ignore_index=True)
[2026-08-10T11:33:49.249+0000] {docker.py:406} INFO - 🔎 DEBUG df_total juste après concat : 0 Entrées avec output_id
[2026-08-10T11:33:49.309+0000] {docker.py:406} INFO - 🔎 DEBUG après to_datetime : sortie_record_date non-null=25072, registration_date non-null=70128
[2026-08-10T11:33:54.098+0000] {docker.py:406} INFO - 🔎 DEBUG duree_numerisation_h non-null au final : 27270
[2026-08-10T11:33:54.122+0000] {docker.py:406} INFO - 🚀 Initialisation de la base DuckDB à l'emplacement : /app/duckdb_store/analytics.duckdb
[2026-08-10T11:33:54.159+0000] {docker.py:406} INFO - Traceback (most recent call last):
  File "/app/main.py", line 334, in <module>
[2026-08-10T11:33:54.160+0000] {docker.py:406} INFO - extract_and_transform()
  File "/app/main.py", line 265, in extract_and_transform
[2026-08-10T11:33:54.161+0000] {docker.py:406} INFO - con = duckdb.connect(duckdb_path)
_duckdb.IOException: IO Error: Could not set lock on file "/app/duckdb_store/analytics.duckdb": Conflicting lock is held in PID 0. See also https://duckdb.org/docs/stable/connect/concurrency
[2026-08-10T11:33:55.025+0000] {taskinstance.py:1937} ERROR - Task failed with exception
Traceback (most recent call last):
  File "/home/airflow/.local/lib/python3.10/site-packages/airflow/providers/docker/operators/docker.py", line 479, in execute
    return self._run_image()
  File "/home/airflow/.local/lib/python3.10/site-packages/airflow/providers/docker/operators/docker.py", line 354, in _run_image
    return self._run_image_with_mounts(self.mounts, add_tmp_variable=False)
  File "/home/airflow/.local/lib/python3.10/site-packages/airflow/providers/docker/operators/docker.py", line 414, in _run_image_with_mounts
    raise DockerContainerFailedException(f"Docker container failed: {result!r}", logs=log_lines)
airflow.providers.docker.exceptions.DockerContainerFailedException: Docker container failed: {'StatusCode': 1}
[2026-08-10T11:33:55.037+0000] {taskinstance.py:1400} INFO - Marking task as UP_FOR_RETRY. dag_id=pipeline_ingestion_suivi, task_id=execution_pipeline_etl, execution_date=20260810T100000, start_date=20260810T113304, end_date=20260810T113355
[2026-08-10T11:33:55.093+0000] {standard_task_runner.py:104} ERROR - Failed to execute job 89 for task execution_pipeline_etl (Docker container failed: {'StatusCode': 1}; 484)
[2026-08-10T11:33:55.143+0000] {local_task_job_runner.py:228} INFO - Task exited with return code 1
[2026-08-10T11:33:55.195+0000] {taskinstance.py:2778} INFO - 0 downstream tasks scheduled from follow-on schedule check
