[2026-07-16T16:26:22.561+0000] {taskinstance.py:1159} INFO - Dependencies all met for dep_context=non-requeueable deps ti=<TaskInstance: pipeline_ingestion_suivi.execution_pipeline_etl manual__2026-07-16T16:26:20.957047+00:00 [queued]>
[2026-07-16T16:26:22.575+0000] {taskinstance.py:1159} INFO - Dependencies all met for dep_context=requeueable deps ti=<TaskInstance: pipeline_ingestion_suivi.execution_pipeline_etl manual__2026-07-16T16:26:20.957047+00:00 [queued]>
[2026-07-16T16:26:22.576+0000] {taskinstance.py:1361} INFO - Starting attempt 1 of 2
[2026-07-16T16:26:22.596+0000] {taskinstance.py:1382} INFO - Executing <Task(DockerOperator): execution_pipeline_etl> on 2026-07-16 16:26:20.957047+00:00
[2026-07-16T16:26:22.603+0000] {standard_task_runner.py:57} INFO - Started process 203 to run task
[2026-07-16T16:26:22.610+0000] {standard_task_runner.py:84} INFO - Running: ['airflow', 'tasks', 'run', 'pipeline_ingestion_suivi', 'execution_pipeline_etl', 'manual__2026-07-16T16:26:20.957047+00:00', '--job-id', '187', '--raw', '--subdir', 'DAGS_FOLDER/dag_suivi.py', '--cfg-path', '/tmp/tmp8udz0vke']
[2026-07-16T16:26:22.617+0000] {standard_task_runner.py:85} INFO - Job 187: Subtask execution_pipeline_etl
[2026-07-16T16:26:22.700+0000] {task_command.py:416} INFO - Running <TaskInstance: pipeline_ingestion_suivi.execution_pipeline_etl manual__2026-07-16T16:26:20.957047+00:00 [running]> on host a60083ed738e
[2026-07-16T16:26:22.830+0000] {taskinstance.py:1662} INFO - Exporting env vars: AIRFLOW_CTX_DAG_OWNER='falilou_mfd' AIRFLOW_CTX_DAG_ID='pipeline_ingestion_suivi' AIRFLOW_CTX_TASK_ID='execution_pipeline_etl' AIRFLOW_CTX_EXECUTION_DATE='2026-07-16T16:26:20.957047+00:00' AIRFLOW_CTX_TRY_NUMBER='1' AIRFLOW_CTX_DAG_RUN_ID='manual__2026-07-16T16:26:20.957047+00:00'
[2026-07-16T16:26:22.917+0000] {docker.py:337} INFO - Starting docker container from image suivi_data_processor:v1
[2026-07-16T16:26:24.210+0000] {docker.py:406} INFO - 🌍 Début de l'extraction pour le site : Dakar Plateau (dkp)
  📥 Extraction de Cadastre depuis [cadastre_dkp_db]...
[2026-07-16T16:26:26.027+0000] {docker.py:406} INFO - 📥 Extraction de Domaines depuis [domaines_dkp_db]...
[2026-07-16T16:26:26.649+0000] {docker.py:406} INFO - 📥 Extraction de Conservation depuis [conservation_dkp_db]...
[2026-07-16T16:26:29.174+0000] {docker.py:406} INFO - 🌍 Début de l'extraction pour le site : Ngor-Almadies (nga)
  📥 Extraction de Cadastre depuis [cadastre_nga_db]...
[2026-07-16T16:26:31.231+0000] {docker.py:406} INFO - 📥 Extraction de Domaines depuis [domaines_nga_db]...
[2026-07-16T16:26:32.133+0000] {docker.py:406} INFO - 📥 Extraction de Conservation depuis [conservation_nga_db]...
[2026-07-16T16:26:32.986+0000] {docker.py:406} INFO - 🌍 Début de l'extraction pour le site : Mbour (mb)
  📥 Extraction de Cadastre depuis [cadastre_mb_db]...
[2026-07-16T16:26:33.543+0000] {docker.py:406} INFO - 📥 Extraction de Domaines depuis [domaines_mb_db]...
[2026-07-16T16:26:33.595+0000] {docker.py:406} INFO - 📥 Extraction de Conservation depuis [conservation_mb_db]...
[2026-07-16T16:26:34.003+0000] {docker.py:406} INFO - 🚀 Initialisation de la base DuckDB à l'emplacement : /app/duckdb_store/analytics.duckdb
[2026-07-16T16:26:34.040+0000] {docker.py:406} INFO - 🔓 Permissions ajustées (666) sur /app/duckdb_store/analytics.duckdb pour Reflex.
✅ Data Warehouse DuckDB mis à jour avec succès !
📊 Total des cycles consolidés : 0
[2026-07-16T16:26:34.042+0000] {docker.py:406} INFO - Empty DataFrame
Columns: [csf_geographique, count_star()]
Index: []
[2026-07-16T16:26:34.526+0000] {taskinstance.py:1400} INFO - Marking task as SUCCESS. dag_id=pipeline_ingestion_suivi, task_id=execution_pipeline_etl, execution_date=20260716T162620, start_date=20260716T162622, end_date=20260716T162634
[2026-07-16T16:26:34.568+0000] {local_task_job_runner.py:228} INFO - Task exited with return code 0
[2026-07-16T16:26:34.605+0000] {taskinstance.py:2778} INFO - 0 downstream tasks scheduled from follow-on schedule check
