[2026-06-25T21:37:08.485+0000] {taskinstance.py:1159} INFO - Dependencies all met for dep_context=non-requeueable deps ti=<TaskInstance: pipeline_ingestion_suivi.execution_pipeline_etl scheduled__2026-06-25T20:00:00+00:00 [queued]>
[2026-06-25T21:37:08.551+0000] {taskinstance.py:1159} INFO - Dependencies all met for dep_context=requeueable deps ti=<TaskInstance: pipeline_ingestion_suivi.execution_pipeline_etl scheduled__2026-06-25T20:00:00+00:00 [queued]>
[2026-06-25T21:37:08.552+0000] {taskinstance.py:1361} INFO - Starting attempt 1 of 2
[2026-06-25T21:37:08.631+0000] {taskinstance.py:1382} INFO - Executing <Task(DockerOperator): execution_pipeline_etl> on 2026-06-25 20:00:00+00:00
[2026-06-25T21:37:08.669+0000] {standard_task_runner.py:57} INFO - Started process 2360 to run task
[2026-06-25T21:37:08.675+0000] {standard_task_runner.py:84} INFO - Running: ['airflow', 'tasks', 'run', 'pipeline_ingestion_suivi', 'execution_pipeline_etl', 'scheduled__2026-06-25T20:00:00+00:00', '--job-id', '49', '--raw', '--subdir', 'DAGS_FOLDER/dag_suivi.py', '--cfg-path', '/tmp/tmp2wbzpi_8']
[2026-06-25T21:37:08.691+0000] {standard_task_runner.py:85} INFO - Job 49: Subtask execution_pipeline_etl
[2026-06-25T21:37:08.994+0000] {task_command.py:416} INFO - Running <TaskInstance: pipeline_ingestion_suivi.execution_pipeline_etl scheduled__2026-06-25T20:00:00+00:00 [running]> on host ae54cf6d4e2f
[2026-06-25T21:37:09.489+0000] {taskinstance.py:1662} INFO - Exporting env vars: AIRFLOW_CTX_DAG_OWNER='falilou_mfd' AIRFLOW_CTX_DAG_ID='pipeline_ingestion_suivi' AIRFLOW_CTX_TASK_ID='execution_pipeline_etl' AIRFLOW_CTX_EXECUTION_DATE='2026-06-25T20:00:00+00:00' AIRFLOW_CTX_TRY_NUMBER='1' AIRFLOW_CTX_DAG_RUN_ID='scheduled__2026-06-25T20:00:00+00:00'
[2026-06-25T21:37:09.820+0000] {docker.py:337} INFO - Starting docker container from image suivi_data_processor:v1
[2026-06-29T08:35:33.020+0000] {docker.py:406} INFO - 📥 Extraction de Cadastre pour Dakar Plateau...
[2026-06-29T08:35:52.578+0000] {docker.py:406} INFO - 📥 Extraction de Domaines pour Dakar Plateau...
[2026-06-29T08:35:52.611+0000] {docker.py:406} INFO - 
[2026-06-29T08:35:57.564+0000] {docker.py:406} INFO - 📥 Extraction de Conservation pour Dakar Plateau...
[2026-06-29T08:36:11.456+0000] {local_task_job_runner.py:294} WARNING - State of this instance has been externally set to up_for_retry. Terminating instance.
[2026-06-29T08:36:11.523+0000] {process_utils.py:131} INFO - Sending 15 to group 2360. PIDs of all processes in the group: [2360]
[2026-06-29T08:36:11.574+0000] {process_utils.py:86} INFO - Sending the signal 15 to group 2360
[2026-06-29T08:36:11.634+0000] {taskinstance.py:1632} ERROR - Received SIGTERM. Terminating subprocesses.
[2026-06-29T08:36:11.694+0000] {docker.py:498} INFO - Stopping docker container
[2026-06-29T08:36:18.566+0000] {taskinstance.py:1937} ERROR - Task failed with exception
Traceback (most recent call last):
  File "/home/airflow/.local/lib/python3.10/site-packages/airflow/providers/docker/operators/docker.py", line 479, in execute
    return self._run_image()
  File "/home/airflow/.local/lib/python3.10/site-packages/airflow/providers/docker/operators/docker.py", line 354, in _run_image
    return self._run_image_with_mounts(self.mounts, add_tmp_variable=False)
  File "/home/airflow/.local/lib/python3.10/site-packages/airflow/providers/docker/operators/docker.py", line 403, in _run_image_with_mounts
    for log_chunk in logstream:
  File "/home/airflow/.local/lib/python3.10/site-packages/docker/types/daemon.py", line 29, in __next__
    return next(self._stream)
  File "/home/airflow/.local/lib/python3.10/site-packages/docker/api/client.py", line 422, in <genexpr>
    gen = (data for (_, data) in gen)
  File "/home/airflow/.local/lib/python3.10/site-packages/docker/utils/socket.py", line 112, in frames_iter_no_tty
    (stream, n) = next_frame_header(socket)
  File "/home/airflow/.local/lib/python3.10/site-packages/docker/utils/socket.py", line 84, in next_frame_header
    data = read_exactly(socket, 8)
  File "/home/airflow/.local/lib/python3.10/site-packages/docker/utils/socket.py", line 69, in read_exactly
    next_data = read(socket, n - len(data))
  File "/home/airflow/.local/lib/python3.10/site-packages/docker/utils/socket.py", line 40, in read
    poll.poll()
  File "/home/airflow/.local/lib/python3.10/site-packages/airflow/models/taskinstance.py", line 1634, in signal_handler
    raise AirflowException("Task received SIGTERM signal")
airflow.exceptions.AirflowException: Task received SIGTERM signal
[2026-06-29T08:36:18.656+0000] {taskinstance.py:1400} INFO - Marking task as FAILED. dag_id=pipeline_ingestion_suivi, task_id=execution_pipeline_etl, execution_date=20260625T200000, start_date=20260625T213708, end_date=20260629T083618
[2026-06-29T08:36:18.951+0000] {standard_task_runner.py:104} ERROR - Failed to execute job 49 for task execution_pipeline_etl (Task received SIGTERM signal; 2360)
[2026-06-29T08:36:19.063+0000] {process_utils.py:79} INFO - Process psutil.Process(pid=2360, status='terminated', exitcode=1, started='2026-06-25 21:37:08') (2360) terminated with exit code 1
