[2026-07-16T16:00:00.396+0000] {taskinstance.py:1159} INFO - Dependencies all met for dep_context=non-requeueable deps ti=<TaskInstance: pipeline_ingestion_suivi.execution_pipeline_etl scheduled__2026-07-16T15:00:00+00:00 [queued]>
[2026-07-16T16:00:00.403+0000] {taskinstance.py:1159} INFO - Dependencies all met for dep_context=requeueable deps ti=<TaskInstance: pipeline_ingestion_suivi.execution_pipeline_etl scheduled__2026-07-16T15:00:00+00:00 [queued]>
[2026-07-16T16:00:00.403+0000] {taskinstance.py:1361} INFO - Starting attempt 1 of 2
[2026-07-16T16:00:00.418+0000] {taskinstance.py:1382} INFO - Executing <Task(DockerOperator): execution_pipeline_etl> on 2026-07-16 15:00:00+00:00
[2026-07-16T16:00:00.423+0000] {standard_task_runner.py:57} INFO - Started process 205 to run task
[2026-07-16T16:00:00.427+0000] {standard_task_runner.py:84} INFO - Running: ['airflow', 'tasks', 'run', 'pipeline_ingestion_suivi', 'execution_pipeline_etl', 'scheduled__2026-07-16T15:00:00+00:00', '--job-id', '185', '--raw', '--subdir', 'DAGS_FOLDER/dag_suivi.py', '--cfg-path', '/tmp/tmpsvuctaj0']
[2026-07-16T16:00:00.430+0000] {standard_task_runner.py:85} INFO - Job 185: Subtask execution_pipeline_etl
[2026-07-16T16:00:00.490+0000] {task_command.py:416} INFO - Running <TaskInstance: pipeline_ingestion_suivi.execution_pipeline_etl scheduled__2026-07-16T15:00:00+00:00 [running]> on host b7b181b1a48c
[2026-07-16T16:00:00.590+0000] {taskinstance.py:1662} INFO - Exporting env vars: AIRFLOW_CTX_DAG_OWNER='falilou_mfd' AIRFLOW_CTX_DAG_ID='pipeline_ingestion_suivi' AIRFLOW_CTX_TASK_ID='execution_pipeline_etl' AIRFLOW_CTX_EXECUTION_DATE='2026-07-16T15:00:00+00:00' AIRFLOW_CTX_TRY_NUMBER='1' AIRFLOW_CTX_DAG_RUN_ID='scheduled__2026-07-16T15:00:00+00:00'
[2026-07-16T16:00:00.652+0000] {docker.py:337} INFO - Starting docker container from image suivi_data_processor:v1
[2026-07-16T16:00:01.620+0000] {docker.py:406} INFO - 🌍 Début de l'extraction pour le site : Dakar Plateau (dkp)
  📥 Extraction de Cadastre depuis [cadastre_dkp_db]...
[2026-07-16T16:00:03.073+0000] {docker.py:406} INFO - 📥 Extraction de Domaines depuis [domaines_dkp_db]...
[2026-07-16T16:00:03.581+0000] {docker.py:406} INFO - 📥 Extraction de Conservation depuis [conservation_dkp_db]...
[2026-07-16T16:00:05.388+0000] {docker.py:406} INFO - 🌍 Début de l'extraction pour le site : Ngor-Almadies (nga)
  📥 Extraction de Cadastre depuis [cadastre_nga_db]...
[2026-07-16T16:00:07.067+0000] {docker.py:406} INFO - 📥 Extraction de Domaines depuis [domaines_nga_db]...
[2026-07-16T16:00:07.857+0000] {docker.py:406} INFO - 📥 Extraction de Conservation depuis [conservation_nga_db]...
[2026-07-16T16:00:08.531+0000] {docker.py:406} INFO - 🌍 Début de l'extraction pour le site : Mbour (mb)
  📥 Extraction de Cadastre depuis [cadastre_mb_db]...
[2026-07-16T16:00:08.985+0000] {docker.py:406} INFO - 📥 Extraction de Domaines depuis [domaines_mb_db]...
[2026-07-16T16:00:09.026+0000] {docker.py:406} INFO - 📥 Extraction de Conservation depuis [conservation_mb_db]...
[2026-07-16T16:00:09.339+0000] {docker.py:406} INFO - 🚀 Initialisation de la base DuckDB à l'emplacement : /app/duckdb_store/analytics.duckdb
[2026-07-16T16:00:09.447+0000] {docker.py:406} INFO - 🔓 Permissions ajustées (666) sur /app/duckdb_store/analytics.duckdb pour Reflex.
✅ Data Warehouse DuckDB mis à jour avec succès !
📊 Total des cycles consolidés : 0
[2026-07-16T16:00:09.448+0000] {docker.py:406} INFO - Empty DataFrame
Columns: [csf_geographique, count_star()]
Index: []
[2026-07-16T16:00:09.902+0000] {taskinstance.py:1400} INFO - Marking task as SUCCESS. dag_id=pipeline_ingestion_suivi, task_id=execution_pipeline_etl, execution_date=20260716T150000, start_date=20260716T160000, end_date=20260716T160009
[2026-07-16T16:00:09.975+0000] {local_task_job_runner.py:228} INFO - Task exited with return code 0
[2026-07-16T16:00:10.010+0000] {taskinstance.py:2778} INFO - 0 downstream tasks scheduled from follow-on schedule check
