[2026-06-25T10:25:44.479+0000] {taskinstance.py:1159} INFO - Dependencies all met for dep_context=non-requeueable deps ti=<TaskInstance: pipeline_ingestion_suivi.execution_pipeline_etl manual__2026-06-25T10:24:39.638220+00:00 [queued]>
[2026-06-25T10:25:44.488+0000] {taskinstance.py:1159} INFO - Dependencies all met for dep_context=requeueable deps ti=<TaskInstance: pipeline_ingestion_suivi.execution_pipeline_etl manual__2026-06-25T10:24:39.638220+00:00 [queued]>
[2026-06-25T10:25:44.488+0000] {taskinstance.py:1361} INFO - Starting attempt 2 of 2
[2026-06-25T10:25:44.500+0000] {taskinstance.py:1382} INFO - Executing <Task(DockerOperator): execution_pipeline_etl> on 2026-06-25 10:24:39.638220+00:00
[2026-06-25T10:25:44.506+0000] {standard_task_runner.py:57} INFO - Started process 344 to run task
[2026-06-25T10:25:44.510+0000] {standard_task_runner.py:84} INFO - Running: ['airflow', 'tasks', 'run', 'pipeline_ingestion_suivi', 'execution_pipeline_etl', 'manual__2026-06-25T10:24:39.638220+00:00', '--job-id', '39', '--raw', '--subdir', 'DAGS_FOLDER/dag_suivi.py', '--cfg-path', '/tmp/tmp6oy4pe13']
[2026-06-25T10:25:44.512+0000] {standard_task_runner.py:85} INFO - Job 39: Subtask execution_pipeline_etl
[2026-06-25T10:25:44.562+0000] {task_command.py:416} INFO - Running <TaskInstance: pipeline_ingestion_suivi.execution_pipeline_etl manual__2026-06-25T10:24:39.638220+00:00 [running]> on host 7ad516dbfeee
[2026-06-25T10:25:44.627+0000] {taskinstance.py:1662} INFO - Exporting env vars: AIRFLOW_CTX_DAG_OWNER='falilou_mfd' AIRFLOW_CTX_DAG_ID='pipeline_ingestion_suivi' AIRFLOW_CTX_TASK_ID='execution_pipeline_etl' AIRFLOW_CTX_EXECUTION_DATE='2026-06-25T10:24:39.638220+00:00' AIRFLOW_CTX_TRY_NUMBER='2' AIRFLOW_CTX_DAG_RUN_ID='manual__2026-06-25T10:24:39.638220+00:00'
[2026-06-25T10:25:44.671+0000] {docker.py:337} INFO - Starting docker container from image suivi_data_processor:v1
[2026-06-25T10:25:45.463+0000] {docker.py:406} INFO - 📥 Extraction de Cadastre pour Dakar Plateau...
[2026-06-25T10:25:46.236+0000] {docker.py:406} INFO - 📥 Extraction de Domaines pour Dakar Plateau...
[2026-06-25T10:25:46.478+0000] {docker.py:406} INFO - 📥 Extraction de Conservation pour Dakar Plateau...
[2026-06-25T10:25:47.502+0000] {docker.py:406} INFO - 🚀 Initialisation de la base DuckDB à l'emplacement : /app/duckdb_store/analytics.duckdb
⚡ Chargement des données uniques et nettoyées dans DuckDB...
[2026-06-25T10:25:47.507+0000] {docker.py:406} INFO - Traceback (most recent call last):
  File "/app/main.py", line 188, in <module>
    extract_and_transform()
  File "/app/main.py", line 138, in extract_and_transform
[2026-06-25T10:25:47.508+0000] {docker.py:406} INFO - con = duckdb.connect(duckdb_path)
_duckdb.IOException: IO Error: Could not set lock on file "/app/duckdb_store/analytics.duckdb": Conflicting lock is held in PID 0. However, you would be able to open this database in read-only mode, e.g. by using the -readonly parameter in the CLI. See also https://duckdb.org/docs/stable/connect/concurrency
[2026-06-25T10:25:47.887+0000] {taskinstance.py:1937} ERROR - Task failed with exception
Traceback (most recent call last):
  File "/home/airflow/.local/lib/python3.10/site-packages/airflow/providers/docker/operators/docker.py", line 479, in execute
    return self._run_image()
  File "/home/airflow/.local/lib/python3.10/site-packages/airflow/providers/docker/operators/docker.py", line 354, in _run_image
    return self._run_image_with_mounts(self.mounts, add_tmp_variable=False)
  File "/home/airflow/.local/lib/python3.10/site-packages/airflow/providers/docker/operators/docker.py", line 414, in _run_image_with_mounts
    raise DockerContainerFailedException(f"Docker container failed: {result!r}", logs=log_lines)
airflow.providers.docker.exceptions.DockerContainerFailedException: Docker container failed: {'StatusCode': 1}
[2026-06-25T10:25:47.891+0000] {taskinstance.py:1400} INFO - Marking task as FAILED. dag_id=pipeline_ingestion_suivi, task_id=execution_pipeline_etl, execution_date=20260625T102439, start_date=20260625T102544, end_date=20260625T102547
[2026-06-25T10:25:47.909+0000] {standard_task_runner.py:104} ERROR - Failed to execute job 39 for task execution_pipeline_etl (Docker container failed: {'StatusCode': 1}; 344)
[2026-06-25T10:25:47.940+0000] {local_task_job_runner.py:228} INFO - Task exited with return code 1
[2026-06-25T10:25:47.973+0000] {taskinstance.py:2778} INFO - 0 downstream tasks scheduled from follow-on schedule check
