[2026-08-10T00:08:24.981+0000] {taskinstance.py:1159} INFO - Dependencies all met for dep_context=non-requeueable deps ti=<TaskInstance: pipeline_ingestion_suivi.execution_pipeline_etl scheduled__2026-08-09T23:00:00+00:00 [queued]>
[2026-08-10T00:08:25.019+0000] {taskinstance.py:1159} INFO - Dependencies all met for dep_context=requeueable deps ti=<TaskInstance: pipeline_ingestion_suivi.execution_pipeline_etl scheduled__2026-08-09T23:00:00+00:00 [queued]>
[2026-08-10T00:08:25.023+0000] {taskinstance.py:1361} INFO - Starting attempt 1 of 2
[2026-08-10T00:08:25.078+0000] {taskinstance.py:1382} INFO - Executing <Task(DockerOperator): execution_pipeline_etl> on 2026-08-09 23:00:00+00:00
[2026-08-10T00:08:25.093+0000] {standard_task_runner.py:57} INFO - Started process 175 to run task
[2026-08-10T00:08:25.105+0000] {standard_task_runner.py:84} INFO - Running: ['airflow', 'tasks', 'run', 'pipeline_ingestion_suivi', 'execution_pipeline_etl', 'scheduled__2026-08-09T23:00:00+00:00', '--job-id', '86', '--raw', '--subdir', 'DAGS_FOLDER/dag_suivi.py', '--cfg-path', '/tmp/tmpr2oh_nzi']
[2026-08-10T00:08:25.113+0000] {standard_task_runner.py:85} INFO - Job 86: Subtask execution_pipeline_etl
[2026-08-10T00:08:25.277+0000] {task_command.py:416} INFO - Running <TaskInstance: pipeline_ingestion_suivi.execution_pipeline_etl scheduled__2026-08-09T23:00:00+00:00 [running]> on host 44846ccbf539
[2026-08-10T00:08:25.587+0000] {taskinstance.py:1662} INFO - Exporting env vars: AIRFLOW_CTX_DAG_OWNER='falilou_mfd' AIRFLOW_CTX_DAG_ID='pipeline_ingestion_suivi' AIRFLOW_CTX_TASK_ID='execution_pipeline_etl' AIRFLOW_CTX_EXECUTION_DATE='2026-08-09T23:00:00+00:00' AIRFLOW_CTX_TRY_NUMBER='1' AIRFLOW_CTX_DAG_RUN_ID='scheduled__2026-08-09T23:00:00+00:00'
[2026-08-10T00:08:25.885+0000] {docker.py:337} INFO - Starting docker container from image suivi_data_processor:v1
[2026-08-10T00:08:28.485+0000] {docker.py:406} INFO - 🌍 Début de l'extraction pour le site : Dakar Plateau (dkp)
  📥 Extraction de Cadastre depuis [cadastre_dkp_db]...
[2026-08-10T00:08:31.525+0000] {docker.py:406} INFO - 🔎 DEBUG [cadastre_dkp_db] Entrées liées à une sortie (output_id) après dedup : 0
  📥 Extraction de Domaines depuis [domaines_dkp_db]...
[2026-08-10T00:08:32.773+0000] {docker.py:406} INFO - 🔎 DEBUG [domaines_dkp_db] Entrées liées à une sortie (output_id) après dedup : 0
  📥 Extraction de Conservation depuis [conservation_dkp_db]...
[2026-08-10T00:08:36.580+0000] {docker.py:406} INFO - 🔎 DEBUG [conservation_dkp_db] Entrées liées à une sortie (output_id) après dedup : 0

🌍 Début de l'extraction pour le site : Ngor-Almadies (nga)
  📥 Extraction de Cadastre depuis [cadastre_nga_db]...
[2026-08-10T00:08:39.228+0000] {docker.py:406} INFO - 🔎 DEBUG [cadastre_nga_db] Entrées liées à une sortie (output_id) après dedup : 0
  📥 Extraction de Domaines depuis [domaines_nga_db]...
[2026-08-10T00:08:40.659+0000] {docker.py:406} INFO - 🔎 DEBUG [domaines_nga_db] Entrées liées à une sortie (output_id) après dedup : 0
  📥 Extraction de Conservation depuis [conservation_nga_db]...
[2026-08-10T00:08:42.004+0000] {docker.py:406} INFO - 🔎 DEBUG [conservation_nga_db] Entrées liées à une sortie (output_id) après dedup : 0

🌍 Début de l'extraction pour le site : Mbour (mb)
  📥 Extraction de Cadastre depuis [cadastre_mb_db]...
[2026-08-10T00:08:42.900+0000] {docker.py:406} INFO - 🔎 DEBUG [cadastre_mb_db] Entrées liées à une sortie (output_id) après dedup : 0
  📥 Extraction de Domaines depuis [domaines_mb_db]...
[2026-08-10T00:08:42.952+0000] {docker.py:406} INFO - 🔎 DEBUG [domaines_mb_db] Entrées liées à une sortie (output_id) après dedup : 0
  📥 Extraction de Conservation depuis [conservation_mb_db]...
[2026-08-10T00:08:43.558+0000] {docker.py:406} INFO - 🔎 DEBUG [conservation_mb_db] Entrées liées à une sortie (output_id) après dedup : 0
[2026-08-10T00:08:43.563+0000] {docker.py:406} INFO - /app/main.py:148: FutureWarning: The behavior of DataFrame concatenation with empty or all-NA entries is deprecated. In a future version, this will no longer exclude empty or all-NA columns when determining the result dtypes. To retain the old behavior, exclude the relevant entries before the concat operation.
  df_total = pd.concat(all_dataframes, ignore_index=True)
[2026-08-10T00:08:43.575+0000] {docker.py:406} INFO - /app/main.py:148: FutureWarning: The behavior of DataFrame concatenation with empty or all-NA entries is deprecated. In a future version, this will no longer exclude empty or all-NA columns when determining the result dtypes. To retain the old behavior, exclude the relevant entries before the concat operation.
  df_total = pd.concat(all_dataframes, ignore_index=True)
[2026-08-10T00:08:43.577+0000] {docker.py:406} INFO - /app/main.py:148: FutureWarning: The behavior of DataFrame concatenation with empty or all-NA entries is deprecated. In a future version, this will no longer exclude empty or all-NA columns when determining the result dtypes. To retain the old behavior, exclude the relevant entries before the concat operation.
  df_total = pd.concat(all_dataframes, ignore_index=True)
[2026-08-10T00:08:43.578+0000] {docker.py:406} INFO - /app/main.py:148: FutureWarning: The behavior of DataFrame concatenation with empty or all-NA entries is deprecated. In a future version, this will no longer exclude empty or all-NA columns when determining the result dtypes. To retain the old behavior, exclude the relevant entries before the concat operation.
  df_total = pd.concat(all_dataframes, ignore_index=True)
[2026-08-10T00:08:43.597+0000] {docker.py:406} INFO - 🔎 DEBUG df_total juste après concat : 0 Entrées avec output_id
[2026-08-10T00:08:43.648+0000] {docker.py:406} INFO - 🔎 DEBUG après to_datetime : sortie_record_date non-null=25072, registration_date non-null=70128
[2026-08-10T00:08:47.192+0000] {docker.py:406} INFO - 🔎 DEBUG duree_numerisation_h non-null au final : 27270
[2026-08-10T00:08:47.209+0000] {docker.py:406} INFO - 🚀 Initialisation de la base DuckDB à l'emplacement : /app/duckdb_store/analytics.duckdb
[2026-08-10T00:08:48.744+0000] {docker.py:406} INFO - 🔓 Permissions ajustées (666) sur /app/duckdb_store/analytics.duckdb pour Reflex.
✅ Data Warehouse DuckDB mis à jour avec succès !
📊 Total des dossiers consolidés : 70128

📍 Répartition par site :
[2026-08-10T00:08:48.750+0000] {docker.py:406} INFO - csf_geographique  count_star()
0            Mbour          8405
1    Dakar Plateau         33404
2    Ngor-Almadies         28319

📍 Répartition par type (Entrée/Sortie) :
[2026-08-10T00:08:48.755+0000] {docker.py:406} INFO - vrai_type  count_star()
0    Sortie         28572
1    Entrèe         41556

📍 Anomalies chronologiques :
[2026-08-10T00:08:48.759+0000] {docker.py:406} INFO - anomalie_chronologie  count_star()
0                 False         70128
[2026-08-10T00:08:49.525+0000] {taskinstance.py:1400} INFO - Marking task as SUCCESS. dag_id=pipeline_ingestion_suivi, task_id=execution_pipeline_etl, execution_date=20260809T230000, start_date=20260810T000824, end_date=20260810T000849
[2026-08-10T00:08:49.608+0000] {local_task_job_runner.py:228} INFO - Task exited with return code 0
[2026-08-10T00:08:49.748+0000] {taskinstance.py:2778} INFO - 0 downstream tasks scheduled from follow-on schedule check
