[2026-06-25T00:01:09.294+0000] {taskinstance.py:1159} INFO - Dependencies all met for dep_context=non-requeueable deps ti=<TaskInstance: pipeline_ingestion_suivi.execution_pipeline_etl scheduled__2026-06-24T23:00:00+00:00 [queued]>
[2026-06-25T00:01:09.338+0000] {taskinstance.py:1159} INFO - Dependencies all met for dep_context=requeueable deps ti=<TaskInstance: pipeline_ingestion_suivi.execution_pipeline_etl scheduled__2026-06-24T23:00:00+00:00 [queued]>
[2026-06-25T00:01:09.341+0000] {taskinstance.py:1361} INFO - Starting attempt 2 of 2
[2026-06-25T00:01:09.398+0000] {taskinstance.py:1382} INFO - Executing <Task(DockerOperator): execution_pipeline_etl> on 2026-06-24 23:00:00+00:00
[2026-06-25T00:01:09.419+0000] {standard_task_runner.py:57} INFO - Started process 175 to run task
[2026-06-25T00:01:09.427+0000] {standard_task_runner.py:84} INFO - Running: ['airflow', 'tasks', 'run', 'pipeline_ingestion_suivi', 'execution_pipeline_etl', 'scheduled__2026-06-24T23:00:00+00:00', '--job-id', '14', '--raw', '--subdir', 'DAGS_FOLDER/dag_suivi.py', '--cfg-path', '/tmp/tmpsg980ee5']
[2026-06-25T00:01:09.433+0000] {standard_task_runner.py:85} INFO - Job 14: Subtask execution_pipeline_etl
[2026-06-25T00:01:09.540+0000] {task_command.py:416} INFO - Running <TaskInstance: pipeline_ingestion_suivi.execution_pipeline_etl scheduled__2026-06-24T23:00:00+00:00 [running]> on host 3d6cb1dffcc5
[2026-06-25T00:01:09.700+0000] {taskinstance.py:1662} INFO - Exporting env vars: AIRFLOW_CTX_DAG_OWNER='falilou_mfd' AIRFLOW_CTX_DAG_ID='pipeline_ingestion_suivi' AIRFLOW_CTX_TASK_ID='execution_pipeline_etl' AIRFLOW_CTX_EXECUTION_DATE='2026-06-24T23:00:00+00:00' AIRFLOW_CTX_TRY_NUMBER='2' AIRFLOW_CTX_DAG_RUN_ID='scheduled__2026-06-24T23:00:00+00:00'
[2026-06-25T00:01:09.832+0000] {docker.py:337} INFO - Starting docker container from image suivi_data_processor:v1
[2026-06-25T00:01:15.568+0000] {docker.py:406} INFO - Traceback (most recent call last):
  File "/app/main.py", line 183, in <module>
[2026-06-25T00:01:15.569+0000] {docker.py:406} INFO - 📥 Extraction de Cadastre pour Dakar Plateau...
📥 Extraction de Domaines pour Dakar Plateau...
📥 Extraction de Conservation pour Dakar Plateau...
🚀 Initialisation de la base DuckDB à l'emplacement : /app/duckdb_store/analytics.duckdb
⚡ Chargement des données uniques et nettoyées dans DuckDB...
[2026-06-25T00:01:15.570+0000] {docker.py:406} INFO - extract_and_transform()
  File "/app/main.py", line 175, in extract_and_transform
[2026-06-25T00:01:15.571+0000] {docker.py:406} INFO - df_to_insert = df_total[final_db_columns]
  File "/usr/local/lib/python3.10/site-packages/pandas/core/frame.py", line 4119, in __getitem__
[2026-06-25T00:01:15.571+0000] {docker.py:406} INFO - indexer = self.columns._get_indexer_strict(key, "columns")[1]
  File "/usr/local/lib/python3.10/site-packages/pandas/core/indexes/base.py", line 6212, in _get_indexer_strict
[2026-06-25T00:01:15.573+0000] {docker.py:406} INFO - self._raise_if_missing(keyarr, indexer, axis_name)
  File "/usr/local/lib/python3.10/site-packages/pandas/core/indexes/base.py", line 6264, in _raise_if_missing
[2026-06-25T00:01:15.575+0000] {docker.py:406} INFO - raise KeyError(f"{not_found} not in index")
KeyError: "['service_origine'] not in index"
[2026-06-25T00:01:16.206+0000] {taskinstance.py:1937} ERROR - Task failed with exception
Traceback (most recent call last):
  File "/home/airflow/.local/lib/python3.10/site-packages/airflow/providers/docker/operators/docker.py", line 479, in execute
    return self._run_image()
  File "/home/airflow/.local/lib/python3.10/site-packages/airflow/providers/docker/operators/docker.py", line 354, in _run_image
    return self._run_image_with_mounts(self.mounts, add_tmp_variable=False)
  File "/home/airflow/.local/lib/python3.10/site-packages/airflow/providers/docker/operators/docker.py", line 414, in _run_image_with_mounts
    raise DockerContainerFailedException(f"Docker container failed: {result!r}", logs=log_lines)
airflow.providers.docker.exceptions.DockerContainerFailedException: Docker container failed: {'StatusCode': 1}
[2026-06-25T00:01:16.211+0000] {taskinstance.py:1400} INFO - Marking task as FAILED. dag_id=pipeline_ingestion_suivi, task_id=execution_pipeline_etl, execution_date=20260624T230000, start_date=20260625T000109, end_date=20260625T000116
[2026-06-25T00:01:16.244+0000] {standard_task_runner.py:104} ERROR - Failed to execute job 14 for task execution_pipeline_etl (Docker container failed: {'StatusCode': 1}; 175)
[2026-06-25T00:01:16.305+0000] {local_task_job_runner.py:228} INFO - Task exited with return code 1
[2026-06-25T00:01:16.362+0000] {taskinstance.py:2778} INFO - 0 downstream tasks scheduled from follow-on schedule check
[2026-06-25T00:17:40.155+0000] {taskinstance.py:1159} INFO - Dependencies all met for dep_context=non-requeueable deps ti=<TaskInstance: pipeline_ingestion_suivi.execution_pipeline_etl scheduled__2026-06-24T23:00:00+00:00 [queued]>
[2026-06-25T00:17:40.172+0000] {taskinstance.py:1159} INFO - Dependencies all met for dep_context=requeueable deps ti=<TaskInstance: pipeline_ingestion_suivi.execution_pipeline_etl scheduled__2026-06-24T23:00:00+00:00 [queued]>
[2026-06-25T00:17:40.173+0000] {taskinstance.py:1361} INFO - Starting attempt 2 of 2
[2026-06-25T00:17:40.204+0000] {taskinstance.py:1382} INFO - Executing <Task(DockerOperator): execution_pipeline_etl> on 2026-06-24 23:00:00+00:00
[2026-06-25T00:17:40.215+0000] {standard_task_runner.py:57} INFO - Started process 278 to run task
[2026-06-25T00:17:40.222+0000] {standard_task_runner.py:84} INFO - Running: ['airflow', 'tasks', 'run', 'pipeline_ingestion_suivi', 'execution_pipeline_etl', 'scheduled__2026-06-24T23:00:00+00:00', '--job-id', '5', '--raw', '--subdir', 'DAGS_FOLDER/dag_suivi.py', '--cfg-path', '/tmp/tmpck1qwhec']
[2026-06-25T00:17:40.229+0000] {standard_task_runner.py:85} INFO - Job 5: Subtask execution_pipeline_etl
[2026-06-25T00:17:40.532+0000] {task_command.py:416} INFO - Running <TaskInstance: pipeline_ingestion_suivi.execution_pipeline_etl scheduled__2026-06-24T23:00:00+00:00 [running]> on host a12615e1ee0f
[2026-06-25T00:17:40.799+0000] {taskinstance.py:1662} INFO - Exporting env vars: AIRFLOW_CTX_DAG_OWNER='falilou_mfd' AIRFLOW_CTX_DAG_ID='pipeline_ingestion_suivi' AIRFLOW_CTX_TASK_ID='execution_pipeline_etl' AIRFLOW_CTX_EXECUTION_DATE='2026-06-24T23:00:00+00:00' AIRFLOW_CTX_TRY_NUMBER='2' AIRFLOW_CTX_DAG_RUN_ID='scheduled__2026-06-24T23:00:00+00:00'
[2026-06-25T00:17:40.955+0000] {docker.py:337} INFO - Starting docker container from image suivi_data_processor:v1
[2026-06-25T00:17:41.014+0000] {taskinstance.py:1937} ERROR - Task failed with exception
Traceback (most recent call last):
  File "/home/airflow/.local/lib/python3.10/site-packages/docker/api/client.py", line 268, in _raise_for_status
    response.raise_for_status()
  File "/home/airflow/.local/lib/python3.10/site-packages/requests/models.py", line 1021, in raise_for_status
    raise HTTPError(http_error_msg, response=self)
requests.exceptions.HTTPError: 409 Client Error: Conflict for url: http+docker://localhost/v1.54/containers/create?name=airflow_worker_etl_run

The above exception was the direct cause of the following exception:

Traceback (most recent call last):
  File "/home/airflow/.local/lib/python3.10/site-packages/airflow/providers/docker/operators/docker.py", line 479, in execute
    return self._run_image()
  File "/home/airflow/.local/lib/python3.10/site-packages/airflow/providers/docker/operators/docker.py", line 354, in _run_image
    return self._run_image_with_mounts(self.mounts, add_tmp_variable=False)
  File "/home/airflow/.local/lib/python3.10/site-packages/airflow/providers/docker/operators/docker.py", line 369, in _run_image_with_mounts
    self.container = self.cli.create_container(
  File "/home/airflow/.local/lib/python3.10/site-packages/docker/api/container.py", line 431, in create_container
    return self.create_container_from_config(config, name, platform)
  File "/home/airflow/.local/lib/python3.10/site-packages/docker/api/container.py", line 448, in create_container_from_config
    return self._result(res, True)
  File "/home/airflow/.local/lib/python3.10/site-packages/docker/api/client.py", line 274, in _result
    self._raise_for_status(response)
  File "/home/airflow/.local/lib/python3.10/site-packages/docker/api/client.py", line 270, in _raise_for_status
    raise create_api_error_from_http_exception(e) from e
  File "/home/airflow/.local/lib/python3.10/site-packages/docker/errors.py", line 39, in create_api_error_from_http_exception
    raise cls(e, response=response, explanation=explanation) from e
docker.errors.APIError: 409 Client Error for http+docker://localhost/v1.54/containers/create?name=airflow_worker_etl_run: Conflict ("Conflict. The container name "/airflow_worker_etl_run" is already in use by container "aeae82319507c7af191263d8329a42718e5b25b71a859ad04d537f9f6ff0bcf9". You have to remove (or rename) that container to be able to reuse that name.")
[2026-06-25T00:17:41.053+0000] {taskinstance.py:1400} INFO - Marking task as FAILED. dag_id=pipeline_ingestion_suivi, task_id=execution_pipeline_etl, execution_date=20260624T230000, start_date=20260625T001740, end_date=20260625T001741
[2026-06-25T00:17:41.076+0000] {standard_task_runner.py:104} ERROR - Failed to execute job 5 for task execution_pipeline_etl (409 Client Error for http+docker://localhost/v1.54/containers/create?name=airflow_worker_etl_run: Conflict ("Conflict. The container name "/airflow_worker_etl_run" is already in use by container "aeae82319507c7af191263d8329a42718e5b25b71a859ad04d537f9f6ff0bcf9". You have to remove (or rename) that container to be able to reuse that name."); 278)
[2026-06-25T00:17:41.128+0000] {local_task_job_runner.py:228} INFO - Task exited with return code 1
[2026-06-25T00:17:41.171+0000] {taskinstance.py:2778} INFO - 0 downstream tasks scheduled from follow-on schedule check
