[2026-07-30T01:28:03.872+0000] {taskinstance.py:1159} INFO - Dependencies all met for dep_context=non-requeueable deps ti=<TaskInstance: pipeline_ingestion_suivi.execution_pipeline_etl scheduled__2026-07-30T00:00:00+00:00 [queued]>
[2026-07-30T01:28:03.883+0000] {taskinstance.py:1159} INFO - Dependencies all met for dep_context=requeueable deps ti=<TaskInstance: pipeline_ingestion_suivi.execution_pipeline_etl scheduled__2026-07-30T00:00:00+00:00 [queued]>
[2026-07-30T01:28:03.884+0000] {taskinstance.py:1361} INFO - Starting attempt 2 of 2
[2026-07-30T01:28:03.902+0000] {taskinstance.py:1382} INFO - Executing <Task(DockerOperator): execution_pipeline_etl> on 2026-07-30 00:00:00+00:00
[2026-07-30T01:28:03.910+0000] {standard_task_runner.py:57} INFO - Started process 9259 to run task
[2026-07-30T01:28:03.916+0000] {standard_task_runner.py:84} INFO - Running: ['airflow', 'tasks', 'run', 'pipeline_ingestion_suivi', 'execution_pipeline_etl', 'scheduled__2026-07-30T00:00:00+00:00', '--job-id', '307', '--raw', '--subdir', 'DAGS_FOLDER/dag_suivi.py', '--cfg-path', '/tmp/tmp1x_yygn_']
[2026-07-30T01:28:03.921+0000] {standard_task_runner.py:85} INFO - Job 307: Subtask execution_pipeline_etl
[2026-07-30T01:28:04.014+0000] {task_command.py:416} INFO - Running <TaskInstance: pipeline_ingestion_suivi.execution_pipeline_etl scheduled__2026-07-30T00:00:00+00:00 [running]> on host 93e7be027a1d
[2026-07-30T01:28:04.169+0000] {taskinstance.py:1662} INFO - Exporting env vars: AIRFLOW_CTX_DAG_OWNER='falilou_mfd' AIRFLOW_CTX_DAG_ID='pipeline_ingestion_suivi' AIRFLOW_CTX_TASK_ID='execution_pipeline_etl' AIRFLOW_CTX_EXECUTION_DATE='2026-07-30T00:00:00+00:00' AIRFLOW_CTX_TRY_NUMBER='2' AIRFLOW_CTX_DAG_RUN_ID='scheduled__2026-07-30T00:00:00+00:00'
[2026-07-30T01:28:04.284+0000] {docker.py:337} INFO - Starting docker container from image suivi_data_processor:v1
[2026-07-30T01:28:05.935+0000] {docker.py:406} INFO - 🌍 Début de l'extraction pour le site : Dakar Plateau (dkp)
  📥 Extraction de Cadastre depuis [cadastre_dkp_db]...
[2026-07-30T01:28:09.768+0000] {docker.py:406} INFO - 🔎 DEBUG [cadastre_dkp_db] Entrées liées à une sortie (output_id) après dedup : 0
  📥 Extraction de Domaines depuis [domaines_dkp_db]...
[2026-07-30T01:28:10.985+0000] {docker.py:406} INFO - 🔎 DEBUG [domaines_dkp_db] Entrées liées à une sortie (output_id) après dedup : 0
  📥 Extraction de Conservation depuis [conservation_dkp_db]...
[2026-07-30T01:28:15.525+0000] {docker.py:406} INFO - 🔎 DEBUG [conservation_dkp_db] Entrées liées à une sortie (output_id) après dedup : 0

🌍 Début de l'extraction pour le site : Ngor-Almadies (nga)
  📥 Extraction de Cadastre depuis [cadastre_nga_db]...
[2026-07-30T01:28:19.888+0000] {docker.py:406} INFO - 🔎 DEBUG [cadastre_nga_db] Entrées liées à une sortie (output_id) après dedup : 0
  📥 Extraction de Domaines depuis [domaines_nga_db]...
[2026-07-30T01:28:21.474+0000] {docker.py:406} INFO - 🔎 DEBUG [domaines_nga_db] Entrées liées à une sortie (output_id) après dedup : 0
  📥 Extraction de Conservation depuis [conservation_nga_db]...
[2026-07-30T01:28:23.638+0000] {docker.py:406} INFO - 🔎 DEBUG [conservation_nga_db] Entrées liées à une sortie (output_id) après dedup : 0

🌍 Début de l'extraction pour le site : Mbour (mb)
  📥 Extraction de Cadastre depuis [cadastre_mb_db]...
[2026-07-30T01:28:24.910+0000] {docker.py:406} INFO - 🔎 DEBUG [cadastre_mb_db] Entrées liées à une sortie (output_id) après dedup : 0
  📥 Extraction de Domaines depuis [domaines_mb_db]...
[2026-07-30T01:28:24.981+0000] {docker.py:406} INFO - 🔎 DEBUG [domaines_mb_db] Entrées liées à une sortie (output_id) après dedup : 0
  📥 Extraction de Conservation depuis [conservation_mb_db]...
[2026-07-30T01:28:25.788+0000] {docker.py:406} INFO - 🔎 DEBUG [conservation_mb_db] Entrées liées à une sortie (output_id) après dedup : 0
[2026-07-30T01:28:25.794+0000] {docker.py:406} INFO - /app/main.py:148: FutureWarning: The behavior of DataFrame concatenation with empty or all-NA entries is deprecated. In a future version, this will no longer exclude empty or all-NA columns when determining the result dtypes. To retain the old behavior, exclude the relevant entries before the concat operation.
  df_total = pd.concat(all_dataframes, ignore_index=True)
[2026-07-30T01:28:25.807+0000] {docker.py:406} INFO - /app/main.py:148: FutureWarning: The behavior of DataFrame concatenation with empty or all-NA entries is deprecated. In a future version, this will no longer exclude empty or all-NA columns when determining the result dtypes. To retain the old behavior, exclude the relevant entries before the concat operation.
  df_total = pd.concat(all_dataframes, ignore_index=True)
[2026-07-30T01:28:25.810+0000] {docker.py:406} INFO - /app/main.py:148: FutureWarning: The behavior of DataFrame concatenation with empty or all-NA entries is deprecated. In a future version, this will no longer exclude empty or all-NA columns when determining the result dtypes. To retain the old behavior, exclude the relevant entries before the concat operation.
  df_total = pd.concat(all_dataframes, ignore_index=True)
[2026-07-30T01:28:25.812+0000] {docker.py:406} INFO - /app/main.py:148: FutureWarning: The behavior of DataFrame concatenation with empty or all-NA entries is deprecated. In a future version, this will no longer exclude empty or all-NA columns when determining the result dtypes. To retain the old behavior, exclude the relevant entries before the concat operation.
  df_total = pd.concat(all_dataframes, ignore_index=True)
[2026-07-30T01:28:25.829+0000] {docker.py:406} INFO - 🔎 DEBUG df_total juste après concat : 0 Entrées avec output_id
[2026-07-30T01:28:25.872+0000] {docker.py:406} INFO - 🔎 DEBUG après to_datetime : sortie_record_date non-null=25072, registration_date non-null=70128
[2026-07-30T01:28:30.266+0000] {docker.py:406} INFO - 🔎 DEBUG duree_numerisation_h non-null au final : 27270
[2026-07-30T01:28:30.288+0000] {docker.py:406} INFO - 🚀 Initialisation de la base DuckDB à l'emplacement : /app/duckdb_store/analytics.duckdb
[2026-07-30T01:28:31.387+0000] {docker.py:406} INFO - 🔓 Permissions ajustées (666) sur /app/duckdb_store/analytics.duckdb pour Reflex.
✅ Data Warehouse DuckDB mis à jour avec succès !
📊 Total des dossiers consolidés : 70128

📍 Répartition par site :
[2026-07-30T01:28:31.395+0000] {docker.py:406} INFO - csf_geographique  count_star()
0            Mbour          8405
1    Dakar Plateau         33404
2    Ngor-Almadies         28319

📍 Répartition par type (Entrée/Sortie) :
[2026-07-30T01:28:31.402+0000] {docker.py:406} INFO - vrai_type  count_star()
0    Sortie         28572
1    Entrèe         41556

📍 Anomalies chronologiques :
[2026-07-30T01:28:31.408+0000] {docker.py:406} INFO - anomalie_chronologie  count_star()
0                 False         70128
[2026-07-30T01:28:32.072+0000] {taskinstance.py:1400} INFO - Marking task as SUCCESS. dag_id=pipeline_ingestion_suivi, task_id=execution_pipeline_etl, execution_date=20260730T000000, start_date=20260730T012803, end_date=20260730T012832
[2026-07-30T01:28:32.135+0000] {local_task_job_runner.py:228} INFO - Task exited with return code 0
[2026-07-30T01:28:32.206+0000] {taskinstance.py:2778} INFO - 0 downstream tasks scheduled from follow-on schedule check
