[2026-07-03T11:00:01.284+0000] {taskinstance.py:1159} INFO - Dependencies all met for dep_context=non-requeueable deps ti=<TaskInstance: pipeline_ingestion_suivi.execution_pipeline_etl scheduled__2026-07-03T10:00:00+00:00 [queued]>
[2026-07-03T11:00:01.295+0000] {taskinstance.py:1159} INFO - Dependencies all met for dep_context=requeueable deps ti=<TaskInstance: pipeline_ingestion_suivi.execution_pipeline_etl scheduled__2026-07-03T10:00:00+00:00 [queued]>
[2026-07-03T11:00:01.296+0000] {taskinstance.py:1361} INFO - Starting attempt 1 of 2
[2026-07-03T11:00:01.313+0000] {taskinstance.py:1382} INFO - Executing <Task(DockerOperator): execution_pipeline_etl> on 2026-07-03 10:00:00+00:00
[2026-07-03T11:00:01.319+0000] {standard_task_runner.py:57} INFO - Started process 435 to run task
[2026-07-03T11:00:01.325+0000] {standard_task_runner.py:84} INFO - Running: ['airflow', 'tasks', 'run', 'pipeline_ingestion_suivi', 'execution_pipeline_etl', 'scheduled__2026-07-03T10:00:00+00:00', '--job-id', '206', '--raw', '--subdir', 'DAGS_FOLDER/dag_suivi.py', '--cfg-path', '/tmp/tmpke61qto5']
[2026-07-03T11:00:01.329+0000] {standard_task_runner.py:85} INFO - Job 206: Subtask execution_pipeline_etl
[2026-07-03T11:00:01.411+0000] {task_command.py:416} INFO - Running <TaskInstance: pipeline_ingestion_suivi.execution_pipeline_etl scheduled__2026-07-03T10:00:00+00:00 [running]> on host 7bcc2e947902
[2026-07-03T11:00:01.551+0000] {taskinstance.py:1662} INFO - Exporting env vars: AIRFLOW_CTX_DAG_OWNER='falilou_mfd' AIRFLOW_CTX_DAG_ID='pipeline_ingestion_suivi' AIRFLOW_CTX_TASK_ID='execution_pipeline_etl' AIRFLOW_CTX_EXECUTION_DATE='2026-07-03T10:00:00+00:00' AIRFLOW_CTX_TRY_NUMBER='1' AIRFLOW_CTX_DAG_RUN_ID='scheduled__2026-07-03T10:00:00+00:00'
[2026-07-03T11:00:01.641+0000] {docker.py:337} INFO - Starting docker container from image suivi_data_processor:v1
[2026-07-03T11:00:03.867+0000] {docker.py:406} INFO - 📥 Extraction de Cadastre pour Dakar Plateau...
[2026-07-03T11:00:05.532+0000] {docker.py:406} INFO - 📥 Extraction de Domaines pour Dakar Plateau...
[2026-07-03T11:00:06.000+0000] {docker.py:406} INFO - 📥 Extraction de Conservation pour Dakar Plateau...
[2026-07-03T11:00:07.611+0000] {docker.py:406} INFO - 🚀 Initialisation de la base DuckDB à l'emplacement : /app/duckdb_store/analytics.duckdb
⚡ Chargement des données uniques et nettoyées dans DuckDB...
[2026-07-03T11:00:07.772+0000] {docker.py:406} INFO - ✅ Data Warehouse DuckDB mis à jour avec succès pour Dakar Plateau (Schéma synchronisé) !
[2026-07-03T11:00:08.284+0000] {taskinstance.py:1400} INFO - Marking task as SUCCESS. dag_id=pipeline_ingestion_suivi, task_id=execution_pipeline_etl, execution_date=20260703T100000, start_date=20260703T110001, end_date=20260703T110008
[2026-07-03T11:00:08.395+0000] {local_task_job_runner.py:228} INFO - Task exited with return code 0
[2026-07-03T11:00:08.433+0000] {taskinstance.py:2778} INFO - 0 downstream tasks scheduled from follow-on schedule check
[2026-07-03T11:40:33.479+0000] {taskinstance.py:1159} INFO - Dependencies all met for dep_context=non-requeueable deps ti=<TaskInstance: pipeline_ingestion_suivi.execution_pipeline_etl scheduled__2026-07-03T10:00:00+00:00 [queued]>
[2026-07-03T11:40:33.493+0000] {taskinstance.py:1159} INFO - Dependencies all met for dep_context=requeueable deps ti=<TaskInstance: pipeline_ingestion_suivi.execution_pipeline_etl scheduled__2026-07-03T10:00:00+00:00 [queued]>
[2026-07-03T11:40:33.494+0000] {taskinstance.py:1361} INFO - Starting attempt 1 of 2
[2026-07-03T11:40:33.511+0000] {taskinstance.py:1382} INFO - Executing <Task(DockerOperator): execution_pipeline_etl> on 2026-07-03 10:00:00+00:00
[2026-07-03T11:40:33.517+0000] {standard_task_runner.py:57} INFO - Started process 235 to run task
[2026-07-03T11:40:33.523+0000] {standard_task_runner.py:84} INFO - Running: ['airflow', 'tasks', 'run', 'pipeline_ingestion_suivi', 'execution_pipeline_etl', 'scheduled__2026-07-03T10:00:00+00:00', '--job-id', '2', '--raw', '--subdir', 'DAGS_FOLDER/dag_suivi.py', '--cfg-path', '/tmp/tmpe07ex2yt']
[2026-07-03T11:40:33.529+0000] {standard_task_runner.py:85} INFO - Job 2: Subtask execution_pipeline_etl
[2026-07-03T11:40:33.607+0000] {task_command.py:416} INFO - Running <TaskInstance: pipeline_ingestion_suivi.execution_pipeline_etl scheduled__2026-07-03T10:00:00+00:00 [running]> on host a1cba7eda717
[2026-07-03T11:40:33.722+0000] {taskinstance.py:1662} INFO - Exporting env vars: AIRFLOW_CTX_DAG_OWNER='falilou_mfd' AIRFLOW_CTX_DAG_ID='pipeline_ingestion_suivi' AIRFLOW_CTX_TASK_ID='execution_pipeline_etl' AIRFLOW_CTX_EXECUTION_DATE='2026-07-03T10:00:00+00:00' AIRFLOW_CTX_TRY_NUMBER='1' AIRFLOW_CTX_DAG_RUN_ID='scheduled__2026-07-03T10:00:00+00:00'
[2026-07-03T11:40:33.799+0000] {docker.py:337} INFO - Starting docker container from image suivi_data_processor:v1
[2026-07-03T11:40:35.613+0000] {docker.py:406} INFO - 🌍 Début de l'extraction pour le site : Dakar Plateau (dkp)
  📥 Extraction de Cadastre depuis [cadastre_dkp_db]...
[2026-07-03T11:40:35.705+0000] {docker.py:406} INFO - ⚠️ Échec sur cadastre_dkp_db : (psycopg2.errors.UndefinedTable) relation "public.e_s_record" does not exist
LINE 14:         FROM public.e_s_record r
                      ^

[SQL: 
        SELECT 
            u.first_name || ' ' || u.last_name AS operateur,
            r.record_date AS registration_date,
            r.return_date AS date_retour,
            r.folder_is_update AS dossier_mis_a_jour,
            r.is_for_scan, 
            r.folder_number AS numero_dossier,
            c.code AS csf_code, 
            c.label AS csf_label,
            cl.value AS motif_enregistrement, 
            i.is_unique_item,
            f.label AS folder_label
        FROM public.e_s_record r
        LEFT JOIN public.user_entity u ON r.user_id = u.id
        LEFT JOIN public.csf c ON r.csf_uid = c.uid
        LEFT JOIN public.code_list cl ON r.record_type = cl.uid
        LEFT JOIN public.recorded_item ri ON r.uid = ri.record_ref
        LEFT JOIN public.item i ON ri.item_ref = i.uid
        LEFT JOIN public.folder f ON i.folder_id = f.uid;
    ]
(Background on this error at: https://sqlalche.me/e/20/f405)
  📥 Extraction de Domaines depuis [domaines_dkp_db]...
[2026-07-03T11:40:35.730+0000] {docker.py:406} INFO - ⚠️ Échec sur domaines_dkp_db : (psycopg2.errors.UndefinedTable) relation "public.e_s_record" does not exist
LINE 14:         FROM public.e_s_record r
                      ^

[SQL: 
        SELECT 
            u.first_name || ' ' || u.last_name AS operateur,
            r.record_date AS registration_date,
            r.return_date AS date_retour,
            r.folder_is_update AS dossier_mis_a_jour,
            r.is_for_scan, 
            r.folder_number AS numero_dossier,
            c.code AS csf_code, 
            c.label AS csf_label,
            cl.value AS motif_enregistrement, 
            i.is_unique_item,
            f.label AS folder_label
        FROM public.e_s_record r
        LEFT JOIN public.user_entity u ON r.user_id = u.id
        LEFT JOIN public.csf c ON r.csf_uid = c.uid
        LEFT JOIN public.code_list cl ON r.record_type = cl.uid
        LEFT JOIN public.recorded_item ri ON r.uid = ri.record_ref
        LEFT JOIN public.item i ON ri.item_ref = i.uid
        LEFT JOIN public.folder f ON i.folder_id = f.uid;
    ]
(Background on this error at: https://sqlalche.me/e/20/f405)
  📥 Extraction de Conservation depuis [conservation_dkp_db]...
[2026-07-03T11:40:35.752+0000] {docker.py:406} INFO - ⚠️ Échec sur conservation_dkp_db : (psycopg2.errors.UndefinedTable) relation "public.e_s_record" does not exist
LINE 14:         FROM public.e_s_record r
                      ^

[SQL: 
        SELECT 
            u.first_name || ' ' || u.last_name AS operateur,
            r.record_date AS registration_date,
            r.return_date AS date_retour,
            r.folder_is_update AS dossier_mis_a_jour,
            r.is_for_scan, 
            r.folder_number AS numero_dossier,
            c.code AS csf_code, 
            c.label AS csf_label,
            cl.value AS motif_enregistrement, 
            i.is_unique_item,
            f.label AS folder_label
        FROM public.e_s_record r
        LEFT JOIN public.user_entity u ON r.user_id = u.id
        LEFT JOIN public.csf c ON r.csf_uid = c.uid
        LEFT JOIN public.code_list cl ON r.record_type = cl.uid
        LEFT JOIN public.recorded_item ri ON r.uid = ri.record_ref
        LEFT JOIN public.item i ON ri.item_ref = i.uid
        LEFT JOIN public.folder f ON i.folder_id = f.uid;
    ]
(Background on this error at: https://sqlalche.me/e/20/f405)

🌍 Début de l'extraction pour le site : Ngor-Almadies (nga)
  📥 Extraction de Cadastre depuis [cadastre_nga_db]...
[2026-07-03T11:40:35.775+0000] {docker.py:406} INFO - ⚠️ Échec sur cadastre_nga_db : (psycopg2.errors.UndefinedTable) relation "public.e_s_record" does not exist
LINE 14:         FROM public.e_s_record r
                      ^

[SQL: 
        SELECT 
            u.first_name || ' ' || u.last_name AS operateur,
            r.record_date AS registration_date,
            r.return_date AS date_retour,
            r.folder_is_update AS dossier_mis_a_jour,
            r.is_for_scan, 
            r.folder_number AS numero_dossier,
            c.code AS csf_code, 
            c.label AS csf_label,
            cl.value AS motif_enregistrement, 
            i.is_unique_item,
            f.label AS folder_label
        FROM public.e_s_record r
        LEFT JOIN public.user_entity u ON r.user_id = u.id
        LEFT JOIN public.csf c ON r.csf_uid = c.uid
        LEFT JOIN public.code_list cl ON r.record_type = cl.uid
        LEFT JOIN public.recorded_item ri ON r.uid = ri.record_ref
        LEFT JOIN public.item i ON ri.item_ref = i.uid
        LEFT JOIN public.folder f ON i.folder_id = f.uid;
    ]
(Background on this error at: https://sqlalche.me/e/20/f405)
  📥 Extraction de Domaines depuis [domaines_nga_db]...
[2026-07-03T11:40:35.792+0000] {docker.py:406} INFO - ⚠️ Échec sur domaines_nga_db : (psycopg2.errors.UndefinedTable) relation "public.e_s_record" does not exist
LINE 14:         FROM public.e_s_record r
                      ^

[SQL: 
        SELECT 
            u.first_name || ' ' || u.last_name AS operateur,
            r.record_date AS registration_date,
            r.return_date AS date_retour,
            r.folder_is_update AS dossier_mis_a_jour,
            r.is_for_scan, 
            r.folder_number AS numero_dossier,
            c.code AS csf_code, 
            c.label AS csf_label,
            cl.value AS motif_enregistrement, 
            i.is_unique_item,
            f.label AS folder_label
        FROM public.e_s_record r
        LEFT JOIN public.user_entity u ON r.user_id = u.id
        LEFT JOIN public.csf c ON r.csf_uid = c.uid
        LEFT JOIN public.code_list cl ON r.record_type = cl.uid
        LEFT JOIN public.recorded_item ri ON r.uid = ri.record_ref
        LEFT JOIN public.item i ON ri.item_ref = i.uid
        LEFT JOIN public.folder f ON i.folder_id = f.uid;
    ]
(Background on this error at: https://sqlalche.me/e/20/f405)
  📥 Extraction de Conservation depuis [conservation_nga_db]...
[2026-07-03T11:40:35.814+0000] {docker.py:406} INFO - ⚠️ Échec sur conservation_nga_db : (psycopg2.errors.UndefinedTable) relation "public.e_s_record" does not exist
LINE 14:         FROM public.e_s_record r
                      ^

[SQL: 
        SELECT 
            u.first_name || ' ' || u.last_name AS operateur,
            r.record_date AS registration_date,
            r.return_date AS date_retour,
            r.folder_is_update AS dossier_mis_a_jour,
            r.is_for_scan, 
            r.folder_number AS numero_dossier,
            c.code AS csf_code, 
            c.label AS csf_label,
            cl.value AS motif_enregistrement, 
            i.is_unique_item,
            f.label AS folder_label
        FROM public.e_s_record r
        LEFT JOIN public.user_entity u ON r.user_id = u.id
        LEFT JOIN public.csf c ON r.csf_uid = c.uid
        LEFT JOIN public.code_list cl ON r.record_type = cl.uid
        LEFT JOIN public.recorded_item ri ON r.uid = ri.record_ref
        LEFT JOIN public.item i ON ri.item_ref = i.uid
        LEFT JOIN public.folder f ON i.folder_id = f.uid;
    ]
(Background on this error at: https://sqlalche.me/e/20/f405)

🌍 Début de l'extraction pour le site : Mbour (mb)
  📥 Extraction de Cadastre depuis [cadastre_mb_db]...
[2026-07-03T11:40:35.832+0000] {docker.py:406} INFO - ⚠️ Échec sur cadastre_mb_db : (psycopg2.errors.UndefinedTable) relation "public.e_s_record" does not exist
LINE 14:         FROM public.e_s_record r
                      ^

[SQL: 
        SELECT 
            u.first_name || ' ' || u.last_name AS operateur,
            r.record_date AS registration_date,
            r.return_date AS date_retour,
            r.folder_is_update AS dossier_mis_a_jour,
            r.is_for_scan, 
            r.folder_number AS numero_dossier,
            c.code AS csf_code, 
            c.label AS csf_label,
            cl.value AS motif_enregistrement, 
            i.is_unique_item,
            f.label AS folder_label
        FROM public.e_s_record r
        LEFT JOIN public.user_entity u ON r.user_id = u.id
        LEFT JOIN public.csf c ON r.csf_uid = c.uid
        LEFT JOIN public.code_list cl ON r.record_type = cl.uid
        LEFT JOIN public.recorded_item ri ON r.uid = ri.record_ref
        LEFT JOIN public.item i ON ri.item_ref = i.uid
        LEFT JOIN public.folder f ON i.folder_id = f.uid;
    ]
(Background on this error at: https://sqlalche.me/e/20/f405)
  📥 Extraction de Domaines depuis [domaines_mb_db]...
[2026-07-03T11:40:35.854+0000] {docker.py:406} INFO - ⚠️ Échec sur domaines_mb_db : (psycopg2.errors.UndefinedTable) relation "public.e_s_record" does not exist
LINE 14:         FROM public.e_s_record r
                      ^

[SQL: 
        SELECT 
            u.first_name || ' ' || u.last_name AS operateur,
            r.record_date AS registration_date,
            r.return_date AS date_retour,
            r.folder_is_update AS dossier_mis_a_jour,
            r.is_for_scan, 
            r.folder_number AS numero_dossier,
            c.code AS csf_code, 
            c.label AS csf_label,
            cl.value AS motif_enregistrement, 
            i.is_unique_item,
            f.label AS folder_label
        FROM public.e_s_record r
        LEFT JOIN public.user_entity u ON r.user_id = u.id
        LEFT JOIN public.csf c ON r.csf_uid = c.uid
        LEFT JOIN public.code_list cl ON r.record_type = cl.uid
        LEFT JOIN public.recorded_item ri ON r.uid = ri.record_ref
        LEFT JOIN public.item i ON ri.item_ref = i.uid
        LEFT JOIN public.folder f ON i.folder_id = f.uid;
    ]
(Background on this error at: https://sqlalche.me/e/20/f405)
  📥 Extraction de Conservation depuis [conservation_mb_db]...
[2026-07-03T11:40:35.875+0000] {docker.py:406} INFO - ⚠️ Échec sur conservation_mb_db : (psycopg2.errors.UndefinedTable) relation "public.e_s_record" does not exist
LINE 14:         FROM public.e_s_record r
                      ^

[SQL: 
        SELECT 
            u.first_name || ' ' || u.last_name AS operateur,
            r.record_date AS registration_date,
            r.return_date AS date_retour,
            r.folder_is_update AS dossier_mis_a_jour,
            r.is_for_scan, 
            r.folder_number AS numero_dossier,
            c.code AS csf_code, 
            c.label AS csf_label,
            cl.value AS motif_enregistrement, 
            i.is_unique_item,
            f.label AS folder_label
        FROM public.e_s_record r
        LEFT JOIN public.user_entity u ON r.user_id = u.id
        LEFT JOIN public.csf c ON r.csf_uid = c.uid
        LEFT JOIN public.code_list cl ON r.record_type = cl.uid
        LEFT JOIN public.recorded_item ri ON r.uid = ri.record_ref
        LEFT JOIN public.item i ON ri.item_ref = i.uid
        LEFT JOIN public.folder f ON i.folder_id = f.uid;
    ]
(Background on this error at: https://sqlalche.me/e/20/f405)
❌ Aucune donnée extraite sur l'ensemble des sites.
[2026-07-03T11:40:36.434+0000] {taskinstance.py:1400} INFO - Marking task as SUCCESS. dag_id=pipeline_ingestion_suivi, task_id=execution_pipeline_etl, execution_date=20260703T100000, start_date=20260703T114033, end_date=20260703T114036
[2026-07-03T11:40:36.503+0000] {local_task_job_runner.py:228} INFO - Task exited with return code 0
[2026-07-03T11:40:36.576+0000] {taskinstance.py:2778} INFO - 0 downstream tasks scheduled from follow-on schedule check
[2026-07-03T11:57:06.740+0000] {taskinstance.py:1159} INFO - Dependencies all met for dep_context=non-requeueable deps ti=<TaskInstance: pipeline_ingestion_suivi.execution_pipeline_etl scheduled__2026-07-03T10:00:00+00:00 [queued]>
[2026-07-03T11:57:06.746+0000] {taskinstance.py:1159} INFO - Dependencies all met for dep_context=requeueable deps ti=<TaskInstance: pipeline_ingestion_suivi.execution_pipeline_etl scheduled__2026-07-03T10:00:00+00:00 [queued]>
[2026-07-03T11:57:06.747+0000] {taskinstance.py:1361} INFO - Starting attempt 1 of 2
[2026-07-03T11:57:06.759+0000] {taskinstance.py:1382} INFO - Executing <Task(DockerOperator): execution_pipeline_etl> on 2026-07-03 10:00:00+00:00
[2026-07-03T11:57:06.763+0000] {standard_task_runner.py:57} INFO - Started process 183 to run task
[2026-07-03T11:57:06.767+0000] {standard_task_runner.py:84} INFO - Running: ['airflow', 'tasks', 'run', 'pipeline_ingestion_suivi', 'execution_pipeline_etl', 'scheduled__2026-07-03T10:00:00+00:00', '--job-id', '2', '--raw', '--subdir', 'DAGS_FOLDER/dag_suivi.py', '--cfg-path', '/tmp/tmp4530pjg8']
[2026-07-03T11:57:06.771+0000] {standard_task_runner.py:85} INFO - Job 2: Subtask execution_pipeline_etl
[2026-07-03T11:57:06.827+0000] {task_command.py:416} INFO - Running <TaskInstance: pipeline_ingestion_suivi.execution_pipeline_etl scheduled__2026-07-03T10:00:00+00:00 [running]> on host 704d3ffa7329
[2026-07-03T11:57:06.914+0000] {taskinstance.py:1662} INFO - Exporting env vars: AIRFLOW_CTX_DAG_OWNER='falilou_mfd' AIRFLOW_CTX_DAG_ID='pipeline_ingestion_suivi' AIRFLOW_CTX_TASK_ID='execution_pipeline_etl' AIRFLOW_CTX_EXECUTION_DATE='2026-07-03T10:00:00+00:00' AIRFLOW_CTX_TRY_NUMBER='1' AIRFLOW_CTX_DAG_RUN_ID='scheduled__2026-07-03T10:00:00+00:00'
[2026-07-03T11:57:06.960+0000] {docker.py:337} INFO - Starting docker container from image suivi_data_processor:v1
[2026-07-03T11:57:08.056+0000] {docker.py:406} INFO - 🌍 Début de l'extraction pour le site : Dakar Plateau (dkp)
  📥 Extraction de Cadastre depuis [cadastre_dkp_db]...
[2026-07-03T11:57:08.125+0000] {docker.py:406} INFO - ⚠️ Échec sur cadastre_dkp_db : (psycopg2.errors.UndefinedTable) relation "public.user_entity" does not exist
LINE 15:         LEFT JOIN public.user_entity u ON r.user_id = u.id
                           ^

[SQL: 
        SELECT 
            u.first_name || ' ' || u.last_name AS operateur,
            r.record_date AS registration_date,
            r.return_date AS date_retour,
            r.folder_is_update AS dossier_mis_a_jour,
            r.is_for_scan, 
            r.folder_number AS numero_dossier,
            c.code AS csf_code, 
            c.label AS csf_label,
            cl.value AS motif_enregistrement, 
            i.is_unique_item,
            f.label AS folder_label
        FROM public.e_s_record r
        LEFT JOIN public.user_entity u ON r.user_id = u.id
        LEFT JOIN public.csf c ON r.csf_uid = c.uid
        LEFT JOIN public.code_list cl ON r.record_type = cl.uid
        LEFT JOIN public.recorded_item ri ON r.uid = ri.record_ref
        LEFT JOIN public.item i ON ri.item_ref = i.uid
        LEFT JOIN public.folder f ON i.folder_id = f.uid;
    ]
(Background on this error at: https://sqlalche.me/e/20/f405)
  📥 Extraction de Domaines depuis [domaines_dkp_db]...
[2026-07-03T11:57:08.139+0000] {docker.py:406} INFO - ⚠️ Échec sur domaines_dkp_db : (psycopg2.errors.UndefinedTable) relation "public.user_entity" does not exist
LINE 15:         LEFT JOIN public.user_entity u ON r.user_id = u.id
                           ^

[SQL: 
        SELECT 
            u.first_name || ' ' || u.last_name AS operateur,
            r.record_date AS registration_date,
            r.return_date AS date_retour,
            r.folder_is_update AS dossier_mis_a_jour,
            r.is_for_scan, 
            r.folder_number AS numero_dossier,
            c.code AS csf_code, 
            c.label AS csf_label,
            cl.value AS motif_enregistrement, 
            i.is_unique_item,
            f.label AS folder_label
        FROM public.e_s_record r
        LEFT JOIN public.user_entity u ON r.user_id = u.id
        LEFT JOIN public.csf c ON r.csf_uid = c.uid
        LEFT JOIN public.code_list cl ON r.record_type = cl.uid
        LEFT JOIN public.recorded_item ri ON r.uid = ri.record_ref
        LEFT JOIN public.item i ON ri.item_ref = i.uid
        LEFT JOIN public.folder f ON i.folder_id = f.uid;
    ]
(Background on this error at: https://sqlalche.me/e/20/f405)
  📥 Extraction de Conservation depuis [conservation_dkp_db]...
[2026-07-03T11:57:08.153+0000] {docker.py:406} INFO - ⚠️ Échec sur conservation_dkp_db : (psycopg2.errors.UndefinedTable) relation "public.user_entity" does not exist
LINE 15:         LEFT JOIN public.user_entity u ON r.user_id = u.id
                           ^

[SQL: 
        SELECT 
            u.first_name || ' ' || u.last_name AS operateur,
            r.record_date AS registration_date,
            r.return_date AS date_retour,
            r.folder_is_update AS dossier_mis_a_jour,
            r.is_for_scan, 
            r.folder_number AS numero_dossier,
            c.code AS csf_code, 
            c.label AS csf_label,
            cl.value AS motif_enregistrement, 
            i.is_unique_item,
            f.label AS folder_label
        FROM public.e_s_record r
        LEFT JOIN public.user_entity u ON r.user_id = u.id
        LEFT JOIN public.csf c ON r.csf_uid = c.uid
        LEFT JOIN public.code_list cl ON r.record_type = cl.uid
        LEFT JOIN public.recorded_item ri ON r.uid = ri.record_ref
        LEFT JOIN public.item i ON ri.item_ref = i.uid
        LEFT JOIN public.folder f ON i.folder_id = f.uid;
    ]
(Background on this error at: https://sqlalche.me/e/20/f405)

🌍 Début de l'extraction pour le site : Ngor-Almadies (nga)
  📥 Extraction de Cadastre depuis [cadastre_nga_db]...
[2026-07-03T11:57:08.171+0000] {docker.py:406} INFO - ⚠️ Échec sur cadastre_nga_db : (psycopg2.errors.UndefinedTable) relation "public.user_entity" does not exist
LINE 15:         LEFT JOIN public.user_entity u ON r.user_id = u.id
                           ^

[SQL: 
        SELECT 
            u.first_name || ' ' || u.last_name AS operateur,
            r.record_date AS registration_date,
            r.return_date AS date_retour,
            r.folder_is_update AS dossier_mis_a_jour,
            r.is_for_scan, 
            r.folder_number AS numero_dossier,
            c.code AS csf_code, 
            c.label AS csf_label,
            cl.value AS motif_enregistrement, 
            i.is_unique_item,
            f.label AS folder_label
        FROM public.e_s_record r
        LEFT JOIN public.user_entity u ON r.user_id = u.id
        LEFT JOIN public.csf c ON r.csf_uid = c.uid
        LEFT JOIN public.code_list cl ON r.record_type = cl.uid
        LEFT JOIN public.recorded_item ri ON r.uid = ri.record_ref
        LEFT JOIN public.item i ON ri.item_ref = i.uid
        LEFT JOIN public.folder f ON i.folder_id = f.uid;
    ]
(Background on this error at: https://sqlalche.me/e/20/f405)
  📥 Extraction de Domaines depuis [domaines_nga_db]...
[2026-07-03T11:57:08.188+0000] {docker.py:406} INFO - ⚠️ Échec sur domaines_nga_db : (psycopg2.errors.UndefinedTable) relation "public.user_entity" does not exist
LINE 15:         LEFT JOIN public.user_entity u ON r.user_id = u.id
                           ^

[SQL: 
        SELECT 
            u.first_name || ' ' || u.last_name AS operateur,
            r.record_date AS registration_date,
            r.return_date AS date_retour,
            r.folder_is_update AS dossier_mis_a_jour,
            r.is_for_scan, 
            r.folder_number AS numero_dossier,
            c.code AS csf_code, 
            c.label AS csf_label,
            cl.value AS motif_enregistrement, 
            i.is_unique_item,
            f.label AS folder_label
        FROM public.e_s_record r
        LEFT JOIN public.user_entity u ON r.user_id = u.id
        LEFT JOIN public.csf c ON r.csf_uid = c.uid
        LEFT JOIN public.code_list cl ON r.record_type = cl.uid
        LEFT JOIN public.recorded_item ri ON r.uid = ri.record_ref
        LEFT JOIN public.item i ON ri.item_ref = i.uid
        LEFT JOIN public.folder f ON i.folder_id = f.uid;
    ]
(Background on this error at: https://sqlalche.me/e/20/f405)
  📥 Extraction de Conservation depuis [conservation_nga_db]...
[2026-07-03T11:57:08.204+0000] {docker.py:406} INFO - ⚠️ Échec sur conservation_nga_db : (psycopg2.errors.UndefinedTable) relation "public.user_entity" does not exist
LINE 15:         LEFT JOIN public.user_entity u ON r.user_id = u.id
                           ^

[SQL: 
        SELECT 
            u.first_name || ' ' || u.last_name AS operateur,
            r.record_date AS registration_date,
            r.return_date AS date_retour,
            r.folder_is_update AS dossier_mis_a_jour,
            r.is_for_scan, 
            r.folder_number AS numero_dossier,
            c.code AS csf_code, 
            c.label AS csf_label,
            cl.value AS motif_enregistrement, 
            i.is_unique_item,
            f.label AS folder_label
        FROM public.e_s_record r
        LEFT JOIN public.user_entity u ON r.user_id = u.id
        LEFT JOIN public.csf c ON r.csf_uid = c.uid
        LEFT JOIN public.code_list cl ON r.record_type = cl.uid
        LEFT JOIN public.recorded_item ri ON r.uid = ri.record_ref
        LEFT JOIN public.item i ON ri.item_ref = i.uid
        LEFT JOIN public.folder f ON i.folder_id = f.uid;
    ]
(Background on this error at: https://sqlalche.me/e/20/f405)

🌍 Début de l'extraction pour le site : Mbour (mb)
  📥 Extraction de Cadastre depuis [cadastre_mb_db]...
[2026-07-03T11:57:08.220+0000] {docker.py:406} INFO - ⚠️ Échec sur cadastre_mb_db : (psycopg2.errors.UndefinedTable) relation "public.e_s_record" does not exist
LINE 14:         FROM public.e_s_record r
                      ^

[SQL: 
        SELECT 
            u.first_name || ' ' || u.last_name AS operateur,
            r.record_date AS registration_date,
            r.return_date AS date_retour,
            r.folder_is_update AS dossier_mis_a_jour,
            r.is_for_scan, 
            r.folder_number AS numero_dossier,
            c.code AS csf_code, 
            c.label AS csf_label,
            cl.value AS motif_enregistrement, 
            i.is_unique_item,
            f.label AS folder_label
        FROM public.e_s_record r
        LEFT JOIN public.user_entity u ON r.user_id = u.id
        LEFT JOIN public.csf c ON r.csf_uid = c.uid
        LEFT JOIN public.code_list cl ON r.record_type = cl.uid
        LEFT JOIN public.recorded_item ri ON r.uid = ri.record_ref
        LEFT JOIN public.item i ON ri.item_ref = i.uid
        LEFT JOIN public.folder f ON i.folder_id = f.uid;
    ]
(Background on this error at: https://sqlalche.me/e/20/f405)
  📥 Extraction de Domaines depuis [domaines_mb_db]...
[2026-07-03T11:57:08.262+0000] {docker.py:406} INFO - ⚠️ Échec sur domaines_mb_db : (psycopg2.errors.UndefinedTable) relation "public.user_entity" does not exist
LINE 15:         LEFT JOIN public.user_entity u ON r.user_id = u.id
                           ^

[SQL: 
        SELECT 
            u.first_name || ' ' || u.last_name AS operateur,
            r.record_date AS registration_date,
            r.return_date AS date_retour,
            r.folder_is_update AS dossier_mis_a_jour,
            r.is_for_scan, 
            r.folder_number AS numero_dossier,
            c.code AS csf_code, 
            c.label AS csf_label,
            cl.value AS motif_enregistrement, 
            i.is_unique_item,
            f.label AS folder_label
        FROM public.e_s_record r
        LEFT JOIN public.user_entity u ON r.user_id = u.id
        LEFT JOIN public.csf c ON r.csf_uid = c.uid
        LEFT JOIN public.code_list cl ON r.record_type = cl.uid
        LEFT JOIN public.recorded_item ri ON r.uid = ri.record_ref
        LEFT JOIN public.item i ON ri.item_ref = i.uid
        LEFT JOIN public.folder f ON i.folder_id = f.uid;
    ]
(Background on this error at: https://sqlalche.me/e/20/f405)
  📥 Extraction de Conservation depuis [conservation_mb_db]...
[2026-07-03T11:57:08.287+0000] {docker.py:406} INFO - ⚠️ Échec sur conservation_mb_db : (psycopg2.errors.UndefinedTable) relation "public.user_entity" does not exist
LINE 15:         LEFT JOIN public.user_entity u ON r.user_id = u.id
                           ^

[SQL: 
        SELECT 
            u.first_name || ' ' || u.last_name AS operateur,
            r.record_date AS registration_date,
            r.return_date AS date_retour,
            r.folder_is_update AS dossier_mis_a_jour,
            r.is_for_scan, 
            r.folder_number AS numero_dossier,
            c.code AS csf_code, 
            c.label AS csf_label,
            cl.value AS motif_enregistrement, 
            i.is_unique_item,
            f.label AS folder_label
        FROM public.e_s_record r
        LEFT JOIN public.user_entity u ON r.user_id = u.id
        LEFT JOIN public.csf c ON r.csf_uid = c.uid
        LEFT JOIN public.code_list cl ON r.record_type = cl.uid
        LEFT JOIN public.recorded_item ri ON r.uid = ri.record_ref
        LEFT JOIN public.item i ON ri.item_ref = i.uid
        LEFT JOIN public.folder f ON i.folder_id = f.uid;
    ]
(Background on this error at: https://sqlalche.me/e/20/f405)
❌ Aucune donnée extraite sur l'ensemble des sites.
[2026-07-03T11:57:08.773+0000] {taskinstance.py:1400} INFO - Marking task as SUCCESS. dag_id=pipeline_ingestion_suivi, task_id=execution_pipeline_etl, execution_date=20260703T100000, start_date=20260703T115706, end_date=20260703T115708
[2026-07-03T11:57:08.842+0000] {local_task_job_runner.py:228} INFO - Task exited with return code 0
[2026-07-03T11:57:08.896+0000] {taskinstance.py:2778} INFO - 0 downstream tasks scheduled from follow-on schedule check
