[2026-06-25T10:26:29.679+0000] {taskinstance.py:1159} INFO - Dependencies all met for dep_context=non-requeueable deps ti=<TaskInstance: pipeline_ingestion_suivi.execution_pipeline_etl manual__2026-06-25T10:26:29.075142+00:00 [queued]>
[2026-06-25T10:26:29.692+0000] {taskinstance.py:1159} INFO - Dependencies all met for dep_context=requeueable deps ti=<TaskInstance: pipeline_ingestion_suivi.execution_pipeline_etl manual__2026-06-25T10:26:29.075142+00:00 [queued]>
[2026-06-25T10:26:29.693+0000] {taskinstance.py:1361} INFO - Starting attempt 1 of 2
[2026-06-25T10:26:29.711+0000] {taskinstance.py:1382} INFO - Executing <Task(DockerOperator): execution_pipeline_etl> on 2026-06-25 10:26:29.075142+00:00
[2026-06-25T10:26:29.732+0000] {standard_task_runner.py:57} INFO - Started process 353 to run task
[2026-06-25T10:26:29.736+0000] {standard_task_runner.py:84} INFO - Running: ['airflow', 'tasks', 'run', 'pipeline_ingestion_suivi', 'execution_pipeline_etl', 'manual__2026-06-25T10:26:29.075142+00:00', '--job-id', '40', '--raw', '--subdir', 'DAGS_FOLDER/dag_suivi.py', '--cfg-path', '/tmp/tmpov2z429p']
[2026-06-25T10:26:29.739+0000] {standard_task_runner.py:85} INFO - Job 40: Subtask execution_pipeline_etl
[2026-06-25T10:26:29.791+0000] {task_command.py:416} INFO - Running <TaskInstance: pipeline_ingestion_suivi.execution_pipeline_etl manual__2026-06-25T10:26:29.075142+00:00 [running]> on host 7ad516dbfeee
[2026-06-25T10:26:29.866+0000] {taskinstance.py:1662} INFO - Exporting env vars: AIRFLOW_CTX_DAG_OWNER='falilou_mfd' AIRFLOW_CTX_DAG_ID='pipeline_ingestion_suivi' AIRFLOW_CTX_TASK_ID='execution_pipeline_etl' AIRFLOW_CTX_EXECUTION_DATE='2026-06-25T10:26:29.075142+00:00' AIRFLOW_CTX_TRY_NUMBER='1' AIRFLOW_CTX_DAG_RUN_ID='manual__2026-06-25T10:26:29.075142+00:00'
[2026-06-25T10:26:29.911+0000] {docker.py:337} INFO - Starting docker container from image suivi_data_processor:v1
[2026-06-25T10:26:30.681+0000] {docker.py:406} INFO - 📥 Extraction de Cadastre pour Dakar Plateau...
[2026-06-25T10:26:31.496+0000] {docker.py:406} INFO - 📥 Extraction de Domaines pour Dakar Plateau...
[2026-06-25T10:26:31.764+0000] {docker.py:406} INFO - 📥 Extraction de Conservation pour Dakar Plateau...
[2026-06-25T10:26:32.778+0000] {docker.py:406} INFO - 🚀 Initialisation de la base DuckDB à l'emplacement : /app/duckdb_store/analytics.duckdb
⚡ Chargement des données uniques et nettoyées dans DuckDB...
[2026-06-25T10:26:32.796+0000] {docker.py:406} INFO - 🔧 Évolution du schéma détectée : Ajout de la colonne 'anomalie_chronologie' dans DuckDB
[2026-06-25T10:26:32.931+0000] {docker.py:406} INFO - ✅ Data Warehouse DuckDB mis à jour avec succès pour Dakar Plateau (Schéma synchronisé) !
[2026-06-25T10:26:33.376+0000] {taskinstance.py:1400} INFO - Marking task as SUCCESS. dag_id=pipeline_ingestion_suivi, task_id=execution_pipeline_etl, execution_date=20260625T102629, start_date=20260625T102629, end_date=20260625T102633
[2026-06-25T10:26:33.409+0000] {local_task_job_runner.py:228} INFO - Task exited with return code 0
[2026-06-25T10:26:33.434+0000] {taskinstance.py:2778} INFO - 0 downstream tasks scheduled from follow-on schedule check
