[2026-06-25T09:50:41.529+0000] {taskinstance.py:1159} INFO - Dependencies all met for dep_context=non-requeueable deps ti=<TaskInstance: pipeline_ingestion_suivi.execution_pipeline_etl manual__2026-06-25T09:50:40.790557+00:00 [queued]>
[2026-06-25T09:50:41.539+0000] {taskinstance.py:1159} INFO - Dependencies all met for dep_context=requeueable deps ti=<TaskInstance: pipeline_ingestion_suivi.execution_pipeline_etl manual__2026-06-25T09:50:40.790557+00:00 [queued]>
[2026-06-25T09:50:41.539+0000] {taskinstance.py:1361} INFO - Starting attempt 1 of 2
[2026-06-25T09:50:41.560+0000] {taskinstance.py:1382} INFO - Executing <Task(DockerOperator): execution_pipeline_etl> on 2026-06-25 09:50:40.790557+00:00
[2026-06-25T09:50:41.569+0000] {standard_task_runner.py:57} INFO - Started process 209 to run task
[2026-06-25T09:50:41.578+0000] {standard_task_runner.py:84} INFO - Running: ['airflow', 'tasks', 'run', 'pipeline_ingestion_suivi', 'execution_pipeline_etl', 'manual__2026-06-25T09:50:40.790557+00:00', '--job-id', '25', '--raw', '--subdir', 'DAGS_FOLDER/dag_suivi.py', '--cfg-path', '/tmp/tmpw80r1re3']
[2026-06-25T09:50:41.582+0000] {standard_task_runner.py:85} INFO - Job 25: Subtask execution_pipeline_etl
[2026-06-25T09:50:41.676+0000] {task_command.py:416} INFO - Running <TaskInstance: pipeline_ingestion_suivi.execution_pipeline_etl manual__2026-06-25T09:50:40.790557+00:00 [running]> on host a4953db06999
[2026-06-25T09:50:41.801+0000] {taskinstance.py:1662} INFO - Exporting env vars: AIRFLOW_CTX_DAG_OWNER='falilou_mfd' AIRFLOW_CTX_DAG_ID='pipeline_ingestion_suivi' AIRFLOW_CTX_TASK_ID='execution_pipeline_etl' AIRFLOW_CTX_EXECUTION_DATE='2026-06-25T09:50:40.790557+00:00' AIRFLOW_CTX_TRY_NUMBER='1' AIRFLOW_CTX_DAG_RUN_ID='manual__2026-06-25T09:50:40.790557+00:00'
[2026-06-25T09:50:41.897+0000] {docker.py:337} INFO - Starting docker container from image suivi_data_processor:v1
[2026-06-25T09:50:44.907+0000] {docker.py:406} INFO - Traceback (most recent call last):
  File "/app/main.py", line 188, in <module>
[2026-06-25T09:50:44.907+0000] {docker.py:406} INFO - 📥 Extraction de Cadastre pour Dakar Plateau...
📥 Extraction de Domaines pour Dakar Plateau...
📥 Extraction de Conservation pour Dakar Plateau...
🚀 Initialisation de la base DuckDB à l'emplacement : /app/duckdb_store/analytics.duckdb
⚡ Chargement des données uniques et nettoyées dans DuckDB...
[2026-06-25T09:50:44.908+0000] {docker.py:406} INFO - extract_and_transform()
  File "/app/main.py", line 138, in extract_and_transform
[2026-06-25T09:50:44.909+0000] {docker.py:406} INFO - con = duckdb.connect(duckdb_path)
_duckdb.IOException: IO Error: Could not set lock on file "/app/duckdb_store/analytics.duckdb": Conflicting lock is held in PID 0. However, you would be able to open this database in read-only mode, e.g. by using the -readonly parameter in the CLI. See also https://duckdb.org/docs/stable/connect/concurrency
[2026-06-25T09:50:45.276+0000] {taskinstance.py:1937} ERROR - Task failed with exception
Traceback (most recent call last):
  File "/home/airflow/.local/lib/python3.10/site-packages/airflow/providers/docker/operators/docker.py", line 479, in execute
    return self._run_image()
  File "/home/airflow/.local/lib/python3.10/site-packages/airflow/providers/docker/operators/docker.py", line 354, in _run_image
    return self._run_image_with_mounts(self.mounts, add_tmp_variable=False)
  File "/home/airflow/.local/lib/python3.10/site-packages/airflow/providers/docker/operators/docker.py", line 414, in _run_image_with_mounts
    raise DockerContainerFailedException(f"Docker container failed: {result!r}", logs=log_lines)
airflow.providers.docker.exceptions.DockerContainerFailedException: Docker container failed: {'StatusCode': 1}
[2026-06-25T09:50:45.282+0000] {taskinstance.py:1400} INFO - Marking task as UP_FOR_RETRY. dag_id=pipeline_ingestion_suivi, task_id=execution_pipeline_etl, execution_date=20260625T095040, start_date=20260625T095041, end_date=20260625T095045
[2026-06-25T09:50:45.308+0000] {standard_task_runner.py:104} ERROR - Failed to execute job 25 for task execution_pipeline_etl (Docker container failed: {'StatusCode': 1}; 209)
[2026-06-25T09:50:45.332+0000] {local_task_job_runner.py:228} INFO - Task exited with return code 1
[2026-06-25T09:50:45.355+0000] {taskinstance.py:2778} INFO - 0 downstream tasks scheduled from follow-on schedule check
