[2026-07-03T11:24:20.984+0000] {taskinstance.py:1159} INFO - Dependencies all met for dep_context=non-requeueable deps ti=<TaskInstance: pipeline_ingestion_suivi.execution_pipeline_etl manual__2026-07-03T11:24:20.133960+00:00 [queued]>
[2026-07-03T11:24:20.993+0000] {taskinstance.py:1159} INFO - Dependencies all met for dep_context=requeueable deps ti=<TaskInstance: pipeline_ingestion_suivi.execution_pipeline_etl manual__2026-07-03T11:24:20.133960+00:00 [queued]>
[2026-07-03T11:24:20.994+0000] {taskinstance.py:1361} INFO - Starting attempt 1 of 2
[2026-07-03T11:24:21.009+0000] {taskinstance.py:1382} INFO - Executing <Task(DockerOperator): execution_pipeline_etl> on 2026-07-03 11:24:20.133960+00:00
[2026-07-03T11:24:21.014+0000] {standard_task_runner.py:57} INFO - Started process 230 to run task
[2026-07-03T11:24:21.019+0000] {standard_task_runner.py:84} INFO - Running: ['airflow', 'tasks', 'run', 'pipeline_ingestion_suivi', 'execution_pipeline_etl', 'manual__2026-07-03T11:24:20.133960+00:00', '--job-id', '208', '--raw', '--subdir', 'DAGS_FOLDER/dag_suivi.py', '--cfg-path', '/tmp/tmpmqa4t732']
[2026-07-03T11:24:21.022+0000] {standard_task_runner.py:85} INFO - Job 208: Subtask execution_pipeline_etl
[2026-07-03T11:24:21.080+0000] {task_command.py:416} INFO - Running <TaskInstance: pipeline_ingestion_suivi.execution_pipeline_etl manual__2026-07-03T11:24:20.133960+00:00 [running]> on host 51e97eab7e31
[2026-07-03T11:24:21.177+0000] {taskinstance.py:1662} INFO - Exporting env vars: AIRFLOW_CTX_DAG_OWNER='falilou_mfd' AIRFLOW_CTX_DAG_ID='pipeline_ingestion_suivi' AIRFLOW_CTX_TASK_ID='execution_pipeline_etl' AIRFLOW_CTX_EXECUTION_DATE='2026-07-03T11:24:20.133960+00:00' AIRFLOW_CTX_TRY_NUMBER='1' AIRFLOW_CTX_DAG_RUN_ID='manual__2026-07-03T11:24:20.133960+00:00'
[2026-07-03T11:24:21.230+0000] {docker.py:337} INFO - Starting docker container from image suivi_data_processor:v1
[2026-07-03T11:24:22.073+0000] {docker.py:406} INFO - 🌍 Début de l'extraction pour le site : Dakar Plateau (dkp)
  📥 Extraction de Cadastre depuis [cadastre_dkp_db]...
[2026-07-03T11:24:22.114+0000] {docker.py:406} INFO - ⚠️ Échec sur cadastre_dkp_db : (psycopg2.OperationalError) connection to server at "postgres_db" (172.23.0.2), port 5432 failed: FATAL:  database "cadastre_dkp_db" does not exist

(Background on this error at: https://sqlalche.me/e/20/e3q8)
  📥 Extraction de Domaines depuis [domaines_dkp_db]...
[2026-07-03T11:24:22.119+0000] {docker.py:406} INFO - ⚠️ Échec sur domaines_dkp_db : (psycopg2.OperationalError) connection to server at "postgres_db" (172.23.0.2), port 5432 failed: FATAL:  database "domaines_dkp_db" does not exist

(Background on this error at: https://sqlalche.me/e/20/e3q8)
  📥 Extraction de Conservation depuis [conservation_dkp_db]...
[2026-07-03T11:24:22.126+0000] {docker.py:406} INFO - ⚠️ Échec sur conservation_dkp_db : (psycopg2.OperationalError) connection to server at "postgres_db" (172.23.0.2), port 5432 failed: FATAL:  database "conservation_dkp_db" does not exist

(Background on this error at: https://sqlalche.me/e/20/e3q8)

🌍 Début de l'extraction pour le site : Ngor-Almadies (nga)
  📥 Extraction de Cadastre depuis [cadastre_nga_db]...
[2026-07-03T11:24:22.132+0000] {docker.py:406} INFO - ⚠️ Échec sur cadastre_nga_db : (psycopg2.OperationalError) connection to server at "postgres_db" (172.23.0.2), port 5432 failed: FATAL:  database "cadastre_nga_db" does not exist

(Background on this error at: https://sqlalche.me/e/20/e3q8)
  📥 Extraction de Domaines depuis [domaines_nga_db]...
[2026-07-03T11:24:22.138+0000] {docker.py:406} INFO - ⚠️ Échec sur domaines_nga_db : (psycopg2.OperationalError) connection to server at "postgres_db" (172.23.0.2), port 5432 failed: FATAL:  database "domaines_nga_db" does not exist

(Background on this error at: https://sqlalche.me/e/20/e3q8)
  📥 Extraction de Conservation depuis [conservation_nga_db]...
[2026-07-03T11:24:22.144+0000] {docker.py:406} INFO - ⚠️ Échec sur conservation_nga_db : (psycopg2.OperationalError) connection to server at "postgres_db" (172.23.0.2), port 5432 failed: FATAL:  database "conservation_nga_db" does not exist

(Background on this error at: https://sqlalche.me/e/20/e3q8)

🌍 Début de l'extraction pour le site : Mbour (mb)
  📥 Extraction de Cadastre depuis [cadastre_mb_db]...
[2026-07-03T11:24:22.151+0000] {docker.py:406} INFO - ⚠️ Échec sur cadastre_mb_db : (psycopg2.OperationalError) connection to server at "postgres_db" (172.23.0.2), port 5432 failed: FATAL:  database "cadastre_mb_db" does not exist

(Background on this error at: https://sqlalche.me/e/20/e3q8)
  📥 Extraction de Domaines depuis [domaines_mb_db]...
[2026-07-03T11:24:22.157+0000] {docker.py:406} INFO - ⚠️ Échec sur domaines_mb_db : (psycopg2.OperationalError) connection to server at "postgres_db" (172.23.0.2), port 5432 failed: FATAL:  database "domaines_mb_db" does not exist

(Background on this error at: https://sqlalche.me/e/20/e3q8)
  📥 Extraction de Conservation depuis [conservation_mb_db]...
[2026-07-03T11:24:22.163+0000] {docker.py:406} INFO - ⚠️ Échec sur conservation_mb_db : (psycopg2.OperationalError) connection to server at "postgres_db" (172.23.0.2), port 5432 failed: FATAL:  database "conservation_mb_db" does not exist

(Background on this error at: https://sqlalche.me/e/20/e3q8)
❌ Aucune donnée extraite sur l'ensemble des sites.
[2026-07-03T11:24:22.514+0000] {taskinstance.py:1400} INFO - Marking task as SUCCESS. dag_id=pipeline_ingestion_suivi, task_id=execution_pipeline_etl, execution_date=20260703T112420, start_date=20260703T112420, end_date=20260703T112422
[2026-07-03T11:24:22.562+0000] {local_task_job_runner.py:228} INFO - Task exited with return code 0
[2026-07-03T11:24:22.594+0000] {taskinstance.py:2778} INFO - 0 downstream tasks scheduled from follow-on schedule check
