[2026-07-16T08:41:01.591+0000] {taskinstance.py:1159} INFO - Dependencies all met for dep_context=non-requeueable deps ti=<TaskInstance: pipeline_ingestion_suivi.execution_pipeline_etl scheduled__2026-07-16T07:00:00+00:00 [queued]>
[2026-07-16T08:41:01.641+0000] {taskinstance.py:1159} INFO - Dependencies all met for dep_context=requeueable deps ti=<TaskInstance: pipeline_ingestion_suivi.execution_pipeline_etl scheduled__2026-07-16T07:00:00+00:00 [queued]>
[2026-07-16T08:41:01.659+0000] {taskinstance.py:1361} INFO - Starting attempt 1 of 2
[2026-07-16T08:41:01.867+0000] {taskinstance.py:1382} INFO - Executing <Task(DockerOperator): execution_pipeline_etl> on 2026-07-16 07:00:00+00:00
[2026-07-16T08:41:01.916+0000] {standard_task_runner.py:57} INFO - Started process 2259 to run task
[2026-07-16T08:41:01.933+0000] {standard_task_runner.py:84} INFO - Running: ['airflow', 'tasks', 'run', 'pipeline_ingestion_suivi', 'execution_pipeline_etl', 'scheduled__2026-07-16T07:00:00+00:00', '--job-id', '169', '--raw', '--subdir', 'DAGS_FOLDER/dag_suivi.py', '--cfg-path', '/tmp/tmpfahuwnoh']
[2026-07-16T08:41:01.970+0000] {standard_task_runner.py:85} INFO - Job 169: Subtask execution_pipeline_etl
[2026-07-16T08:41:03.189+0000] {task_command.py:416} INFO - Running <TaskInstance: pipeline_ingestion_suivi.execution_pipeline_etl scheduled__2026-07-16T07:00:00+00:00 [running]> on host 7f6ff3bd81f1
[2026-07-16T08:41:04.178+0000] {taskinstance.py:1662} INFO - Exporting env vars: AIRFLOW_CTX_DAG_OWNER='falilou_mfd' AIRFLOW_CTX_DAG_ID='pipeline_ingestion_suivi' AIRFLOW_CTX_TASK_ID='execution_pipeline_etl' AIRFLOW_CTX_EXECUTION_DATE='2026-07-16T07:00:00+00:00' AIRFLOW_CTX_TRY_NUMBER='1' AIRFLOW_CTX_DAG_RUN_ID='scheduled__2026-07-16T07:00:00+00:00'
[2026-07-16T08:41:05.051+0000] {docker.py:337} INFO - Starting docker container from image suivi_data_processor:v1
[2026-07-16T08:41:13.350+0000] {docker.py:406} INFO - 🌍 Début de l'extraction pour le site : Dakar Plateau (dkp)
  📥 Extraction de Cadastre depuis [cadastre_dkp_db]...
[2026-07-16T08:41:23.291+0000] {docker.py:406} INFO - 📥 Extraction de Domaines depuis [domaines_dkp_db]...
[2026-07-16T08:41:25.471+0000] {docker.py:406} INFO - 📥 Extraction de Conservation depuis [conservation_dkp_db]...
[2026-07-16T08:41:34.296+0000] {docker.py:406} INFO - 🌍 Début de l'extraction pour le site : Ngor-Almadies (nga)
  📥 Extraction de Cadastre depuis [cadastre_nga_db]...
[2026-07-16T08:41:37.439+0000] {docker.py:406} INFO - 📥 Extraction de Domaines depuis [domaines_nga_db]...
[2026-07-16T08:41:39.656+0000] {docker.py:406} INFO - 📥 Extraction de Conservation depuis [conservation_nga_db]...
[2026-07-16T08:41:41.435+0000] {docker.py:406} INFO - 🌍 Début de l'extraction pour le site : Mbour (mb)
  📥 Extraction de Cadastre depuis [cadastre_mb_db]...
[2026-07-16T08:41:43.043+0000] {docker.py:406} INFO - 📥 Extraction de Domaines depuis [domaines_mb_db]...
[2026-07-16T08:41:43.186+0000] {docker.py:406} INFO - 📥 Extraction de Conservation depuis [conservation_mb_db]...
[2026-07-16T08:41:44.109+0000] {docker.py:406} INFO - /app/main.py:116: FutureWarning: The behavior of DataFrame concatenation with empty or all-NA entries is deprecated. In a future version, this will no longer exclude empty or all-NA columns when determining the result dtypes. To retain the old behavior, exclude the relevant entries before the concat operation.
  df_total = pd.concat(all_dataframes, ignore_index=True)
[2026-07-16T08:41:44.121+0000] {docker.py:406} INFO - /app/main.py:116: FutureWarning: The behavior of DataFrame concatenation with empty or all-NA entries is deprecated. In a future version, this will no longer exclude empty or all-NA columns when determining the result dtypes. To retain the old behavior, exclude the relevant entries before the concat operation.
  df_total = pd.concat(all_dataframes, ignore_index=True)
/app/main.py:116: FutureWarning: The behavior of DataFrame concatenation with empty or all-NA entries is deprecated. In a future version, this will no longer exclude empty or all-NA columns when determining the result dtypes. To retain the old behavior, exclude the relevant entries before the concat operation.
  df_total = pd.concat(all_dataframes, ignore_index=True)
[2026-07-16T08:41:44.357+0000] {docker.py:406} INFO - 🚀 Initialisation de la base DuckDB à l'emplacement : /app/duckdb_store/analytics.duckdb
[2026-07-16T08:41:44.358+0000] {docker.py:406} INFO - 
[2026-07-16T08:41:44.443+0000] {docker.py:406} INFO - Traceback (most recent call last):
[2026-07-16T08:41:44.460+0000] {docker.py:406} INFO - File "/app/main.py", line 189, in <module>
[2026-07-16T08:41:44.470+0000] {docker.py:406} INFO - extract_and_transform()
  File "/app/main.py", line 135, in extract_and_transform
    con = duckdb.connect(duckdb_path)
_duckdb.IOException: IO Error: Could not set lock on file "/app/duckdb_store/analytics.duckdb": Conflicting lock is held in PID 0. See also https://duckdb.org/docs/stable/connect/concurrency
[2026-07-16T08:41:45.668+0000] {taskinstance.py:1937} ERROR - Task failed with exception
Traceback (most recent call last):
  File "/home/airflow/.local/lib/python3.10/site-packages/airflow/providers/docker/operators/docker.py", line 479, in execute
    return self._run_image()
  File "/home/airflow/.local/lib/python3.10/site-packages/airflow/providers/docker/operators/docker.py", line 354, in _run_image
    return self._run_image_with_mounts(self.mounts, add_tmp_variable=False)
  File "/home/airflow/.local/lib/python3.10/site-packages/airflow/providers/docker/operators/docker.py", line 414, in _run_image_with_mounts
    raise DockerContainerFailedException(f"Docker container failed: {result!r}", logs=log_lines)
airflow.providers.docker.exceptions.DockerContainerFailedException: Docker container failed: {'StatusCode': 1}
[2026-07-16T08:41:45.704+0000] {taskinstance.py:1400} INFO - Marking task as UP_FOR_RETRY. dag_id=pipeline_ingestion_suivi, task_id=execution_pipeline_etl, execution_date=20260716T070000, start_date=20260716T084101, end_date=20260716T084145
[2026-07-16T08:41:45.767+0000] {standard_task_runner.py:104} ERROR - Failed to execute job 169 for task execution_pipeline_etl (Docker container failed: {'StatusCode': 1}; 2259)
[2026-07-16T08:41:45.823+0000] {local_task_job_runner.py:228} INFO - Task exited with return code 1
[2026-07-16T08:41:45.903+0000] {taskinstance.py:2778} INFO - 0 downstream tasks scheduled from follow-on schedule check
