[2026-08-14T16:42:57.314+0000] {taskinstance.py:1159} INFO - Dependencies all met for dep_context=non-requeueable deps ti=<TaskInstance: pipeline_ingestion_suivi.execution_pipeline_etl scheduled__2026-08-14T15:00:00+00:00 [queued]>
[2026-08-14T16:42:57.402+0000] {taskinstance.py:1159} INFO - Dependencies all met for dep_context=requeueable deps ti=<TaskInstance: pipeline_ingestion_suivi.execution_pipeline_etl scheduled__2026-08-14T15:00:00+00:00 [queued]>
[2026-08-14T16:42:57.409+0000] {taskinstance.py:1361} INFO - Starting attempt 1 of 2
[2026-08-14T16:42:57.507+0000] {taskinstance.py:1382} INFO - Executing <Task(DockerOperator): execution_pipeline_etl> on 2026-08-14 15:00:00+00:00
[2026-08-14T16:42:57.567+0000] {standard_task_runner.py:84} INFO - Running: ['airflow', 'tasks', 'run', 'pipeline_ingestion_suivi', 'execution_pipeline_etl', 'scheduled__2026-08-14T15:00:00+00:00', '--job-id', '140', '--raw', '--subdir', 'DAGS_FOLDER/dag_suivi.py', '--cfg-path', '/tmp/tmpm99ihf1b']
[2026-08-14T16:42:57.574+0000] {standard_task_runner.py:57} INFO - Started process 1916 to run task
[2026-08-14T16:42:57.585+0000] {standard_task_runner.py:85} INFO - Job 140: Subtask execution_pipeline_etl
[2026-08-14T16:42:58.196+0000] {task_command.py:416} INFO - Running <TaskInstance: pipeline_ingestion_suivi.execution_pipeline_etl scheduled__2026-08-14T15:00:00+00:00 [running]> on host 15b17b1b6d9d
[2026-08-14T16:42:58.841+0000] {taskinstance.py:1662} INFO - Exporting env vars: AIRFLOW_CTX_DAG_OWNER='falilou_mfd' AIRFLOW_CTX_DAG_ID='pipeline_ingestion_suivi' AIRFLOW_CTX_TASK_ID='execution_pipeline_etl' AIRFLOW_CTX_EXECUTION_DATE='2026-08-14T15:00:00+00:00' AIRFLOW_CTX_TRY_NUMBER='1' AIRFLOW_CTX_DAG_RUN_ID='scheduled__2026-08-14T15:00:00+00:00'
[2026-08-14T16:42:59.177+0000] {docker.py:337} INFO - Starting docker container from image suivi_data_processor:v1
[2026-08-14T16:43:06.006+0000] {docker.py:406} INFO - 🌍 Début de l'extraction pour le site : Dakar Plateau (dkp)
[2026-08-14T16:43:06.021+0000] {docker.py:406} INFO - 
[2026-08-14T16:43:06.037+0000] {docker.py:406} INFO - 📥 Extraction de Cadastre depuis [cadastre_dkp_db]...
[2026-08-14T16:43:06.055+0000] {docker.py:406} INFO - 
[2026-08-14T16:43:11.827+0000] {docker.py:406} INFO - 🔎 DEBUG [cadastre_dkp_db] Entrées liées à une sortie (output_id) après dedup : 0
  📥 Extraction de Domaines depuis [domaines_dkp_db]...
[2026-08-14T16:43:13.579+0000] {docker.py:406} INFO - 🔎 DEBUG [domaines_dkp_db] Entrées liées à une sortie (output_id) après dedup : 0
  📥 Extraction de Conservation depuis [conservation_dkp_db]...
[2026-08-14T16:43:13.583+0000] {docker.py:406} INFO - 
[2026-08-14T16:43:19.535+0000] {local_task_job_runner.py:115} ERROR - Received SIGTERM. Terminating subprocesses
[2026-08-14T16:43:19.612+0000] {process_utils.py:131} INFO - Sending 15 to group 1916. PIDs of all processes in the group: [1916]
[2026-08-14T16:43:19.669+0000] {process_utils.py:86} INFO - Sending the signal 15 to group 1916
[2026-08-14T16:43:19.934+0000] {taskinstance.py:1632} ERROR - Received SIGTERM. Terminating subprocesses.
[2026-08-14T16:43:20.062+0000] {docker.py:498} INFO - Stopping docker container
