[2026-07-23T11:00:01.363+0000] {taskinstance.py:1159} INFO - Dependencies all met for dep_context=non-requeueable deps ti=<TaskInstance: pipeline_ingestion_suivi.execution_pipeline_etl scheduled__2026-07-23T10:00:00+00:00 [queued]>
[2026-07-23T11:00:01.376+0000] {taskinstance.py:1159} INFO - Dependencies all met for dep_context=requeueable deps ti=<TaskInstance: pipeline_ingestion_suivi.execution_pipeline_etl scheduled__2026-07-23T10:00:00+00:00 [queued]>
[2026-07-23T11:00:01.377+0000] {taskinstance.py:1361} INFO - Starting attempt 1 of 2
[2026-07-23T11:00:01.400+0000] {taskinstance.py:1382} INFO - Executing <Task(DockerOperator): execution_pipeline_etl> on 2026-07-23 10:00:00+00:00
[2026-07-23T11:00:01.409+0000] {standard_task_runner.py:57} INFO - Started process 256 to run task
[2026-07-23T11:00:01.415+0000] {standard_task_runner.py:84} INFO - Running: ['airflow', 'tasks', 'run', 'pipeline_ingestion_suivi', 'execution_pipeline_etl', 'scheduled__2026-07-23T10:00:00+00:00', '--job-id', '253', '--raw', '--subdir', 'DAGS_FOLDER/dag_suivi.py', '--cfg-path', '/tmp/tmps1ymgcen']
[2026-07-23T11:00:01.421+0000] {standard_task_runner.py:85} INFO - Job 253: Subtask execution_pipeline_etl
[2026-07-23T11:00:01.526+0000] {task_command.py:416} INFO - Running <TaskInstance: pipeline_ingestion_suivi.execution_pipeline_etl scheduled__2026-07-23T10:00:00+00:00 [running]> on host 56dd711a84bc
[2026-07-23T11:00:01.701+0000] {taskinstance.py:1662} INFO - Exporting env vars: AIRFLOW_CTX_DAG_OWNER='falilou_mfd' AIRFLOW_CTX_DAG_ID='pipeline_ingestion_suivi' AIRFLOW_CTX_TASK_ID='execution_pipeline_etl' AIRFLOW_CTX_EXECUTION_DATE='2026-07-23T10:00:00+00:00' AIRFLOW_CTX_TRY_NUMBER='1' AIRFLOW_CTX_DAG_RUN_ID='scheduled__2026-07-23T10:00:00+00:00'
[2026-07-23T11:00:01.808+0000] {docker.py:337} INFO - Starting docker container from image suivi_data_processor:v1
[2026-07-23T11:00:03.396+0000] {docker.py:406} INFO - 🌍 Début de l'extraction pour le site : Dakar Plateau (dkp)
  📥 Extraction de Cadastre depuis [cadastre_dkp_db]...
[2026-07-23T11:00:05.980+0000] {docker.py:406} INFO - 📥 Extraction de Domaines depuis [domaines_dkp_db]...
[2026-07-23T11:00:06.867+0000] {docker.py:406} INFO - 📥 Extraction de Conservation depuis [conservation_dkp_db]...
[2026-07-23T11:00:10.725+0000] {docker.py:406} INFO - 🌍 Début de l'extraction pour le site : Ngor-Almadies (nga)
  📥 Extraction de Cadastre depuis [cadastre_nga_db]...
[2026-07-23T11:00:13.329+0000] {docker.py:406} INFO - 📥 Extraction de Domaines depuis [domaines_nga_db]...
[2026-07-23T11:00:14.714+0000] {docker.py:406} INFO - 📥 Extraction de Conservation depuis [conservation_nga_db]...
[2026-07-23T11:00:15.773+0000] {docker.py:406} INFO - 🌍 Début de l'extraction pour le site : Mbour (mb)
  📥 Extraction de Cadastre depuis [cadastre_mb_db]...
[2026-07-23T11:00:16.804+0000] {docker.py:406} INFO - 📥 Extraction de Domaines depuis [domaines_mb_db]...
[2026-07-23T11:00:16.897+0000] {docker.py:406} INFO - 📥 Extraction de Conservation depuis [conservation_mb_db]...
[2026-07-23T11:00:18.348+0000] {docker.py:406} INFO - /app/main.py:599: FutureWarning: The behavior of DataFrame concatenation with empty or all-NA entries is deprecated. In a future version, this will no longer exclude empty or all-NA columns when determining the result dtypes. To retain the old behavior, exclude the relevant entries before the concat operation.
  df_total = pd.concat(all_dataframes, ignore_index=True)
[2026-07-23T11:00:18.387+0000] {docker.py:406} INFO - /app/main.py:599: FutureWarning: The behavior of DataFrame concatenation with empty or all-NA entries is deprecated. In a future version, this will no longer exclude empty or all-NA columns when determining the result dtypes. To retain the old behavior, exclude the relevant entries before the concat operation.
  df_total = pd.concat(all_dataframes, ignore_index=True)
[2026-07-23T11:00:18.392+0000] {docker.py:406} INFO - /app/main.py:599: FutureWarning: The behavior of DataFrame concatenation with empty or all-NA entries is deprecated. In a future version, this will no longer exclude empty or all-NA columns when determining the result dtypes. To retain the old behavior, exclude the relevant entries before the concat operation.
  df_total = pd.concat(all_dataframes, ignore_index=True)
[2026-07-23T11:00:18.395+0000] {docker.py:406} INFO - /app/main.py:599: FutureWarning: The behavior of DataFrame concatenation with empty or all-NA entries is deprecated. In a future version, this will no longer exclude empty or all-NA columns when determining the result dtypes. To retain the old behavior, exclude the relevant entries before the concat operation.
  df_total = pd.concat(all_dataframes, ignore_index=True)
[2026-07-23T11:00:22.178+0000] {docker.py:406} INFO - 🚀 Initialisation de la base DuckDB à l'emplacement : /app/duckdb_store/analytics.duckdb
[2026-07-23T11:00:23.615+0000] {docker.py:406} INFO - 🔓 Permissions ajustées (666) sur /app/duckdb_store/analytics.duckdb pour Reflex.
✅ Data Warehouse DuckDB mis à jour avec succès !
📊 Total des dossiers consolidés : 70128

📍 Répartition par site :
[2026-07-23T11:00:23.621+0000] {docker.py:406} INFO - csf_geographique  count_star()
0    Dakar Plateau         33404
1    Ngor-Almadies         28319
2            Mbour          8405

📍 Répartition par type (Entrée/Sortie) :
[2026-07-23T11:00:23.626+0000] {docker.py:406} INFO - vrai_type  count_star()
0    Sortie         28572
1    Entrèe         41556

📍 Anomalies chronologiques :
[2026-07-23T11:00:23.630+0000] {docker.py:406} INFO - anomalie_chronologie  count_star()
0                 False         70128
[2026-07-23T11:00:24.404+0000] {taskinstance.py:1400} INFO - Marking task as SUCCESS. dag_id=pipeline_ingestion_suivi, task_id=execution_pipeline_etl, execution_date=20260723T100000, start_date=20260723T110001, end_date=20260723T110024
[2026-07-23T11:00:24.468+0000] {local_task_job_runner.py:228} INFO - Task exited with return code 0
[2026-07-23T11:00:24.530+0000] {taskinstance.py:2778} INFO - 0 downstream tasks scheduled from follow-on schedule check
