[2026-07-01T22:12:24.231+0000] {taskinstance.py:1159} INFO - Dependencies all met for dep_context=non-requeueable deps ti=<TaskInstance: pipeline_ingestion_suivi.execution_pipeline_etl scheduled__2026-07-01T21:00:00+00:00 [queued]>
[2026-07-01T22:12:24.322+0000] {taskinstance.py:1159} INFO - Dependencies all met for dep_context=requeueable deps ti=<TaskInstance: pipeline_ingestion_suivi.execution_pipeline_etl scheduled__2026-07-01T21:00:00+00:00 [queued]>
[2026-07-01T22:12:24.341+0000] {taskinstance.py:1361} INFO - Starting attempt 1 of 2
[2026-07-01T22:12:24.432+0000] {taskinstance.py:1382} INFO - Executing <Task(DockerOperator): execution_pipeline_etl> on 2026-07-01 21:00:00+00:00
[2026-07-01T22:12:24.487+0000] {standard_task_runner.py:57} INFO - Started process 226 to run task
[2026-07-01T22:12:24.528+0000] {standard_task_runner.py:84} INFO - Running: ['airflow', 'tasks', 'run', 'pipeline_ingestion_suivi', 'execution_pipeline_etl', 'scheduled__2026-07-01T21:00:00+00:00', '--job-id', '171', '--raw', '--subdir', 'DAGS_FOLDER/dag_suivi.py', '--cfg-path', '/tmp/tmp9f1tbiad']
[2026-07-01T22:12:24.564+0000] {standard_task_runner.py:85} INFO - Job 171: Subtask execution_pipeline_etl
[2026-07-01T22:12:25.045+0000] {task_command.py:416} INFO - Running <TaskInstance: pipeline_ingestion_suivi.execution_pipeline_etl scheduled__2026-07-01T21:00:00+00:00 [running]> on host d3635f71de74
[2026-07-01T22:12:25.587+0000] {taskinstance.py:1662} INFO - Exporting env vars: AIRFLOW_CTX_DAG_OWNER='falilou_mfd' AIRFLOW_CTX_DAG_ID='pipeline_ingestion_suivi' AIRFLOW_CTX_TASK_ID='execution_pipeline_etl' AIRFLOW_CTX_EXECUTION_DATE='2026-07-01T21:00:00+00:00' AIRFLOW_CTX_TRY_NUMBER='1' AIRFLOW_CTX_DAG_RUN_ID='scheduled__2026-07-01T21:00:00+00:00'
[2026-07-01T22:12:25.908+0000] {docker.py:337} INFO - Starting docker container from image suivi_data_processor:v1
[2026-07-02T08:36:48.196+0000] {docker.py:406} INFO - 📥 Extraction de Cadastre pour Dakar Plateau...
[2026-07-02T08:36:48.216+0000] {docker.py:406} INFO - 
[2026-07-02T08:36:55.645+0000] {docker.py:406} INFO - 📥 Extraction de Domaines pour Dakar Plateau...
[2026-07-02T08:36:57.533+0000] {docker.py:406} INFO - 📥 Extraction de Conservation pour Dakar Plateau...
[2026-07-02T08:36:58.462+0000] {local_task_job_runner.py:274} WARNING - Recorded pid 243 does not match the current pid 226
[2026-07-02T08:36:58.492+0000] {process_utils.py:131} INFO - Sending 15 to group 226. PIDs of all processes in the group: [226]
[2026-07-02T08:36:58.493+0000] {process_utils.py:86} INFO - Sending the signal 15 to group 226
[2026-07-02T08:36:58.497+0000] {taskinstance.py:1632} ERROR - Received SIGTERM. Terminating subprocesses.
[2026-07-02T08:36:58.513+0000] {docker.py:498} INFO - Stopping docker container
[2026-07-02T08:37:02.370+0000] {taskinstance.py:1937} ERROR - Task failed with exception
Traceback (most recent call last):
  File "/home/airflow/.local/lib/python3.10/site-packages/airflow/providers/docker/operators/docker.py", line 479, in execute
    return self._run_image()
  File "/home/airflow/.local/lib/python3.10/site-packages/airflow/providers/docker/operators/docker.py", line 354, in _run_image
    return self._run_image_with_mounts(self.mounts, add_tmp_variable=False)
  File "/home/airflow/.local/lib/python3.10/site-packages/airflow/providers/docker/operators/docker.py", line 403, in _run_image_with_mounts
    for log_chunk in logstream:
  File "/home/airflow/.local/lib/python3.10/site-packages/docker/types/daemon.py", line 29, in __next__
    return next(self._stream)
  File "/home/airflow/.local/lib/python3.10/site-packages/docker/api/client.py", line 422, in <genexpr>
    gen = (data for (_, data) in gen)
  File "/home/airflow/.local/lib/python3.10/site-packages/docker/utils/socket.py", line 112, in frames_iter_no_tty
    (stream, n) = next_frame_header(socket)
  File "/home/airflow/.local/lib/python3.10/site-packages/docker/utils/socket.py", line 84, in next_frame_header
    data = read_exactly(socket, 8)
  File "/home/airflow/.local/lib/python3.10/site-packages/docker/utils/socket.py", line 69, in read_exactly
    next_data = read(socket, n - len(data))
  File "/home/airflow/.local/lib/python3.10/site-packages/docker/utils/socket.py", line 40, in read
    poll.poll()
  File "/home/airflow/.local/lib/python3.10/site-packages/airflow/models/taskinstance.py", line 1634, in signal_handler
    raise AirflowException("Task received SIGTERM signal")
airflow.exceptions.AirflowException: Task received SIGTERM signal
[2026-07-02T08:37:02.416+0000] {taskinstance.py:1400} INFO - Marking task as FAILED. dag_id=pipeline_ingestion_suivi, task_id=execution_pipeline_etl, execution_date=20260701T210000, start_date=20260702T083651, end_date=20260702T083702
[2026-07-02T08:37:02.497+0000] {standard_task_runner.py:104} ERROR - Failed to execute job 171 for task execution_pipeline_etl (Task received SIGTERM signal; 226)
[2026-07-02T08:37:02.609+0000] {process_utils.py:79} INFO - Process psutil.Process(pid=226, status='terminated', exitcode=1, started='22:12:24') (226) terminated with exit code 1
