[2026-07-13T22:30:19.824+0000] {taskinstance.py:1159} INFO - Dependencies all met for dep_context=non-requeueable deps ti=<TaskInstance: pipeline_ingestion_suivi.execution_pipeline_etl scheduled__2026-07-13T17:00:00+00:00 [queued]>
[2026-07-13T22:30:22.252+0000] {taskinstance.py:1159} INFO - Dependencies all met for dep_context=requeueable deps ti=<TaskInstance: pipeline_ingestion_suivi.execution_pipeline_etl scheduled__2026-07-13T17:00:00+00:00 [queued]>
[2026-07-13T22:30:22.277+0000] {taskinstance.py:1361} INFO - Starting attempt 1 of 2
[2026-07-13T22:30:22.806+0000] {taskinstance.py:1382} INFO - Executing <Task(DockerOperator): execution_pipeline_etl> on 2026-07-13 17:00:00+00:00
[2026-07-13T22:30:22.962+0000] {standard_task_runner.py:57} INFO - Started process 17167 to run task
[2026-07-13T22:30:23.052+0000] {standard_task_runner.py:84} INFO - Running: ['airflow', 'tasks', 'run', 'pipeline_ingestion_suivi', 'execution_pipeline_etl', 'scheduled__2026-07-13T17:00:00+00:00', '--job-id', '138', '--raw', '--subdir', 'DAGS_FOLDER/dag_suivi.py', '--cfg-path', '/tmp/tmp1621deu0']
[2026-07-13T22:30:23.183+0000] {standard_task_runner.py:85} INFO - Job 138: Subtask execution_pipeline_etl
[2026-07-13T22:30:24.813+0000] {task_command.py:416} INFO - Running <TaskInstance: pipeline_ingestion_suivi.execution_pipeline_etl scheduled__2026-07-13T17:00:00+00:00 [running]> on host 9c34a7a7e32c
[2026-07-13T22:30:28.136+0000] {taskinstance.py:1662} INFO - Exporting env vars: AIRFLOW_CTX_DAG_OWNER='falilou_mfd' AIRFLOW_CTX_DAG_ID='pipeline_ingestion_suivi' AIRFLOW_CTX_TASK_ID='execution_pipeline_etl' AIRFLOW_CTX_EXECUTION_DATE='2026-07-13T17:00:00+00:00' AIRFLOW_CTX_TRY_NUMBER='1' AIRFLOW_CTX_DAG_RUN_ID='scheduled__2026-07-13T17:00:00+00:00'
[2026-07-14T09:23:03.355+0000] {docker.py:337} INFO - Starting docker container from image suivi_data_processor:v1
[2026-07-14T09:23:29.612+0000] {docker.py:406} INFO - 🌍 Début de l'extraction pour le site : Dakar Plateau (dkp)
[2026-07-14T09:23:29.620+0000] {docker.py:406} INFO - 📥 Extraction de Cadastre depuis [cadastre_dkp_db]...
[2026-07-14T09:23:36.814+0000] {docker.py:406} INFO - 📥 Extraction de Domaines depuis [domaines_dkp_db]...
[2026-07-14T09:23:38.496+0000] {docker.py:406} INFO - 📥 Extraction de Conservation depuis [conservation_dkp_db]...
[2026-07-14T09:23:48.614+0000] {docker.py:406} INFO - 🌍 Début de l'extraction pour le site : Ngor-Almadies (nga)
  📥 Extraction de Cadastre depuis [cadastre_nga_db]...
[2026-07-14T09:23:52.032+0000] {docker.py:406} INFO - 📥 Extraction de Domaines depuis [domaines_nga_db]...
[2026-07-14T09:23:53.837+0000] {docker.py:406} INFO - 📥 Extraction de Conservation depuis [conservation_nga_db]...
[2026-07-14T09:23:55.642+0000] {docker.py:406} INFO - 🌍 Début de l'extraction pour le site : Mbour (mb)
  📥 Extraction de Cadastre depuis [cadastre_mb_db]...
[2026-07-14T09:23:56.630+0000] {docker.py:406} INFO - 📥 Extraction de Domaines depuis [domaines_mb_db]...
[2026-07-14T09:23:56.755+0000] {docker.py:406} INFO - 📥 Extraction de Conservation depuis [conservation_mb_db]...
[2026-07-14T09:23:57.658+0000] {docker.py:406} INFO - /app/main.py:116: FutureWarning: The behavior of DataFrame concatenation with empty or all-NA entries is deprecated. In a future version, this will no longer exclude empty or all-NA columns when determining the result dtypes. To retain the old behavior, exclude the relevant entries before the concat operation.
  df_total = pd.concat(all_dataframes, ignore_index=True)
/app/main.py:116: FutureWarning: The behavior of DataFrame concatenation with empty or all-NA entries is deprecated. In a future version, this will no longer exclude empty or all-NA columns when determining the result dtypes. To retain the old behavior, exclude the relevant entries before the concat operation.
  df_total = pd.concat(all_dataframes, ignore_index=True)
[2026-07-14T09:23:57.662+0000] {docker.py:406} INFO - /app/main.py:116: FutureWarning: The behavior of DataFrame concatenation with empty or all-NA entries is deprecated. In a future version, this will no longer exclude empty or all-NA columns when determining the result dtypes. To retain the old behavior, exclude the relevant entries before the concat operation.
  df_total = pd.concat(all_dataframes, ignore_index=True)
[2026-07-14T09:23:57.775+0000] {docker.py:406} INFO - 🚀 Initialisation de la base DuckDB à l'emplacement : /app/duckdb_store/analytics.duckdb
[2026-07-14T09:23:57.796+0000] {docker.py:406} INFO - Traceback (most recent call last):
  File "/app/main.py", line 189, in <module>
[2026-07-14T09:23:57.797+0000] {docker.py:406} INFO - extract_and_transform()
  File "/app/main.py", line 135, in extract_and_transform
[2026-07-14T09:23:57.811+0000] {docker.py:406} INFO - con = duckdb.connect(duckdb_path)
_duckdb.IOException: IO Error: Could not set lock on file "/app/duckdb_store/analytics.duckdb": Conflicting lock is held in PID 0. See also https://duckdb.org/docs/stable/connect/concurrency
[2026-07-14T09:23:59.897+0000] {taskinstance.py:1937} ERROR - Task failed with exception
Traceback (most recent call last):
  File "/home/airflow/.local/lib/python3.10/site-packages/airflow/providers/docker/operators/docker.py", line 479, in execute
    return self._run_image()
  File "/home/airflow/.local/lib/python3.10/site-packages/airflow/providers/docker/operators/docker.py", line 354, in _run_image
    return self._run_image_with_mounts(self.mounts, add_tmp_variable=False)
  File "/home/airflow/.local/lib/python3.10/site-packages/airflow/providers/docker/operators/docker.py", line 414, in _run_image_with_mounts
    raise DockerContainerFailedException(f"Docker container failed: {result!r}", logs=log_lines)
airflow.providers.docker.exceptions.DockerContainerFailedException: Docker container failed: {'StatusCode': 1}
[2026-07-14T09:23:59.933+0000] {taskinstance.py:1400} INFO - Marking task as UP_FOR_RETRY. dag_id=pipeline_ingestion_suivi, task_id=execution_pipeline_etl, execution_date=20260713T170000, start_date=20260713T223021, end_date=20260714T092359
[2026-07-14T09:24:00.143+0000] {standard_task_runner.py:104} ERROR - Failed to execute job 138 for task execution_pipeline_etl (Docker container failed: {'StatusCode': 1}; 17167)
[2026-07-14T09:24:00.248+0000] {local_task_job_runner.py:228} INFO - Task exited with return code 1
[2026-07-14T09:24:00.499+0000] {taskinstance.py:2778} INFO - 0 downstream tasks scheduled from follow-on schedule check
