[2026-07-02T08:36:48.837+0000] {taskinstance.py:1159} INFO - Dependencies all met for dep_context=non-requeueable deps ti=<TaskInstance: pipeline_ingestion_suivi.execution_pipeline_etl scheduled__2026-07-01T22:00:00+00:00 [queued]>
[2026-07-02T08:36:48.912+0000] {taskinstance.py:1159} INFO - Dependencies all met for dep_context=requeueable deps ti=<TaskInstance: pipeline_ingestion_suivi.execution_pipeline_etl scheduled__2026-07-01T22:00:00+00:00 [queued]>
[2026-07-02T08:36:48.985+0000] {taskinstance.py:1361} INFO - Starting attempt 1 of 2
[2026-07-02T08:36:49.128+0000] {taskinstance.py:1382} INFO - Executing <Task(DockerOperator): execution_pipeline_etl> on 2026-07-01 22:00:00+00:00
[2026-07-02T08:36:49.178+0000] {standard_task_runner.py:57} INFO - Started process 239 to run task
[2026-07-02T08:36:49.194+0000] {standard_task_runner.py:84} INFO - Running: ['airflow', 'tasks', 'run', 'pipeline_ingestion_suivi', 'execution_pipeline_etl', 'scheduled__2026-07-01T22:00:00+00:00', '--job-id', '172', '--raw', '--subdir', 'DAGS_FOLDER/dag_suivi.py', '--cfg-path', '/tmp/tmpqruzl9nl']
[2026-07-02T08:36:49.245+0000] {standard_task_runner.py:85} INFO - Job 172: Subtask execution_pipeline_etl
[2026-07-02T08:36:51.413+0000] {task_command.py:416} INFO - Running <TaskInstance: pipeline_ingestion_suivi.execution_pipeline_etl scheduled__2026-07-01T22:00:00+00:00 [running]> on host d3635f71de74
[2026-07-02T08:36:52.939+0000] {taskinstance.py:1662} INFO - Exporting env vars: AIRFLOW_CTX_DAG_OWNER='falilou_mfd' AIRFLOW_CTX_DAG_ID='pipeline_ingestion_suivi' AIRFLOW_CTX_TASK_ID='execution_pipeline_etl' AIRFLOW_CTX_EXECUTION_DATE='2026-07-01T22:00:00+00:00' AIRFLOW_CTX_TRY_NUMBER='1' AIRFLOW_CTX_DAG_RUN_ID='scheduled__2026-07-01T22:00:00+00:00'
[2026-07-02T08:36:53.858+0000] {docker.py:337} INFO - Starting docker container from image suivi_data_processor:v1
[2026-07-02T08:37:00.211+0000] {docker.py:406} INFO - 📥 Extraction de Cadastre pour Dakar Plateau...
[2026-07-02T08:37:04.872+0000] {docker.py:406} INFO - 📥 Extraction de Domaines pour Dakar Plateau...
[2026-07-02T08:37:06.234+0000] {docker.py:406} INFO - 📥 Extraction de Conservation pour Dakar Plateau...
[2026-07-02T08:37:06.253+0000] {docker.py:406} INFO - 
[2026-07-02T08:37:10.402+0000] {docker.py:406} INFO - 🚀 Initialisation de la base DuckDB à l'emplacement : /app/duckdb_store/analytics.duckdb
⚡ Chargement des données uniques et nettoyées dans DuckDB...
[2026-07-02T08:37:10.696+0000] {docker.py:406} INFO - ✅ Data Warehouse DuckDB mis à jour avec succès pour Dakar Plateau (Schéma synchronisé) !
[2026-07-02T08:37:11.808+0000] {taskinstance.py:1400} INFO - Marking task as SUCCESS. dag_id=pipeline_ingestion_suivi, task_id=execution_pipeline_etl, execution_date=20260701T220000, start_date=20260702T083648, end_date=20260702T083711
[2026-07-02T08:37:11.870+0000] {local_task_job_runner.py:228} INFO - Task exited with return code 0
[2026-07-02T08:37:11.922+0000] {taskinstance.py:2778} INFO - 0 downstream tasks scheduled from follow-on schedule check
