[2026-08-11T10:05:00.323+0000] {taskinstance.py:1159} INFO - Dependencies all met for dep_context=non-requeueable deps ti=<TaskInstance: pipeline_ingestion_suivi.execution_pipeline_etl scheduled__2026-08-11T09:00:00+00:00 [queued]>
[2026-08-11T10:05:00.329+0000] {taskinstance.py:1159} INFO - Dependencies all met for dep_context=requeueable deps ti=<TaskInstance: pipeline_ingestion_suivi.execution_pipeline_etl scheduled__2026-08-11T09:00:00+00:00 [queued]>
[2026-08-11T10:05:00.330+0000] {taskinstance.py:1361} INFO - Starting attempt 2 of 2
[2026-08-11T10:05:00.342+0000] {taskinstance.py:1382} INFO - Executing <Task(DockerOperator): execution_pipeline_etl> on 2026-08-11 09:00:00+00:00
[2026-08-11T10:05:00.346+0000] {standard_task_runner.py:57} INFO - Started process 2201 to run task
[2026-08-11T10:05:00.350+0000] {standard_task_runner.py:84} INFO - Running: ['airflow', 'tasks', 'run', 'pipeline_ingestion_suivi', 'execution_pipeline_etl', 'scheduled__2026-08-11T09:00:00+00:00', '--job-id', '97', '--raw', '--subdir', 'DAGS_FOLDER/dag_suivi.py', '--cfg-path', '/tmp/tmpxhho7zu2']
[2026-08-11T10:05:00.355+0000] {standard_task_runner.py:85} INFO - Job 97: Subtask execution_pipeline_etl
[2026-08-11T10:05:00.411+0000] {task_command.py:416} INFO - Running <TaskInstance: pipeline_ingestion_suivi.execution_pipeline_etl scheduled__2026-08-11T09:00:00+00:00 [running]> on host 44846ccbf539
[2026-08-11T10:05:00.491+0000] {taskinstance.py:1662} INFO - Exporting env vars: AIRFLOW_CTX_DAG_OWNER='falilou_mfd' AIRFLOW_CTX_DAG_ID='pipeline_ingestion_suivi' AIRFLOW_CTX_TASK_ID='execution_pipeline_etl' AIRFLOW_CTX_EXECUTION_DATE='2026-08-11T09:00:00+00:00' AIRFLOW_CTX_TRY_NUMBER='2' AIRFLOW_CTX_DAG_RUN_ID='scheduled__2026-08-11T09:00:00+00:00'
[2026-08-11T10:05:00.541+0000] {docker.py:337} INFO - Starting docker container from image suivi_data_processor:v1
[2026-08-11T10:05:01.352+0000] {docker.py:406} INFO - 🌍 Début de l'extraction pour le site : Dakar Plateau (dkp)
  📥 Extraction de Cadastre depuis [cadastre_dkp_db]...
[2026-08-11T10:05:03.022+0000] {docker.py:406} INFO - 🔎 DEBUG [cadastre_dkp_db] Entrées liées à une sortie (output_id) après dedup : 0
  📥 Extraction de Domaines depuis [domaines_dkp_db]...
[2026-08-11T10:05:03.608+0000] {docker.py:406} INFO - 🔎 DEBUG [domaines_dkp_db] Entrées liées à une sortie (output_id) après dedup : 0
  📥 Extraction de Conservation depuis [conservation_dkp_db]...
[2026-08-11T10:05:05.747+0000] {docker.py:406} INFO - 🔎 DEBUG [conservation_dkp_db] Entrées liées à une sortie (output_id) après dedup : 0

🌍 Début de l'extraction pour le site : Ngor-Almadies (nga)
  📥 Extraction de Cadastre depuis [cadastre_nga_db]...
[2026-08-11T10:05:07.184+0000] {docker.py:406} INFO - 🔎 DEBUG [cadastre_nga_db] Entrées liées à une sortie (output_id) après dedup : 0
  📥 Extraction de Domaines depuis [domaines_nga_db]...
