[2026-07-22T19:14:46.240+0000] {taskinstance.py:1159} INFO - Dependencies all met for dep_context=non-requeueable deps ti=<TaskInstance: pipeline_ingestion_suivi.execution_pipeline_etl scheduled__2026-07-22T18:00:00+00:00 [queued]>
[2026-07-22T19:14:46.355+0000] {taskinstance.py:1159} INFO - Dependencies all met for dep_context=requeueable deps ti=<TaskInstance: pipeline_ingestion_suivi.execution_pipeline_etl scheduled__2026-07-22T18:00:00+00:00 [queued]>
[2026-07-22T19:14:46.410+0000] {taskinstance.py:1361} INFO - Starting attempt 1 of 2
[2026-07-22T19:14:46.607+0000] {taskinstance.py:1382} INFO - Executing <Task(DockerOperator): execution_pipeline_etl> on 2026-07-22 18:00:00+00:00
[2026-07-22T19:14:46.651+0000] {standard_task_runner.py:57} INFO - Started process 360 to run task
[2026-07-22T19:14:46.705+0000] {standard_task_runner.py:84} INFO - Running: ['airflow', 'tasks', 'run', 'pipeline_ingestion_suivi', 'execution_pipeline_etl', 'scheduled__2026-07-22T18:00:00+00:00', '--job-id', '249', '--raw', '--subdir', 'DAGS_FOLDER/dag_suivi.py', '--cfg-path', '/tmp/tmpp3hz3flb']
[2026-07-22T19:14:46.766+0000] {standard_task_runner.py:85} INFO - Job 249: Subtask execution_pipeline_etl
[2026-07-22T19:14:47.566+0000] {task_command.py:416} INFO - Running <TaskInstance: pipeline_ingestion_suivi.execution_pipeline_etl scheduled__2026-07-22T18:00:00+00:00 [running]> on host 25ea58b9651c
[2026-07-22T19:14:48.209+0000] {taskinstance.py:1662} INFO - Exporting env vars: AIRFLOW_CTX_DAG_OWNER='falilou_mfd' AIRFLOW_CTX_DAG_ID='pipeline_ingestion_suivi' AIRFLOW_CTX_TASK_ID='execution_pipeline_etl' AIRFLOW_CTX_EXECUTION_DATE='2026-07-22T18:00:00+00:00' AIRFLOW_CTX_TRY_NUMBER='1' AIRFLOW_CTX_DAG_RUN_ID='scheduled__2026-07-22T18:00:00+00:00'
[2026-07-22T19:14:48.806+0000] {docker.py:337} INFO - Starting docker container from image suivi_data_processor:v1
[2026-07-23T09:02:46.684+0000] {docker.py:406} INFO - 🌍 Début de l'extraction pour le site : Dakar Plateau (dkp)
  📥 Extraction de Cadastre depuis [cadastre_dkp_db]...
[2026-07-23T09:02:53.957+0000] {docker.py:406} INFO - 📥 Extraction de Domaines depuis [domaines_dkp_db]...
[2026-07-23T09:02:56.105+0000] {docker.py:406} INFO - 📥 Extraction de Conservation depuis [conservation_dkp_db]...
[2026-07-23T09:03:06.495+0000] {docker.py:406} INFO - 🌍 Début de l'extraction pour le site : Ngor-Almadies (nga)
  📥 Extraction de Cadastre depuis [cadastre_nga_db]...
[2026-07-23T09:03:10.054+0000] {docker.py:406} INFO - 📥 Extraction de Domaines depuis [domaines_nga_db]...
[2026-07-23T09:03:11.612+0000] {docker.py:406} INFO - 📥 Extraction de Conservation depuis [conservation_nga_db]...
[2026-07-23T09:03:13.850+0000] {docker.py:406} INFO - 🌍 Début de l'extraction pour le site : Mbour (mb)
  📥 Extraction de Cadastre depuis [cadastre_mb_db]...
[2026-07-23T09:03:15.491+0000] {docker.py:406} INFO - 📥 Extraction de Domaines depuis [domaines_mb_db]...
[2026-07-23T09:03:15.663+0000] {docker.py:406} INFO - 📥 Extraction de Conservation depuis [conservation_mb_db]...
[2026-07-23T09:03:16.935+0000] {docker.py:406} INFO - /app/main.py:334: FutureWarning: The behavior of DataFrame concatenation with empty or all-NA entries is deprecated. In a future version, this will no longer exclude empty or all-NA columns when determining the result dtypes. To retain the old behavior, exclude the relevant entries before the concat operation.
  df_total = pd.concat(all_dataframes, ignore_index=True)
[2026-07-23T09:03:16.969+0000] {docker.py:406} INFO - /app/main.py:334: FutureWarning: The behavior of DataFrame concatenation with empty or all-NA entries is deprecated. In a future version, this will no longer exclude empty or all-NA columns when determining the result dtypes. To retain the old behavior, exclude the relevant entries before the concat operation.
  df_total = pd.concat(all_dataframes, ignore_index=True)
[2026-07-23T09:03:16.978+0000] {docker.py:406} INFO - /app/main.py:334: FutureWarning: The behavior of DataFrame concatenation with empty or all-NA entries is deprecated. In a future version, this will no longer exclude empty or all-NA columns when determining the result dtypes. To retain the old behavior, exclude the relevant entries before the concat operation.
  df_total = pd.concat(all_dataframes, ignore_index=True)
[2026-07-23T09:03:16.983+0000] {docker.py:406} INFO - /app/main.py:334: FutureWarning: The behavior of DataFrame concatenation with empty or all-NA entries is deprecated. In a future version, this will no longer exclude empty or all-NA columns when determining the result dtypes. To retain the old behavior, exclude the relevant entries before the concat operation.
  df_total = pd.concat(all_dataframes, ignore_index=True)
[2026-07-23T09:03:18.477+0000] {docker.py:406} INFO - 🚀 Initialisation de la base DuckDB à l'emplacement : /app/duckdb_store/analytics.duckdb
[2026-07-23T09:03:19.118+0000] {docker.py:406} INFO - 🔓 Permissions ajustées (666) sur /app/duckdb_store/analytics.duckdb pour Reflex.
✅ Data Warehouse DuckDB mis à jour avec succès !
📊 Total des dossiers consolidés : 26249

📍 Répartition par site :
[2026-07-23T09:03:19.122+0000] {docker.py:406} INFO - csf_geographique  count_star()
0            Mbour          4084
1    Dakar Plateau         10959
2    Ngor-Almadies         11206

📍 Répartition par type (Entrée/Sortie) :
[2026-07-23T09:03:19.126+0000] {docker.py:406} INFO - vrai_type  count_star()
0    Entrèe         22781
1    Sortie          3468

📍 Anomalies chronologiques :
[2026-07-23T09:03:19.131+0000] {docker.py:406} INFO - anomalie_chronologie  count_star()
0                 False         26249
[2026-07-23T09:03:19.759+0000] {taskinstance.py:1400} INFO - Marking task as SUCCESS. dag_id=pipeline_ingestion_suivi, task_id=execution_pipeline_etl, execution_date=20260722T180000, start_date=20260722T191446, end_date=20260723T090319
[2026-07-23T09:03:19.810+0000] {local_task_job_runner.py:228} INFO - Task exited with return code 0
[2026-07-23T09:03:19.846+0000] {taskinstance.py:2778} INFO - 0 downstream tasks scheduled from follow-on schedule check
